Component: ARM Compiler 5.06 update 7 (build 960) Tool: armlink [4d3601]

==============================================================================

Section Cross References

    system_xl32f0xx.o(i.$Sub$$main) refers to main.o(i.main) for $Super$$main
    system_xl32f0xx.o(i.$Sub$$main) refers to system_xl32f0xx.o(.ARM.__at_0x20000000) for VECT_SRAM_TAB
    system_xl32f0xx.o(i.SystemCoreClockUpdate) refers to uidiv.o(.text) for __aeabi_uidivmod
    system_xl32f0xx.o(i.SystemCoreClockUpdate) refers to system_xl32f0xx.o(.data) for SystemCoreClock
    system_xl32f0xx.o(i.SystemCoreClockUpdate) refers to system_xl32f0xx.o(.constdata) for HSIFreqTable
    startup_xl32f003x6.o(RESET) refers to startup_xl32f003x6.o(STACK) for __initial_sp
    startup_xl32f003x6.o(RESET) refers to startup_xl32f003x6.o(.text) for Reset_Handler
    startup_xl32f003x6.o(RESET) refers to xl32f0xx_it.o(i.NMI_Handler) for NMI_Handler
    startup_xl32f003x6.o(RESET) refers to xl32f0xx_it.o(i.HardFault_Handler) for HardFault_Handler
    startup_xl32f003x6.o(RESET) refers to xl32f0xx_it.o(i.SVC_Handler) for SVC_Handler
    startup_xl32f003x6.o(RESET) refers to xl32f0xx_it.o(i.PendSV_Handler) for PendSV_Handler
    startup_xl32f003x6.o(RESET) refers to xl32f0xx_it.o(i.SysTick_Handler) for SysTick_Handler
    startup_xl32f003x6.o(RESET) refers to bsp_driver.o(i.EXTI4_15_IRQHandler) for EXTI4_15_IRQHandler
    startup_xl32f003x6.o(RESET) refers to bsp_driver.o(i.ADC_COMP_IRQHandler) for ADC_COMP_IRQHandler
    startup_xl32f003x6.o(RESET) refers to bsp_driver.o(i.TIM1_BRK_UP_TRG_COM_IRQHandler) for TIM1_BRK_UP_TRG_COM_IRQHandler
    startup_xl32f003x6.o(RESET) refers to bsp_driver.o(i.USART2_IRQHandler) for USART2_IRQHandler
    startup_xl32f003x6.o(.text) refers to system_xl32f0xx.o(i.SystemInit) for SystemInit
    startup_xl32f003x6.o(.text) refers to entry.o(.ARM.Collect$$$$00000000) for __main
    main.o(i.SystemClock_Config) refers to xl32f0xx_ll_utils.o(i.LL_Init1msTick) for LL_Init1msTick
    main.o(i.SystemClock_Config) refers to xl32f0xx_ll_utils.o(i.LL_SetSystemCoreClock) for LL_SetSystemCoreClock
    main.o(i.main) refers to main.o(i.SystemClock_Config) for SystemClock_Config
    main.o(i.main) refers to bsp_driver.o(i.uart2_init) for uart2_init
    main.o(i.main) refers to bsp_driver.o(i.timer1_init) for timer1_init
    main.o(i.main) refers to bsp_driver.o(i.ADC_init) for ADC_init
    main.o(i.main) refers to bsp_driver.o(i.infrared_init) for infrared_init
    main.o(i.main) refers to modbus_user.o(i.MBS_MappingInit) for MBS_MappingInit
    main.o(i.main) refers to flash_driver.o(i.flash_page_erase) for flash_page_erase
    main.o(i.main) refers to bsp_driver.o(i.buzz_mode_set) for buzz_mode_set
    main.o(i.main) refers to bsp_driver.o(i.uart_send_data) for uart_send_data
    main.o(i.main) refers to app.o(i.System_Run) for System_Run
    main.o(i.millis) refers to bsp_driver.o(.data) for sys_ms
    xl32f0xx_it.o(i.SysTick_Handler) refers to bsp_driver.o(.data) for sys_ms
    xl32f0xx_it.o(i.SysTick_Handler) refers to bsp_driver.o(.bss) for buzz_buffer
    app.o(i.System_Run) refers to app.o(i.Task1_infrared_process) for Task1_infrared_process
    app.o(i.System_Run) refers to app.o(i.Task2_uart_process) for Task2_uart_process
    app.o(i.System_Run) refers to app.o(i.Task3_100ms_process) for Task3_100ms_process
    app.o(i.System_Run) refers to app.o(.data) for Infrared_pt
    app.o(i.Task1_infrared_process) refers to app.o(i.infrared_match) for infrared_match
    app.o(i.Task1_infrared_process) refers to bsp_driver.o(.bss) for infrared_state
    app.o(i.Task2_uart_process) refers to app.o(i.ymodem_data_process) for ymodem_data_process
    app.o(i.Task2_uart_process) refers to memcpya.o(.text) for __aeabi_memcpy
    app.o(i.Task2_uart_process) refers to modbus_core.o(i.MBS_CorePoll) for MBS_CorePoll
    app.o(i.Task2_uart_process) refers to bsp_driver.o(.bss) for uart_state
    app.o(i.Task2_uart_process) refers to ymodem.o(.bss) for ymodem_session
    app.o(i.Task2_uart_process) refers to modbus_core.o(.bss) for MBS_Buf
    app.o(i.Task3_100ms_process) refers to app.o(i.NVIC_SystemReset) for NVIC_SystemReset
    app.o(i.Task3_100ms_process) refers to bsp_driver.o(i.buzz_mode_set) for buzz_mode_set
    app.o(i.Task3_100ms_process) refers to bsp_driver.o(i.uart_send_data) for uart_send_data
    app.o(i.Task3_100ms_process) refers to uidiv.o(.text) for __aeabi_uidivmod
    app.o(i.Task3_100ms_process) refers to app.o(i.ymodem_timeout_process) for ymodem_timeout_process
    app.o(i.Task3_100ms_process) refers to bsp_driver.o(i.ADC_start) for ADC_start
    app.o(i.Task3_100ms_process) refers to main.o(i.tick_printf) for tick_printf
    app.o(i.Task3_100ms_process) refers to main.o(i.millis) for millis
    app.o(i.Task3_100ms_process) refers to modbus_core.o(.data) for mbs_has_data
    app.o(i.Task3_100ms_process) refers to app.o(.data) for mbs_err_cnt
[...]
    xl32f003xx_ll_start_kit.o(i.BSP_PB_Init) refers to xl32f003xx_ll_start_kit.o(.data) for BUTTON_PORT
    xl32f003xx_ll_start_kit.o(i.BSP_USART_Config) refers to xl32f003xx_ll_start_kit.o(i.LL_USART_SetBaudRate) for LL_USART_SetBaudRate
    xl32f003xx_ll_start_kit.o(i.BSP_USART_Config) refers to xl32f003xx_ll_start_kit.o(i.LL_IOP_GRP1_EnableClock) for LL_IOP_GRP1_EnableClock
    xl32f003xx_ll_start_kit.o(i.BSP_USART_Config) refers to xl32f003xx_ll_start_kit.o(i.LL_GPIO_SetPinMode) for LL_GPIO_SetPinMode
    xl32f003xx_ll_start_kit.o(i.BSP_USART_Config) refers to xl32f003xx_ll_start_kit.o(i.LL_GPIO_SetPinSpeed) for LL_GPIO_SetPinSpeed
    xl32f003xx_ll_start_kit.o(i.BSP_USART_Config) refers to xl32f003xx_ll_start_kit.o(i.LL_GPIO_SetPinPull) for LL_GPIO_SetPinPull
    xl32f003xx_ll_start_kit.o(i.BSP_USART_Config) refers to xl32f003xx_ll_start_kit.o(i.LL_GPIO_SetAFPin_0_7) for LL_GPIO_SetAFPin_0_7
    xl32f003xx_ll_start_kit.o(i.BSP_USART_Config) refers to system_xl32f0xx.o(.data) for SystemCoreClock
    xl32f003xx_ll_start_kit.o(i.LL_USART_SetBaudRate) refers to uidiv.o(.text) for __aeabi_uidivmod
    xl32f0xx_ll_exti.o(i.LL_EXTI_Init) refers to xl32f0xx_ll_exti.o(i.LL_EXTI_DisableEvent) for LL_EXTI_DisableEvent
    xl32f0xx_ll_exti.o(i.LL_EXTI_Init) refers to xl32f0xx_ll_exti.o(i.LL_EXTI_EnableIT) for LL_EXTI_EnableIT
    xl32f0xx_ll_exti.o(i.LL_EXTI_Init) refers to xl32f0xx_ll_exti.o(i.LL_EXTI_DisableIT) for LL_EXTI_DisableIT
    xl32f0xx_ll_exti.o(i.LL_EXTI_Init) refers to xl32f0xx_ll_exti.o(i.LL_EXTI_EnableEvent) for LL_EXTI_EnableEvent
    xl32f0xx_ll_exti.o(i.LL_EXTI_Init) refers to xl32f0xx_ll_exti.o(i.LL_EXTI_EnableRisingTrig) for LL_EXTI_EnableRisingTrig
    xl32f0xx_ll_exti.o(i.LL_EXTI_Init) refers to xl32f0xx_ll_exti.o(i.LL_EXTI_EnableFallingTrig) for LL_EXTI_EnableFallingTrig
    xl32f0xx_ll_gpio.o(i.LL_GPIO_DeInit) refers to xl32f0xx_ll_gpio.o(i.LL_IOP_GRP1_ForceReset) for LL_IOP_GRP1_ForceReset
    xl32f0xx_ll_gpio.o(i.LL_GPIO_DeInit) refers to xl32f0xx_ll_gpio.o(i.LL_IOP_GRP1_ReleaseReset) for LL_IOP_GRP1_ReleaseReset
    xl32f0xx_ll_rcc.o(i.LL_RCC_DeInit) refers to xl32f0xx_ll_rcc.o(i.LL_RCC_GetSysClkSource) for LL_RCC_GetSysClkSource
    xl32f0xx_ll_rcc.o(i.LL_RCC_DeInit) refers to xl32f0xx_ll_rcc.o(i.LL_RCC_HSE_IsReady) for LL_RCC_HSE_IsReady
    xl32f0xx_ll_rcc.o(i.LL_RCC_GetCOMPClockFreq) refers to xl32f0xx_ll_rcc.o(i.LL_RCC_GetCOMPClockSource) for LL_RCC_GetCOMPClockSource
    xl32f0xx_ll_rcc.o(i.LL_RCC_GetCOMPClockFreq) refers to xl32f0xx_ll_rcc.o(i.LL_RCC_GetLSCClockFreq) for LL_RCC_GetLSCClockFreq
    xl32f0xx_ll_rcc.o(i.LL_RCC_GetCOMPClockFreq) refers to xl32f0xx_ll_rcc.o(i.RCC_GetSystemClockFreq) for RCC_GetSystemClockFreq
    xl32f0xx_ll_rcc.o(i.LL_RCC_GetCOMPClockFreq) refers to xl32f0xx_ll_rcc.o(i.RCC_GetHCLKClockFreq) for RCC_GetHCLKClockFreq
    xl32f0xx_ll_rcc.o(i.LL_RCC_GetCOMPClockFreq) refers to xl32f0xx_ll_rcc.o(i.RCC_GetPCLK1ClockFreq) for RCC_GetPCLK1ClockFreq
    xl32f0xx_ll_rcc.o(i.LL_RCC_GetLPTIMClockFreq) refers to xl32f0xx_ll_rcc.o(i.LL_RCC_LSI_IsReady) for LL_RCC_LSI_IsReady
    xl32f0xx_ll_rcc.o(i.LL_RCC_GetLPTIMClockFreq) refers to xl32f0xx_ll_rcc.o(i.RCC_GetSystemClockFreq) for RCC_GetSystemClockFreq
    xl32f0xx_ll_rcc.o(i.LL_RCC_GetLPTIMClockFreq) refers to xl32f0xx_ll_rcc.o(i.RCC_GetHCLKClockFreq) for RCC_GetHCLKClockFreq
    xl32f0xx_ll_rcc.o(i.LL_RCC_GetLPTIMClockFreq) refers to xl32f0xx_ll_rcc.o(i.RCC_GetPCLK1ClockFreq) for RCC_GetPCLK1ClockFreq
    xl32f0xx_ll_rcc.o(i.LL_RCC_GetMCOClockFreq) refers to xl32f0xx_ll_rcc.o(i.LL_RCC_HSE_IsReady) for LL_RCC_HSE_IsReady
    xl32f0xx_ll_rcc.o(i.LL_RCC_GetMCOClockFreq) refers to xl32f0xx_ll_rcc.o(i.LL_RCC_LSI_IsReady) for LL_RCC_LSI_IsReady
    xl32f0xx_ll_rcc.o(i.LL_RCC_GetMCOClockFreq) refers to uidiv.o(.text) for __aeabi_uidivmod
    xl32f0xx_ll_rcc.o(i.LL_RCC_GetMCOClockFreq) refers to system_xl32f0xx.o(.data) for SystemCoreClock
    xl32f0xx_ll_rcc.o(i.LL_RCC_GetMCOClockFreq) refers to system_xl32f0xx.o(.constdata) for HSIFreqTable
    xl32f0xx_ll_rcc.o(i.LL_RCC_GetPVDClockFreq) refers to xl32f0xx_ll_rcc.o(i.LL_RCC_GetLSCClockFreq) for LL_RCC_GetLSCClockFreq
    xl32f0xx_ll_rcc.o(i.LL_RCC_GetPVDClockFreq) refers to xl32f0xx_ll_rcc.o(i.RCC_GetSystemClockFreq) for RCC_GetSystemClockFreq
    xl32f0xx_ll_rcc.o(i.LL_RCC_GetPVDClockFreq) refers to xl32f0xx_ll_rcc.o(i.RCC_GetHCLKClockFreq) for RCC_GetHCLKClockFreq
    xl32f0xx_ll_rcc.o(i.LL_RCC_GetPVDClockFreq) refers to xl32f0xx_ll_rcc.o(i.RCC_GetPCLK1ClockFreq) for RCC_GetPCLK1ClockFreq
    xl32f0xx_ll_rcc.o(i.LL_RCC_GetRTCClockFreq) refers to xl32f0xx_ll_rcc.o(i.LL_RCC_LSI_IsReady) for LL_RCC_LSI_IsReady
    xl32f0xx_ll_rcc.o(i.LL_RCC_GetRTCClockFreq) refers to xl32f0xx_ll_rcc.o(i.LL_RCC_HSE_IsReady) for LL_RCC_HSE_IsReady
    xl32f0xx_ll_rcc.o(i.LL_RCC_GetSystemClocksFreq) refers to xl32f0xx_ll_rcc.o(i.RCC_GetSystemClockFreq) for RCC_GetSystemClockFreq
    xl32f0xx_ll_rcc.o(i.LL_RCC_GetSystemClocksFreq) refers to xl32f0xx_ll_rcc.o(i.RCC_GetHCLKClockFreq) for RCC_GetHCLKClockFreq
    xl32f0xx_ll_rcc.o(i.LL_RCC_GetSystemClocksFreq) refers to xl32f0xx_ll_rcc.o(i.RCC_GetPCLK1ClockFreq) for RCC_GetPCLK1ClockFreq
    xl32f0xx_ll_rcc.o(i.RCC_GetHCLKClockFreq) refers to system_xl32f0xx.o(.constdata) for AHBPrescTable
    xl32f0xx_ll_rcc.o(i.RCC_GetPCLK1ClockFreq) refers to system_xl32f0xx.o(.constdata) for APBPrescTable
    xl32f0xx_ll_rcc.o(i.RCC_GetSystemClockFreq) refers to xl32f0xx_ll_rcc.o(i.LL_RCC_GetSysClkSource) for LL_RCC_GetSysClkSource
    xl32f0xx_ll_rcc.o(i.RCC_GetSystemClockFreq) refers to uidiv.o(.text) for __aeabi_uidivmod
    xl32f0xx_ll_rcc.o(i.RCC_GetSystemClockFreq) refers to system_xl32f0xx.o(.constdata) for HSIFreqTable
    xl32f0xx_ll_tim.o(i.LL_TIM_DeInit) refers to xl32f0xx_ll_tim.o(i.LL_APB1_GRP2_ForceReset) for LL_APB1_GRP2_ForceReset
    xl32f0xx_ll_tim.o(i.LL_TIM_DeInit) refers to xl32f0xx_ll_tim.o(i.LL_APB1_GRP2_ReleaseReset) for LL_APB1_GRP2_ReleaseReset
    xl32f0xx_ll_tim.o(i.LL_TIM_DeInit) refers to xl32f0xx_ll_tim.o(i.LL_APB1_GRP1_ForceReset) for LL_APB1_GRP1_ForceReset
    xl32f0xx_ll_tim.o(i.LL_TIM_DeInit) refers to xl32f0xx_ll_tim.o(i.LL_APB1_GRP1_ReleaseReset) for LL_APB1_GRP1_ReleaseReset
    xl32f0xx_ll_tim.o(i.LL_TIM_HALLSENSOR_Init) refers to xl32f0xx_ll_tim.o(i.LL_TIM_OC_SetCompareCH2) for LL_TIM_OC_SetCompareCH2
    xl32f0xx_ll_tim.o(i.LL_TIM_IC_Init) refers to xl32f0xx_ll_tim.o(i.IC1Config) for IC1Config
    xl32f0xx_ll_tim.o(i.LL_TIM_IC_Init) refers to xl32f0xx_ll_tim.o(i.IC2Config) for IC2Config
    xl32f0xx_ll_tim.o(i.LL_TIM_IC_Init) refers to xl32f0xx_ll_tim.o(i.IC3Config) for IC3Config
    xl32f0xx_ll_tim.o(i.LL_TIM_IC_Init) refers to xl32f0xx_ll_tim.o(i.IC4Config) for IC4Config
    xl32f0xx_ll_tim.o(i.LL_TIM_OC_Init) refers to xl32f0xx_ll_tim.o(i.OC1Config) for OC1Config
    xl32f0xx_ll_tim.o(i.LL_TIM_OC_Init) refers to xl32f0xx_ll_tim.o(i.OC2Config) for OC2Config
    xl32f0xx_ll_tim.o(i.LL_TIM_OC_Init) refers to xl32f0xx_ll_tim.o(i.OC3Config) for OC3Config
    xl32f0xx_ll_tim.o(i.LL_TIM_OC_Init) refers to xl32f0xx_ll_tim.o(i.OC4Config) for OC4Config
    xl32f0xx_ll_tim.o(i.OC2Config) refers to xl32f0xx_ll_tim.o(i.LL_TIM_OC_SetCompareCH2) for LL_TIM_OC_SetCompareCH2
    xl32f0xx_ll_usart.o(i.LL_USART_ClockInit) refers to xl32f0xx_ll_usart.o(i.LL_USART_IsEnabled) for LL_USART_IsEnabled
    xl32f0xx_ll_usart.o(i.LL_USART_Init) refers to xl32f0xx_ll_usart.o(i.LL_USART_IsEnabled) for LL_USART_IsEnabled
    xl32f0xx_ll_usart.o(i.LL_USART_Init) refers to xl32f0xx_ll_rcc.o(i.LL_RCC_GetSystemClocksFreq) for LL_RCC_GetSystemClocksFreq
    xl32f0xx_ll_usart.o(i.LL_USART_Init) refers to xl32f0xx_ll_usart.o(i.LL_USART_SetBaudRate) for LL_USART_SetBaudRate
    xl32f0xx_ll_usart.o(i.LL_USART_SetBaudRate) refers to uidiv.o(.text) for __aeabi_uidivmod
    xl32f0xx_ll_utils.o(i.LL_Init1msTick) refers to uidiv.o(.text) for __aeabi_uidivmod
    xl32f0xx_ll_utils.o(i.LL_SetSystemCoreClock) refers to system_xl32f0xx.o(.data) for SystemCoreClock
    bsp_driver.o(i.ADC_COMP_IRQHandler) refers to bsp_driver.o(i.APP_AdcGrpRegularUnitaryConvCompleteCallback) for APP_AdcGrpRegularUnitaryConvCompleteCallback
    bsp_driver.o(i.ADC_init) refers to bsp_driver.o(i.LL_IOP_GRP1_EnableClock) for LL_IOP_GRP1_EnableClock
    bsp_driver.o(i.ADC_init) refers to bsp_driver.o(i.LL_GPIO_SetPinMode) for LL_GPIO_SetPinMode
    bsp_driver.o(i.ADC_init) refers to bsp_driver.o(i.LL_APB1_GRP2_EnableClock) for LL_APB1_GRP2_EnableClock
    bsp_driver.o(i.ADC_init) refers to bsp_driver.o(i.LL_ADC_IsEnabled) for LL_ADC_IsEnabled
    bsp_driver.o(i.ADC_init) refers to bsp_driver.o(i.LL_ADC_SetResolution) for LL_ADC_SetResolution
    bsp_driver.o(i.ADC_init) refers to bsp_driver.o(i.NVIC_SetPriority) for NVIC_SetPriority
    bsp_driver.o(i.ADC_init) refers to bsp_driver.o(i.NVIC_EnableIRQ) for NVIC_EnableIRQ
    bsp_driver.o(i.ADC_start) refers to bsp_driver.o(i.LL_ADC_IsEnabled) for LL_ADC_IsEnabled
    bsp_driver.o(i.APP_AdcGrpRegularUnitaryConvCompleteCallback) refers to dflti.o(.text) for __aeabi_i2d
    bsp_driver.o(i.APP_AdcGrpRegularUnitaryConvCompleteCallback) refers to ddiv.o(.text) for __aeabi_ddiv
    bsp_driver.o(i.APP_AdcGrpRegularUnitaryConvCompleteCallback) refers to dmul.o(.text) for __aeabi_dmul
    bsp_driver.o(i.APP_AdcGrpRegularUnitaryConvCompleteCallback) refers to dfltui.o(.text) for __aeabi_ui2d
    bsp_driver.o(i.APP_AdcGrpRegularUnitaryConvCompleteCallback) refers to dadd.o(.text) for __aeabi_dadd
    bsp_driver.o(i.APP_AdcGrpRegularUnitaryConvCompleteCallback) refers to dfixui.o(.text) for __aeabi_d2uiz
    bsp_driver.o(i.APP_AdcGrpRegularUnitaryConvCompleteCallback) refers to bsp_driver.o(.constdata) for TAB_WENDU_10K
    bsp_driver.o(i.APP_AdcGrpRegularUnitaryConvCompleteCallback) refers to bsp_driver.o(.data) for temperature
    bsp_driver.o(i.APP_AdcGrpRegularUnitaryConvCompleteCallback) refers to modbus_user.o(.bss) for mbsHoldRegValue
    bsp_driver.o(i.EXTI4_15_IRQHandler) refers to bsp_driver.o(.data) for sys_100us
    bsp_driver.o(i.EXTI4_15_IRQHandler) refers to bsp_driver.o(.bss) for infrared_state
    bsp_driver.o(i.TIM1_BRK_UP_TRG_COM_IRQHandler) refers to bsp_driver.o(.data) for sys_100us
    bsp_driver.o(i.TIM1_BRK_UP_TRG_COM_IRQHandler) refers to bsp_driver.o(.bss) for uart_state
    bsp_driver.o(i.USART2_IRQHandler) refers to bsp_driver.o(.bss) for uart_state
    bsp_driver.o(i.buzz_mode_set) refers to memseta.o(.text) for __aeabi_memclr
    bsp_driver.o(i.buzz_mode_set) refers to bsp_driver.o(.data) for buzz_index
    bsp_driver.o(i.buzz_mode_set) refers to bsp_driver.o(.bss) for buzz_buffer
    bsp_driver.o(i.infrared_init) refers to bsp_driver.o(i.LL_IOP_GRP1_EnableClock) for LL_IOP_GRP1_EnableClock
    bsp_driver.o(i.infrared_init) refers to bsp_driver.o(i.LL_GPIO_SetPinMode) for LL_GPIO_SetPinMode
    bsp_driver.o(i.infrared_init) refers to xl32f0xx_ll_exti.o(i.LL_EXTI_Init) for LL_EXTI_Init
    bsp_driver.o(i.infrared_init) refers to bsp_driver.o(i.NVIC_SetPriority) for NVIC_SetPriority
    bsp_driver.o(i.infrared_init) refers to bsp_driver.o(i.NVIC_EnableIRQ) for NVIC_EnableIRQ
    bsp_driver.o(i.timer1_init) refers to bsp_driver.o(i.LL_APB1_GRP2_EnableClock) for LL_APB1_GRP2_EnableClock
    bsp_driver.o(i.timer1_init) refers to memseta.o(.text) for __aeabi_memclr4
    bsp_driver.o(i.timer1_init) refers to xl32f0xx_ll_tim.o(i.LL_TIM_Init) for LL_TIM_Init
    bsp_driver.o(i.timer1_init) refers to xl32f0xx_ll_gpio.o(i.LL_GPIO_Init) for LL_GPIO_Init
    bsp_driver.o(i.timer1_init) refers to bsp_driver.o(i.NVIC_EnableIRQ) for NVIC_EnableIRQ
    bsp_driver.o(i.timer1_init) refers to bsp_driver.o(i.NVIC_SetPriority) for NVIC_SetPriority
    bsp_driver.o(i.uart2_init) refers to bsp_driver.o(i.LL_IOP_GRP1_EnableClock) for LL_IOP_GRP1_EnableClock
    bsp_driver.o(i.uart2_init) refers to bsp_driver.o(i.LL_GPIO_SetPinMode) for LL_GPIO_SetPinMode
    bsp_driver.o(i.uart2_init) refers to xl32f0xx_ll_gpio.o(i.LL_GPIO_Init) for LL_GPIO_Init
    bsp_driver.o(i.uart2_init) refers to bsp_driver.o(i.NVIC_SetPriority) for NVIC_SetPriority
    bsp_driver.o(i.uart2_init) refers to bsp_driver.o(i.NVIC_EnableIRQ) for NVIC_EnableIRQ
    bsp_driver.o(i.uart2_init) refers to xl32f0xx_ll_usart.o(i.LL_USART_Init) for LL_USART_Init
    bsp_driver.o(i.uart_send_data) refers to xl32f0xx_ll_utils.o(i.LL_mDelay) for LL_mDelay
    flash_driver.o(i.WaitForLastOperation) refers to bsp_driver.o(.data) for sys_ms
    flash_driver.o(i.flash_lock) refers to main.o(i.tick_printf) for tick_printf
    flash_driver.o(i.flash_lock) refers to flash_driver.o(.constdata) for __func__
    flash_driver.o(i.flash_page_erase) refers to flash_driver.o(i.flash_unlock) for flash_unlock
    flash_driver.o(i.flash_program_bytes) refers to flash_driver.o(i.flash_unlock) for flash_unlock
    flash_driver.o(i.flash_program_bytes) refers to memseta.o(.text) for __aeabi_memclr4
    flash_driver.o(i.flash_program_bytes) refers to memcpya.o(.text) for __aeabi_memcpy
    flash_driver.o(i.flash_program_bytes) refers to flash_driver.o(.RamFunc) for FLASH_Program_Page
    flash_driver.o(i.flash_program_bytes) refers to flash_driver.o(i.flash_lock) for flash_lock
    flash_driver.o(i.flash_program_bytes) refers to flash_driver.o(.bss) for flash_write_buf
    flash_driver.o(i.flash_unlock) refers to main.o(i.tick_printf) for tick_printf
    flash_driver.o(i.flash_unlock) refers to flash_driver.o(.constdata) for __func__
    modbus_core.o(i.MBS_CoreAnalyze) refers to modbus_hook.o(i.MBS_Function01H) for MBS_Function01H
    modbus_core.o(i.MBS_CoreAnalyze) refers to modbus_hook.o(i.MBS_Function03H) for MBS_Function03H
    modbus_core.o(i.MBS_CoreAnalyze) refers to modbus_hook.o(i.MBS_Function05H) for MBS_Function05H
    modbus_core.o(i.MBS_CoreAnalyze) refers to modbus_hook.o(i.MBS_Function06H) for MBS_Function06H
    modbus_core.o(i.MBS_CoreAnalyze) refers to modbus_hook.o(i.MBS_Function0FH) for MBS_Function0FH
    modbus_core.o(i.MBS_CoreAnalyze) refers to modbus_hook.o(i.MBS_Function10H) for MBS_Function10H
    modbus_core.o(i.MBS_CoreAnalyze) refers to modbus_core.o(i.MBS_PortSendAck) for MBS_PortSendAck
    modbus_core.o(i.MBS_CoreAnalyze) refers to modbus_core.o(.bss) for MBS_Buf
    modbus_core.o(i.MBS_CorePoll) refers to modbus_crc.o(i.mb_crc16) for mb_crc16
    modbus_core.o(i.MBS_CorePoll) refers to modbus_core.o(i.MBS_CoreAnalyze) for MBS_CoreAnalyze
    modbus_core.o(i.MBS_CorePoll) refers to modbus_core.o(.bss) for MBS_Buf
    modbus_core.o(i.MBS_CorePoll) refers to modbus_core.o(.data) for mbs_has_data
    modbus_core.o(i.MBS_PhysicalSendBuff) refers to bsp_driver.o(i.uart_send_data) for uart_send_data
    modbus_core.o(i.MBS_PortSendAck) refers to modbus_core.o(i.MBS_PortSendWithCRC) for MBS_PortSendWithCRC
    modbus_core.o(i.MBS_PortSendAck) refers to modbus_core.o(.bss) for MBS_Buf
    modbus_core.o(i.MBS_PortSendWithCRC) refers to modbus_crc.o(i.mb_crc16) for mb_crc16
    modbus_core.o(i.MBS_PortSendWithCRC) refers to modbus_core.o(i.MBS_PhysicalSendBuff) for MBS_PhysicalSendBuff
    modbus_crc.o(i.mb_crc16) refers to modbus_crc.o(.constdata) for TblCRCHi
    modbus_hook.o(i.MBS_Function01H) refers to memseta.o(.text) for __aeabi_memclr4
    modbus_hook.o(i.MBS_Function01H) refers to modbus_core.o(i.MBS_PortSendAck) for MBS_PortSendAck
    modbus_hook.o(i.MBS_Function01H) refers to modbus_user.o(i.MBS_MemReadCoilState) for MBS_MemReadCoilState
    modbus_hook.o(i.MBS_Function01H) refers to modbus_core.o(i.MBS_PortSendWithCRC) for MBS_PortSendWithCRC
    modbus_hook.o(i.MBS_Function01H) refers to modbus_core.o(.bss) for MBS_Buf
    modbus_hook.o(i.MBS_Function01H) refers to modbus_user.o(.data) for mbsCoil
    modbus_hook.o(i.MBS_Function01H) refers to modbus_user.o(.bss) for mbsCoilValue
    modbus_hook.o(i.MBS_Function03H) refers to modbus_core.o(i.MBS_PortSendAck) for MBS_PortSendAck
    modbus_hook.o(i.MBS_Function03H) refers to modbus_user.o(i.MBS_MemReadHoldRegValue) for MBS_MemReadHoldRegValue
    modbus_hook.o(i.MBS_Function03H) refers to modbus_core.o(i.MBS_PortSendWithCRC) for MBS_PortSendWithCRC
    modbus_hook.o(i.MBS_Function03H) refers to modbus_core.o(.bss) for MBS_Buf
    modbus_hook.o(i.MBS_Function03H) refers to modbus_user.o(.data) for mbsHoldReg
    modbus_hook.o(i.MBS_Function05H) refers to modbus_core.o(i.MBS_PortSendAck) for MBS_PortSendAck
    modbus_hook.o(i.MBS_Function05H) refers to modbus_user.o(i.MBS_MemWriteCoilState) for MBS_MemWriteCoilState
    modbus_hook.o(i.MBS_Function05H) refers to modbus_core.o(.bss) for MBS_Buf
    modbus_hook.o(i.MBS_Function05H) refers to modbus_user.o(.data) for mbsCoil
    modbus_hook.o(i.MBS_Function06H) refers to modbus_core.o(i.MBS_PortSendAck) for MBS_PortSendAck
    modbus_hook.o(i.MBS_Function06H) refers to modbus_user.o(i.MBS_MemWriteHoldRegValue) for MBS_MemWriteHoldRegValue
    modbus_hook.o(i.MBS_Function06H) refers to modbus_core.o(.bss) for MBS_Buf
    modbus_hook.o(i.MBS_Function06H) refers to modbus_user.o(.data) for mbsHoldReg
    modbus_hook.o(i.MBS_Function0FH) refers to modbus_core.o(i.MBS_PortSendAck) for MBS_PortSendAck
    modbus_hook.o(i.MBS_Function0FH) refers to modbus_user.o(i.MBS_MemWriteCoilsState) for MBS_MemWriteCoilsState
    modbus_hook.o(i.MBS_Function0FH) refers to modbus_core.o(.bss) for MBS_Buf
    modbus_hook.o(i.MBS_Function0FH) refers to modbus_user.o(.data) for mbsCoil
    modbus_hook.o(i.MBS_Function10H) refers to modbus_core.o(i.MBS_PortSendAck) for MBS_PortSendAck
    modbus_hook.o(i.MBS_Function10H) refers to modbus_user.o(i.MBS_MemWriteHoldRegValue) for MBS_MemWriteHoldRegValue
    modbus_hook.o(i.MBS_Function10H) refers to modbus_core.o(.bss) for MBS_Buf
    modbus_hook.o(i.MBS_Function10H) refers to modbus_user.o(.data) for mbsHoldReg
    modbus_user.o(i.MBS_MappingInit) refers to modbus_user.o(i.MBS_MappingCoilInit) for MBS_MappingCoilInit
    modbus_user.o(i.MBS_MappingInit) refers to modbus_user.o(i.MBS_MappingHoldRegInit) for MBS_MappingHoldRegInit
    modbus_user.o(i.MBS_MappingInit) refers to modbus_user.o(.data) for mbsCoil
    modbus_user.o(i.MBS_MappingInit) refers to modbus_user.o(.bss) for mbsCoilValue
    modbus_user.o(i.MBS_MemReadCoilState) refers to modbus_user.o(.bss) for mbsCoilValue
    modbus_user.o(i.MBS_MemReadHoldRegValue) refers to modbus_user.o(.bss) for mbsHoldRegValue
    modbus_user.o(i.MBS_MemWriteCoilState) refers to modbus_user.o(.bss) for mbsCoilValue
    modbus_user.o(i.MBS_MemWriteCoilsState) refers to modbus_user.o(.bss) for mbsCoilValue
    modbus_user.o(i.MBS_MemWriteHoldRegValue) refers to modbus_user.o(.bss) for mbsHoldRegValue
    modbus_user.o(.data) refers to modbus_user.o(.bss) for mbsCoilValue
    entry.o(.ARM.Collect$$$$00000000) refers (Special) to entry10a.o(.ARM.Collect$$$$0000000F) for __rt_final_cpp
    entry.o(.ARM.Collect$$$$00000000) refers (Special) to entry11a.o(.ARM.Collect$$$$00000011) for __rt_final_exit
    entry.o(.ARM.Collect$$$$00000000) refers (Special) to entry12b.o(.ARM.Collect$$$$0000000E) for __rt_lib_shutdown_fini
    entry.o(.ARM.Collect$$$$00000000) refers (Special) to entry7b.o(.ARM.Collect$$$$00000008) for _main_clock
    entry.o(.ARM.Collect$$$$00000000) refers (Special) to entry8b.o(.ARM.Collect$$$$0000000A) for _main_cpp_init
    entry.o(.ARM.Collect$$$$00000000) refers (Special) to entry9a.o(.ARM.Collect$$$$0000000B) for _main_init
    entry.o(.ARM.Collect$$$$00000000) refers (Special) to entry5.o(.ARM.Collect$$$$00000004) for _main_scatterload
    entry.o(.ARM.Collect$$$$00000000) refers (Special) to entry2.o(.ARM.Collect$$$$00000001) for _main_stk
    dadd.o(.text) refers (Special) to iusefp.o(.text) for __I$use$fp
    dadd.o(.text) refers to llshl.o(.text) for __aeabi_llsl
    dadd.o(.text) refers to llsshr.o(.text) for __aeabi_lasr
    dadd.o(.text) refers to depilogue.o(.text) for _double_epilogue
    dmul.o(.text) refers (Special) to iusefp.o(.text) for __I$use$fp
    dmul.o(.text) refers to depilogue.o(.text) for _double_epilogue
    ddiv.o(.text) refers (Special) to iusefp.o(.text) for __I$use$fp
    ddiv.o(.text) refers to depilogue.o(.text) for _double_round
    dflti.o(.text) refers (Special) to iusefp.o(.text) for __I$use$fp
    dflti.o(.text) refers to depilogue.o(.text) for _double_epilogue
    dfltui.o(.text) refers (Special) to iusefp.o(.text) for __I$use$fp
    dfltui.o(.text) refers to depilogue.o(.text) for _double_epilogue
    dfixui.o(.text) refers (Special) to iusefp.o(.text) for __I$use$fp
    dfixui.o(.text) refers to llushr.o(.text) for __aeabi_llsr
    entry2.o(.ARM.Collect$$$$00000001) refers to entry2.o(.ARM.Collect$$$$00002712) for __lit__00000000
    entry2.o(.ARM.Collect$$$$00002712) refers to startup_xl32f003x6.o(STACK) for __initial_sp
    entry2.o(__vectab_stack_and_reset_area) refers to startup_xl32f003x6.o(STACK) for __initial_sp
    entry2.o(__vectab_stack_and_reset_area) refers to entry.o(.ARM.Collect$$$$00000000) for __main
    entry5.o(.ARM.Collect$$$$00000004) refers to init.o(.text) for __scatterload
    entry9a.o(.ARM.Collect$$$$0000000B) refers to system_xl32f0xx.o(i.$Sub$$main) for main
    entry9b.o(.ARM.Collect$$$$0000000C) refers to system_xl32f0xx.o(i.$Sub$$main) for main
    depilogue.o(.text) refers to depilogue.o(i.__ARM_clz) for __ARM_clz
    depilogue.o(.text) refers to llshl.o(.text) for __aeabi_llsl
    depilogue.o(.text) refers to llushr.o(.text) for __aeabi_llsr
    init.o(.text) refers to entry5.o(.ARM.Collect$$$$00000004) for __main_after_scatterload


==============================================================================

Removing Unused input sections from the image.

    Removing system_xl32f0xx.o(.rev16_text), (4 bytes).
    Removing system_xl32f0xx.o(.revsh_text), (4 bytes).
    Removing system_xl32f0xx.o(i.SystemCoreClockUpdate), (140 bytes).
    Removing startup_xl32f003x6.o(HEAP), (0 bytes).
    Removing main.o(.rev16_text), (4 bytes).
    Removing main.o(.revsh_text), (4 bytes).
    Removing main.o(i.Error_Handler), (4 bytes).
    Removing main.o(.constdata), (38 bytes).
    Removing xl32f0xx_it.o(.rev16_text), (4 bytes).
    Removing xl32f0xx_it.o(.revsh_text), (4 bytes).
    Removing xl32f0xx_it.o(.constdata), (38 bytes).
    Removing app.o(.rev16_text), (4 bytes).
    Removing app.o(.revsh_text), (4 bytes).
    Removing ymodem.o(.rev16_text), (4 bytes).
    Removing ymodem.o(.revsh_text), (4 bytes).
    Removing ymodem.o(i.ymodem_init), (24 bytes).
    Removing xl32f003xx_ll_start_kit.o(.rev16_text), (4 bytes).
    Removing xl32f003xx_ll_start_kit.o(.revsh_text), (4 bytes).
    Removing xl32f003xx_ll_start_kit.o(i.BSP_GetVersion), (6 bytes).
    Removing xl32f003xx_ll_start_kit.o(i.BSP_LED_DeInit), (48 bytes).
    Removing xl32f003xx_ll_start_kit.o(i.BSP_LED_Init), (60 bytes).
    Removing xl32f003xx_ll_start_kit.o(i.BSP_LED_Off), (32 bytes).
    Removing xl32f003xx_ll_start_kit.o(i.BSP_LED_On), (32 bytes).
    Removing xl32f003xx_ll_start_kit.o(i.BSP_LED_Toggle), (32 bytes).
    Removing xl32f003xx_ll_start_kit.o(i.BSP_PB_DeInit), (60 bytes).
    Removing xl32f003xx_ll_start_kit.o(i.BSP_PB_GetState), (44 bytes).
    Removing xl32f003xx_ll_start_kit.o(i.BSP_PB_Init), (160 bytes).
    Removing xl32f003xx_ll_start_kit.o(i.BSP_USART_Config), (288 bytes).
    Removing xl32f003xx_ll_start_kit.o(i.LL_GPIO_ResetOutputPin), (4 bytes).
    Removing xl32f003xx_ll_start_kit.o(i.LL_GPIO_SetAFPin_0_7), (36 bytes).
    Removing xl32f003xx_ll_start_kit.o(i.LL_GPIO_SetOutputPin), (4 bytes).
    Removing xl32f003xx_ll_start_kit.o(i.LL_GPIO_SetPinMode), (26 bytes).
    Removing xl32f003xx_ll_start_kit.o(i.LL_GPIO_SetPinPull), (26 bytes).
    Removing xl32f003xx_ll_start_kit.o(i.LL_GPIO_SetPinSpeed), (26 bytes).
    Removing xl32f003xx_ll_start_kit.o(i.LL_IOP_GRP1_EnableClock), (28 bytes).
    Removing xl32f003xx_ll_start_kit.o(i.LL_USART_SetBaudRate), (306 bytes).
    Removing xl32f003xx_ll_start_kit.o(i.NVIC_SetPriority), (120 bytes).
    Removing xl32f003xx_ll_start_kit.o(i.fgetc), (36 bytes).
    Removing xl32f003xx_ll_start_kit.o(i.fputc), (44 bytes).
    Removing xl32f003xx_ll_start_kit.o(.constdata), (16 bytes).
    Removing xl32f003xx_ll_start_kit.o(.data), (8 bytes).
    Removing xl32f0xx_ll_exti.o(.rev16_text), (4 bytes).
    Removing xl32f0xx_ll_exti.o(.revsh_text), (4 bytes).
    Removing xl32f0xx_ll_exti.o(i.LL_EXTI_DeInit), (40 bytes).
    Removing xl32f0xx_ll_exti.o(i.LL_EXTI_StructInit), (14 bytes).
    Removing xl32f0xx_ll_gpio.o(.rev16_text), (4 bytes).
    Removing xl32f0xx_ll_gpio.o(.revsh_text), (4 bytes).
    Removing xl32f0xx_ll_gpio.o(i.LL_GPIO_DeInit), (84 bytes).
    Removing xl32f0xx_ll_gpio.o(i.LL_GPIO_StructInit), (24 bytes).
    Removing xl32f0xx_ll_gpio.o(i.LL_IOP_GRP1_ForceReset), (16 bytes).
    Removing xl32f0xx_ll_gpio.o(i.LL_IOP_GRP1_ReleaseReset), (16 bytes).
    Removing xl32f0xx_ll_rcc.o(.rev16_text), (4 bytes).
    Removing xl32f0xx_ll_rcc.o(.revsh_text), (4 bytes).
    Removing xl32f0xx_ll_rcc.o(i.LL_RCC_DeInit), (132 bytes).
    Removing xl32f0xx_ll_rcc.o(i.LL_RCC_GetCOMPClockFreq), (118 bytes).
    Removing xl32f0xx_ll_rcc.o(i.LL_RCC_GetCOMPClockSource), (20 bytes).
    Removing xl32f0xx_ll_rcc.o(i.LL_RCC_GetLPTIMClockFreq), (92 bytes).
    Removing xl32f0xx_ll_rcc.o(i.LL_RCC_GetLSCClockFreq), (6 bytes).
    Removing xl32f0xx_ll_rcc.o(i.LL_RCC_GetMCOClockFreq), (180 bytes).
    Removing xl32f0xx_ll_rcc.o(i.LL_RCC_GetPVDClockFreq), (64 bytes).
    Removing xl32f0xx_ll_rcc.o(i.LL_RCC_GetRTCClockFreq), (88 bytes).
    Removing xl32f0xx_ll_rcc.o(i.LL_RCC_HSE_IsReady), (20 bytes).
    Removing xl32f0xx_ll_rcc.o(i.LL_RCC_LSI_IsReady), (16 bytes).
    Removing xl32f0xx_ll_tim.o(.rev16_text), (4 bytes).
    Removing xl32f0xx_ll_tim.o(.revsh_text), (4 bytes).
    Removing xl32f0xx_ll_tim.o(i.IC1Config), (54 bytes).
    Removing xl32f0xx_ll_tim.o(i.IC2Config), (58 bytes).
    Removing xl32f0xx_ll_tim.o(i.IC3Config), (62 bytes).
    Removing xl32f0xx_ll_tim.o(i.IC4Config), (64 bytes).
    Removing xl32f0xx_ll_tim.o(i.LL_APB1_GRP1_ForceReset), (16 bytes).
    Removing xl32f0xx_ll_tim.o(i.LL_APB1_GRP1_ReleaseReset), (16 bytes).
    Removing xl32f0xx_ll_tim.o(i.LL_APB1_GRP2_ForceReset), (16 bytes).
    Removing xl32f0xx_ll_tim.o(i.LL_APB1_GRP2_ReleaseReset), (16 bytes).
    Removing xl32f0xx_ll_tim.o(i.LL_TIM_BDTR_Init), (114 bytes).
    Removing xl32f0xx_ll_tim.o(i.LL_TIM_BDTR_StructInit), (18 bytes).
    Removing xl32f0xx_ll_tim.o(i.LL_TIM_DeInit), (140 bytes).
    Removing xl32f0xx_ll_tim.o(i.LL_TIM_ENCODER_Init), (110 bytes).
    Removing xl32f0xx_ll_tim.o(i.LL_TIM_ENCODER_StructInit), (36 bytes).
    Removing xl32f0xx_ll_tim.o(i.LL_TIM_HALLSENSOR_Init), (142 bytes).
    Removing xl32f0xx_ll_tim.o(i.LL_TIM_HALLSENSOR_StructInit), (12 bytes).
    Removing xl32f0xx_ll_tim.o(i.LL_TIM_IC_Init), (92 bytes).
    Removing xl32f0xx_ll_tim.o(i.LL_TIM_IC_StructInit), (18 bytes).
    Removing xl32f0xx_ll_tim.o(i.LL_TIM_OC_Init), (92 bytes).
    Removing xl32f0xx_ll_tim.o(i.LL_TIM_OC_SetCompareCH2), (4 bytes).
    Removing xl32f0xx_ll_tim.o(i.LL_TIM_OC_StructInit), (20 bytes).
    Removing xl32f0xx_ll_tim.o(i.LL_TIM_StructInit), (18 bytes).
    Removing xl32f0xx_ll_tim.o(i.OC1Config), (160 bytes).
    Removing xl32f0xx_ll_tim.o(i.OC2Config), (188 bytes).
    Removing xl32f0xx_ll_tim.o(i.OC3Config), (180 bytes).
    Removing xl32f0xx_ll_tim.o(i.OC4Config), (140 bytes).
    Removing xl32f0xx_ll_tim.o(.constdata), (35 bytes).
    Removing xl32f0xx_ll_usart.o(.rev16_text), (4 bytes).
    Removing xl32f0xx_ll_usart.o(.revsh_text), (4 bytes).
    Removing xl32f0xx_ll_usart.o(i.LL_USART_ClockInit), (74 bytes).
    Removing xl32f0xx_ll_usart.o(i.LL_USART_ClockStructInit), (12 bytes).
    Removing xl32f0xx_ll_usart.o(i.LL_USART_DeInit), (96 bytes).
    Removing xl32f0xx_ll_usart.o(i.LL_USART_StructInit), (26 bytes).
    Removing xl32f0xx_ll_utils.o(.rev16_text), (4 bytes).
    Removing xl32f0xx_ll_utils.o(.revsh_text), (4 bytes).
    Removing xl32f0xx_ll_utils.o(i.LL_SetFlashLatency), (100 bytes).
    Removing bsp_driver.o(.rev16_text), (4 bytes).
    Removing bsp_driver.o(.revsh_text), (4 bytes).
    Removing bsp_driver.o(i.IWDG_Config), (128 bytes).
    Removing flash_driver.o(.rev16_text), (4 bytes).
    Removing flash_driver.o(.revsh_text), (4 bytes).
    Removing flash_driver.o(.RamFunc), (84 bytes).
    Removing flash_driver.o(i.JumpToApp), (36 bytes).
    Removing flash_driver.o(i.WaitForLastOperation), (64 bytes).
    Removing flash_driver.o(i.flash_lock), (76 bytes).
    Removing flash_driver.o(i.flash_program_bytes), (124 bytes).
    Removing flash_driver.o(.bss), (128 bytes).
    Removing modbus_core.o(.rev16_text), (4 bytes).
    Removing modbus_core.o(.revsh_text), (4 bytes).
    Removing modbus_core.o(.constdata), (38 bytes).
    Removing modbus_hook.o(.rev16_text), (4 bytes).
    Removing modbus_hook.o(.revsh_text), (4 bytes).
    Removing modbus_hook.o(.constdata), (38 bytes).
    Removing modbus_user.o(.rev16_text), (4 bytes).
    Removing modbus_user.o(.revsh_text), (4 bytes).
    Removing modbus_user.o(.constdata), (38 bytes).

120 unused section(s) (total 5635 bytes) removed from the image.

==============================================================================

Image Symbol Table

    Local Symbols

    Symbol Name                              Value     Ov Type        Size  Object(Section)

    ../clib/../cmprslib/zerorunl.c           0x00000000   Number         0  __dczerorl.o ABSOLUTE
    ../clib/microlib/division.c              0x00000000   Number         0  uidiv.o ABSOLUTE
    ../clib/microlib/init/entry.s            0x00000000   Number         0  entry11a.o ABSOLUTE
    ../clib/microlib/init/entry.s            0x00000000   Number         0  entry12b.o ABSOLUTE
    ../clib/microlib/init/entry.s            0x00000000   Number         0  entry12a.o ABSOLUTE
    ../clib/microlib/init/entry.s            0x00000000   Number         0  entry11b.o ABSOLUTE
    ../clib/microlib/init/entry.s            0x00000000   Number         0  entry.o ABSOLUTE
    ../clib/microlib/init/entry.s            0x00000000   Number         0  entry2.o ABSOLUTE
    ../clib/microlib/init/entry.s            0x00000000   Number         0  entry10b.o ABSOLUTE
    ../clib/microlib/init/entry.s            0x00000000   Number         0  entry5.o ABSOLUTE
    ../clib/microlib/init/entry.s            0x00000000   Number         0  entry10a.o ABSOLUTE
    ../clib/microlib/init/entry.s            0x00000000   Number         0  entry9b.o ABSOLUTE
    ../clib/microlib/init/entry.s            0x00000000   Number         0  entry7a.o ABSOLUTE
    ../clib/microlib/init/entry.s            0x00000000   Number         0  entry9a.o ABSOLUTE
    ../clib/microlib/init/entry.s            0x00000000   Number         0  entry7b.o ABSOLUTE
    ../clib/microlib/init/entry.s            0x00000000   Number         0  entry8b.o ABSOLUTE
    ../clib/microlib/init/entry.s            0x00000000   Number         0  entry8a.o ABSOLUTE
    ../clib/microlib/longlong.c              0x00000000   Number         0  llsshr.o ABSOLUTE
    ../clib/microlib/longlong.c              0x00000000   Number         0  llushr.o ABSOLUTE
    ../clib/microlib/longlong.c              0x00000000   Number         0  llshl.o ABSOLUTE
    ../clib/microlib/string/memcpy.c         0x00000000   Number         0  memcpya.o ABSOLUTE
    ../clib/microlib/string/memcpy.c         0x00000000   Number         0  memcpyb.o ABSOLUTE
    ../clib/microlib/string/memset.c         0x00000000   Number         0  memseta.o ABSOLUTE
    ../clib/microlib/stubs.s                 0x00000000   Number         0  iusefp.o ABSOLUTE
    ../fplib/microlib/fpadd.c                0x00000000   Number         0  dadd.o ABSOLUTE
    ../fplib/microlib/fpdiv.c                0x00000000   Number         0  ddiv.o ABSOLUTE
    ../fplib/microlib/fpepilogue.c           0x00000000   Number         0  depilogue.o ABSOLUTE
    ../fplib/microlib/fpfix.c                0x00000000   Number         0  dfixui.o ABSOLUTE
    ../fplib/microlib/fpflt.c                0x00000000   Number         0  dflti.o ABSOLUTE
    ../fplib/microlib/fpflt.c                0x00000000   Number         0  dfltui.o ABSOLUTE
    ../fplib/microlib/fpmul.c                0x00000000   Number         0  dmul.o ABSOLUTE
    ..\APP\app.c                             0x00000000   Number         0  app.o ABSOLUTE
    ..\APP\bsp_driver.c                      0x00000000   Number         0  bsp_driver.o ABSOLUTE
    ..\APP\flash_driver.c                    0x00000000   Number         0  flash_driver.o ABSOLUTE
    ..\Drivers\BSP\XL32F003xx_Start_Kit\xl32f003xx_ll_Start_Kit.c 0x00000000   Number         0  xl32f003xx_ll_start_kit.o ABSOLUTE
    ..\Drivers\CMSIS\Device\XL32F0xx\Source\arm\startup_xl32f003x6.s 0x00000000   Number         0  startup_xl32f003x6.o ABSOLUTE
    ..\Drivers\CMSIS\Device\XL32F0xx\Source\system_xl32f0xx.c 0x00000000   Number         0  system_xl32f0xx.o ABSOLUTE
    ..\Drivers\XL32F0xx_HAL_Driver\Src\xl32f0xx_ll_exti.c 0x00000000   Number         0  xl32f0xx_ll_exti.o ABSOLUTE
    ..\Drivers\XL32F0xx_HAL_Driver\Src\xl32f0xx_ll_gpio.c 0x00000000   Number         0  xl32f0xx_ll_gpio.o ABSOLUTE
    ..\Drivers\XL32F0xx_HAL_Driver\Src\xl32f0xx_ll_rcc.c 0x00000000   Number         0  xl32f0xx_ll_rcc.o ABSOLUTE
    ..\Drivers\XL32F0xx_HAL_Driver\Src\xl32f0xx_ll_tim.c 0x00000000   Number         0  xl32f0xx_ll_tim.o ABSOLUTE
    ..\Drivers\XL32F0xx_HAL_Driver\Src\xl32f0xx_ll_usart.c 0x00000000   Number         0  xl32f0xx_ll_usart.o ABSOLUTE
    ..\Drivers\XL32F0xx_HAL_Driver\Src\xl32f0xx_ll_utils.c 0x00000000   Number         0  xl32f0xx_ll_utils.o ABSOLUTE
    ..\Src\main.c                            0x00000000   Number         0  main.o ABSOLUTE
    ..\Src\xl32f0xx_it.c                     0x00000000   Number         0  xl32f0xx_it.o ABSOLUTE
    ..\\APP\\app.c                           0x00000000   Number         0  app.o ABSOLUTE
    ..\\APP\\bsp_driver.c                    0x00000000   Number         0  bsp_driver.o ABSOLUTE
    ..\\APP\\flash_driver.c                  0x00000000   Number         0  flash_driver.o ABSOLUTE
    ..\\Drivers\\BSP\\XL32F003xx_Start_Kit\\xl32f003xx_ll_Start_Kit.c 0x00000000   Number         0  xl32f003xx_ll_start_kit.o ABSOLUTE
    ..\\Drivers\\CMSIS\\Device\\XL32F0xx\\Source\\system_xl32f0xx.c 0x00000000   Number         0  system_xl32f0xx.o ABSOLUTE
    ..\\Drivers\\XL32F0xx_HAL_Driver\\Src\\xl32f0xx_ll_exti.c 0x00000000   Number         0  xl32f0xx_ll_exti.o ABSOLUTE
    ..\\Drivers\\XL32F0xx_HAL_Driver\\Src\\xl32f0xx_ll_gpio.c 0x00000000   Number         0  xl32f0xx_ll_gpio.o ABSOLUTE
    ..\\Drivers\\XL32F0xx_HAL_Driver\\Src\\xl32f0xx_ll_rcc.c 0x00000000   Number         0  xl32f0xx_ll_rcc.o ABSOLUTE
    ..\\Drivers\\XL32F0xx_HAL_Driver\\Src\\xl32f0xx_ll_tim.c 0x00000000   Number         0  xl32f0xx_ll_tim.o ABSOLUTE
    ..\\Drivers\\XL32F0xx_HAL_Driver\\Src\\xl32f0xx_ll_usart.c 0x00000000   Number         0  xl32f0xx_ll_usart.o ABSOLUTE
    ..\\Drivers\\XL32F0xx_HAL_Driver\\Src\\xl32f0xx_ll_utils.c 0x00000000   Number         0  xl32f0xx_ll_utils.o ABSOLUTE
    ..\\Src\\main.c                          0x00000000   Number         0  main.o ABSOLUTE
    ..\\Src\\xl32f0xx_it.c                   0x00000000   Number         0  xl32f0xx_it.o ABSOLUTE
    ..\\modbus\\Modbus_Core.c                0x00000000   Number         0  modbus_core.o ABSOLUTE
    ..\\modbus\\Modbus_User.c                0x00000000   Number         0  modbus_user.o ABSOLUTE
    ..\\modbus\\Modbus_hook.c                0x00000000   Number         0  modbus_hook.o ABSOLUTE
    ..\\ymodem\\ymodem.c                     0x00000000   Number         0  ymodem.o ABSOLUTE
    ..\modbus\Modbus_CRC.c                   0x00000000   Number         0  modbus_crc.o ABSOLUTE
    ..\modbus\Modbus_Core.c                  0x00000000   Number         0  modbus_core.o ABSOLUTE
    ..\modbus\Modbus_User.c                  0x00000000   Number         0  modbus_user.o ABSOLUTE
    ..\modbus\Modbus_hook.c                  0x00000000   Number         0  modbus_hook.o ABSOLUTE
    ..\ymodem\ymodem.c                       0x00000000   Number         0  ymodem.o ABSOLUTE
    dc.s                                     0x00000000   Number         0  dc.o ABSOLUTE
    handlers.s                               0x00000000   Number         0  handlers.o ABSOLUTE
    init.s                                   0x00000000   Number         0  init.o ABSOLUTE
    RESET                                    0x08000000   Section      192  startup_xl32f003x6.o(RESET)
    .ARM.Collect$$$$00000000                 0x080000c0   Section        0  entry.o(.ARM.Collect$$$$00000000)
    .ARM.Collect$$$$00000001                 0x080000c0   Section        4  entry2.o(.ARM.Collect$$$$00000001)
    .ARM.Collect$$$$00000004                 0x080000c4   Section        4  entry5.o(.ARM.Collect$$$$00000004)
    .ARM.Collect$$$$00000008                 0x080000c8   Section        0  entry7b.o(.ARM.Collect$$$$00000008)
    .ARM.Collect$$$$0000000A                 0x080000c8   Section        0  entry8b.o(.ARM.Collect$$$$0000000A)
    .ARM.Collect$$$$0000000B                 0x080000c8   Section        8  entry9a.o(.ARM.Collect$$$$0000000B)
    .ARM.Collect$$$$0000000E                 0x080000d0   Section        4  entry12b.o(.ARM.Collect$$$$0000000E)
    .ARM.Collect$$$$0000000F                 0x080000d4   Section        0  entry10a.o(.ARM.Collect$$$$0000000F)
    .ARM.Collect$$$$00000011                 0x080000d4   Section        0  entry11a.o(.ARM.Collect$$$$00000011)
    .ARM.Collect$$$$00002712                 0x080000d4   Section        4  entry2.o(.ARM.Collect$$$$00002712)
    __lit__00000000                          0x080000d4   Data           4  entry2.o(.ARM.Collect$$$$00002712)
    .text                                    0x080000d8   Section       28  startup_xl32f003x6.o(.text)
    .text                                    0x080000f4   Section        0  uidiv.o(.text)
    .text                                    0x08000120   Section        0  memcpya.o(.text)
    .text                                    0x08000144   Section        0  memseta.o(.text)
    .text                                    0x08000168   Section        0  dadd.o(.text)
    .text                                    0x080002d0   Section        0  dmul.o(.text)
    .text                                    0x080003a0   Section        0  ddiv.o(.text)
    .text                                    0x08000490   Section        0  dflti.o(.text)
    .text                                    0x080004b8   Section        0  dfltui.o(.text)
    .text                                    0x080004d4   Section        0  dfixui.o(.text)
    .text                                    0x08000510   Section        0  llshl.o(.text)
    .text                                    0x08000530   Section        0  llushr.o(.text)
    .text                                    0x08000552   Section        0  llsshr.o(.text)
    .text                                    0x08000578   Section        0  depilogue.o(.text)
    .text                                    0x08000578   Section        0  iusefp.o(.text)
    .text                                    0x08000638   Section       36  init.o(.text)
    .text                                    0x0800065c   Section        0  __dczerorl.o(.text)
    i.$Sub$$main                             0x08000698   Section        0  system_xl32f0xx.o(i.$Sub$$main)
    i.ADC_COMP_IRQHandler                    0x080006cc   Section        0  bsp_driver.o(i.ADC_COMP_IRQHandler)
    i.ADC_init                               0x080006f4   Section        0  bsp_driver.o(i.ADC_init)
    i.ADC_start                              0x08000830   Section        0  bsp_driver.o(i.ADC_start)
    i.APP_AdcGrpRegularUnitaryConvCompleteCallback 0x080008a4   Section        0  bsp_driver.o(i.APP_AdcGrpRegularUnitaryConvCompleteCallback)
    i.EXTI4_15_IRQHandler                    0x08000964   Section        0  bsp_driver.o(i.EXTI4_15_IRQHandler)
    i.HardFault_Handler                      0x08000a3c   Section        0  xl32f0xx_it.o(i.HardFault_Handler)
    i.LL_ADC_IsEnabled                       0x08000a40   Section        0  bsp_driver.o(i.LL_ADC_IsEnabled)
    LL_ADC_IsEnabled                         0x08000a41   Thumb Code    16  bsp_driver.o(i.LL_ADC_IsEnabled)
    i.LL_ADC_SetResolution                   0x08000a50   Section        0  bsp_driver.o(i.LL_ADC_SetResolution)
    LL_ADC_SetResolution                     0x08000a51   Thumb Code    12  bsp_driver.o(i.LL_ADC_SetResolution)
    i.LL_APB1_GRP2_EnableClock               0x08000a5c   Section        0  bsp_driver.o(i.LL_APB1_GRP2_EnableClock)
    LL_APB1_GRP2_EnableClock                 0x08000a5d   Thumb Code    24  bsp_driver.o(i.LL_APB1_GRP2_EnableClock)
    i.LL_EXTI_DisableEvent                   0x08000a78   Section        0  xl32f0xx_ll_exti.o(i.LL_EXTI_DisableEvent)
    LL_EXTI_DisableEvent                     0x08000a79   Thumb Code    12  xl32f0xx_ll_exti.o(i.LL_EXTI_DisableEvent)
    i.LL_EXTI_DisableIT                      0x08000a88   Section        0  xl32f0xx_ll_exti.o(i.LL_EXTI_DisableIT)
    LL_EXTI_DisableIT                        0x08000a89   Thumb Code    12  xl32f0xx_ll_exti.o(i.LL_EXTI_DisableIT)
    i.LL_EXTI_EnableEvent                    0x08000a98   Section        0  xl32f0xx_ll_exti.o(i.LL_EXTI_EnableEvent)
    LL_EXTI_EnableEvent                      0x08000a99   Thumb Code    12  xl32f0xx_ll_exti.o(i.LL_EXTI_EnableEvent)
    i.LL_EXTI_EnableFallingTrig              0x08000aa8   Section        0  xl32f0xx_ll_exti.o(i.LL_EXTI_EnableFallingTrig)
    LL_EXTI_EnableFallingTrig                0x08000aa9   Thumb Code    12  xl32f0xx_ll_exti.o(i.LL_EXTI_EnableFallingTrig)
    i.LL_EXTI_EnableIT                       0x08000ab8   Section        0  xl32f0xx_ll_exti.o(i.LL_EXTI_EnableIT)
    LL_EXTI_EnableIT                         0x08000ab9   Thumb Code    12  xl32f0xx_ll_exti.o(i.LL_EXTI_EnableIT)
    i.LL_EXTI_EnableRisingTrig               0x08000ac8   Section        0  xl32f0xx_ll_exti.o(i.LL_EXTI_EnableRisingTrig)
    LL_EXTI_EnableRisingTrig                 0x08000ac9   Thumb Code    12  xl32f0xx_ll_exti.o(i.LL_EXTI_EnableRisingTrig)
    i.LL_EXTI_Init                           0x08000ad8   Section        0  xl32f0xx_ll_exti.o(i.LL_EXTI_Init)
    i.LL_GPIO_Init                           0x08000b98   Section        0  xl32f0xx_ll_gpio.o(i.LL_GPIO_Init)
    i.LL_GPIO_SetPinMode                     0x08000c92   Section        0  bsp_driver.o(i.LL_GPIO_SetPinMode)
    LL_GPIO_SetPinMode                       0x08000c93   Thumb Code    26  bsp_driver.o(i.LL_GPIO_SetPinMode)
    i.LL_IOP_GRP1_EnableClock                0x08000cac   Section        0  bsp_driver.o(i.LL_IOP_GRP1_EnableClock)
    LL_IOP_GRP1_EnableClock                  0x08000cad   Thumb Code    24  bsp_driver.o(i.LL_IOP_GRP1_EnableClock)
    i.LL_Init1msTick                         0x08000cc8   Section        0  xl32f0xx_ll_utils.o(i.LL_Init1msTick)
    i.LL_RCC_GetSysClkSource                 0x08000cf0   Section        0  xl32f0xx_ll_rcc.o(i.LL_RCC_GetSysClkSource)
    LL_RCC_GetSysClkSource                   0x08000cf1   Thumb Code    10  xl32f0xx_ll_rcc.o(i.LL_RCC_GetSysClkSource)
    i.LL_RCC_GetSystemClocksFreq             0x08000d00   Section        0  xl32f0xx_ll_rcc.o(i.LL_RCC_GetSystemClocksFreq)
    i.LL_SetSystemCoreClock                  0x08000d1c   Section        0  xl32f0xx_ll_utils.o(i.LL_SetSystemCoreClock)
    i.LL_TIM_Init                            0x08000d28   Section        0  xl32f0xx_ll_tim.o(i.LL_TIM_Init)
    i.LL_USART_Init                          0x08000dc0   Section        0  xl32f0xx_ll_usart.o(i.LL_USART_Init)
    i.LL_USART_IsEnabled                     0x08000e40   Section        0  xl32f0xx_ll_usart.o(i.LL_USART_IsEnabled)
    LL_USART_IsEnabled                       0x08000e41   Thumb Code    14  xl32f0xx_ll_usart.o(i.LL_USART_IsEnabled)
    i.LL_USART_SetBaudRate                   0x08000e4e   Section        0  xl32f0xx_ll_usart.o(i.LL_USART_SetBaudRate)
    LL_USART_SetBaudRate                     0x08000e4f   Thumb Code   306  xl32f0xx_ll_usart.o(i.LL_USART_SetBaudRate)
    i.LL_mDelay                              0x08000f80   Section        0  xl32f0xx_ll_utils.o(i.LL_mDelay)
    i.MBS_CoreAnalyze                        0x08000fb4   Section        0  modbus_core.o(i.MBS_CoreAnalyze)
    i.MBS_CorePoll                           0x0800100c   Section        0  modbus_core.o(i.MBS_CorePoll)
    i.MBS_Function01H                        0x08001044   Section        0  modbus_hook.o(i.MBS_Function01H)
    i.MBS_Function03H                        0x080011c8   Section        0  modbus_hook.o(i.MBS_Function03H)
    i.MBS_Function05H                        0x080012a8   Section        0  modbus_hook.o(i.MBS_Function05H)
    i.MBS_Function06H                        0x08001318   Section        0  modbus_hook.o(i.MBS_Function06H)
    i.MBS_Function0FH                        0x0800136c   Section        0  modbus_hook.o(i.MBS_Function0FH)
    i.MBS_Function10H                        0x08001410   Section        0  modbus_hook.o(i.MBS_Function10H)
    i.MBS_MappingCoilInit                    0x08001488   Section        0  modbus_user.o(i.MBS_MappingCoilInit)
    i.MBS_MappingHoldRegInit                 0x0800148e   Section        0  modbus_user.o(i.MBS_MappingHoldRegInit)
    i.MBS_MappingInit                        0x08001494   Section        0  modbus_user.o(i.MBS_MappingInit)
    i.MBS_MemReadCoilState                   0x08001534   Section        0  modbus_user.o(i.MBS_MemReadCoilState)
    i.MBS_MemReadHoldRegValue                0x0800156c   Section        0  modbus_user.o(i.MBS_MemReadHoldRegValue)
    i.MBS_MemWriteCoilState                  0x080015d0   Section        0  modbus_user.o(i.MBS_MemWriteCoilState)
    i.MBS_MemWriteCoilsState                 0x08001614   Section        0  modbus_user.o(i.MBS_MemWriteCoilsState)
    i.MBS_MemWriteHoldRegValue               0x0800167c   Section        0  modbus_user.o(i.MBS_MemWriteHoldRegValue)
    i.MBS_PhysicalSendBuff                   0x080016e8   Section        0  modbus_core.o(i.MBS_PhysicalSendBuff)
    i.MBS_PortSendAck                        0x080016f8   Section        0  modbus_core.o(i.MBS_PortSendAck)
    i.MBS_PortSendWithCRC                    0x08001754   Section        0  modbus_core.o(i.MBS_PortSendWithCRC)
    i.NMI_Handler                            0x08001780   Section        0  xl32f0xx_it.o(i.NMI_Handler)
    i.NVIC_EnableIRQ                         0x08001784   Section        0  bsp_driver.o(i.NVIC_EnableIRQ)
    NVIC_EnableIRQ                           0x08001785   Thumb Code    14  bsp_driver.o(i.NVIC_EnableIRQ)
    i.NVIC_SetPriority                       0x08001798   Section        0  bsp_driver.o(i.NVIC_SetPriority)
    NVIC_SetPriority                         0x08001799   Thumb Code   110  bsp_driver.o(i.NVIC_SetPriority)
    i.NVIC_SystemReset                       0x08001810   Section        0  app.o(i.NVIC_SystemReset)
    NVIC_SystemReset                         0x08001811   Thumb Code    44  app.o(i.NVIC_SystemReset)
    i.PendSV_Handler                         0x08001844   Section        0  xl32f0xx_it.o(i.PendSV_Handler)
    i.RCC_GetHCLKClockFreq                   0x08001848   Section        0  xl32f0xx_ll_rcc.o(i.RCC_GetHCLKClockFreq)
    i.RCC_GetPCLK1ClockFreq                  0x08001874   Section        0  xl32f0xx_ll_rcc.o(i.RCC_GetPCLK1ClockFreq)
    i.RCC_GetSystemClockFreq                 0x0800189c   Section        0  xl32f0xx_ll_rcc.o(i.RCC_GetSystemClockFreq)
    i.SVC_Handler                            0x08001908   Section        0  xl32f0xx_it.o(i.SVC_Handler)
    i.SysTick_Handler                        0x0800190c   Section        0  xl32f0xx_it.o(i.SysTick_Handler)
    i.SystemClock_Config                     0x08001990   Section        0  main.o(i.SystemClock_Config)
    i.SystemInit                             0x08001a44   Section        0  system_xl32f0xx.o(i.SystemInit)
    i.System_Run                             0x08001a70   Section        0  app.o(i.System_Run)
    i.TIM1_BRK_UP_TRG_COM_IRQHandler         0x08001a98   Section        0  bsp_driver.o(i.TIM1_BRK_UP_TRG_COM_IRQHandler)
    i.Task1_infrared_process                 0x08001b08   Section        0  app.o(i.Task1_infrared_process)
    Task1_infrared_process                   0x08001b09   Thumb Code    60  app.o(i.Task1_infrared_process)
    i.Task2_uart_process                     0x08001b48   Section        0  app.o(i.Task2_uart_process)
    Task2_uart_process                       0x08001b49   Thumb Code   108  app.o(i.Task2_uart_process)
    i.Task3_100ms_process                    0x08001bc4   Section        0  app.o(i.Task3_100ms_process)
    Task3_100ms_process                      0x08001bc5   Thumb Code   236  app.o(i.Task3_100ms_process)
    i.USART2_IRQHandler                      0x08001ce8   Section        0  bsp_driver.o(i.USART2_IRQHandler)
    i.UpdateCRC16                            0x08001d20   Section        0  ymodem.o(i.UpdateCRC16)
    UpdateCRC16                              0x08001d21   Thumb Code    58  ymodem.o(i.UpdateCRC16)
    i.YmodemCRC                              0x08001d60   Section        0  ymodem.o(i.YmodemCRC)
    YmodemCRC                                0x08001d61   Thumb Code    52  ymodem.o(i.YmodemCRC)
    i.__ARM_clz                              0x08001d94   Section        0  depilogue.o(i.__ARM_clz)
    i.__ARM_common_switch8                   0x08001dc2   Section        0  app.o(i.__ARM_common_switch8)
    i.__scatterload_copy                     0x08001dde   Section       14  handlers.o(i.__scatterload_copy)
    i.__scatterload_null                     0x08001dec   Section        2  handlers.o(i.__scatterload_null)
    i.__scatterload_zeroinit                 0x08001dee   Section       14  handlers.o(i.__scatterload_zeroinit)
    i.buzz_mode_set                          0x08001dfc   Section        0  bsp_driver.o(i.buzz_mode_set)
    i.flash_page_erase                       0x08001e64   Section        0  flash_driver.o(i.flash_page_erase)
    i.flash_unlock                           0x08001e78   Section        0  flash_driver.o(i.flash_unlock)
    flash_unlock                             0x08001e79   Thumb Code    60  flash_driver.o(i.flash_unlock)
    i.infrared_init                          0x08001ef8   Section        0  bsp_driver.o(i.infrared_init)
    i.infrared_match                         0x08001f5c   Section        0  app.o(i.infrared_match)
    infrared_match                           0x08001f5d   Thumb Code   194  app.o(i.infrared_match)
    i.main                                   0x08002058   Section        0  main.o(i.main)
    i.mb_crc16                               0x080020b0   Section        0  modbus_crc.o(i.mb_crc16)
    i.millis                                 0x080020e8   Section        0  main.o(i.millis)
    i.tick_printf                            0x080020f4   Section        0  main.o(i.tick_printf)
    i.timer1_init                            0x080020f8   Section        0  bsp_driver.o(i.timer1_init)
    i.uart2_init                             0x08002180   Section        0  bsp_driver.o(i.uart2_init)
    i.uart_send_data                         0x0800225c   Section        0  bsp_driver.o(i.uart_send_data)
    i.ymodem_data_process                    0x080022a4   Section        0  app.o(i.ymodem_data_process)
    ymodem_data_process                      0x080022a5   Thumb Code    96  app.o(i.ymodem_data_process)
    i.ymodem_packet_analysis                 0x08002310   Section        0  ymodem.o(i.ymodem_packet_analysis)
    i.ymodem_timeout_process                 0x080025a0   Section        0  app.o(i.ymodem_timeout_process)
    ymodem_timeout_process                   0x080025a1   Thumb Code    88  app.o(i.ymodem_timeout_process)
    .constdata                               0x080025fc   Section      128  system_xl32f0xx.o(.constdata)
    .constdata                               0x0800267c   Section       73  app.o(.constdata)
    CHANNEL_OFFSET_TAB                       0x0800267c   Data           3  app.o(.constdata)
    OFFSET_TAB_CCMRx                         0x0800267f   Data           7  app.o(.constdata)
    SHIFT_TAB_OCxx                           0x08002686   Data           7  app.o(.constdata)
    SHIFT_TAB_ICxx                           0x0800268d   Data           7  app.o(.constdata)
    SHIFT_TAB_CCxP                           0x08002694   Data           7  app.o(.constdata)
    SHIFT_TAB_OISx                           0x0800269b   Data           7  app.o(.constdata)
    __func__                                 0x080026a2   Data          20  app.o(.constdata)
    __func__                                 0x080026b6   Data          15  app.o(.constdata)
    .constdata                               0x080026c5   Section       61  ymodem.o(.constdata)
    CHANNEL_OFFSET_TAB                       0x080026c5   Data           3  ymodem.o(.constdata)
    OFFSET_TAB_CCMRx                         0x080026c8   Data           7  ymodem.o(.constdata)
    SHIFT_TAB_OCxx                           0x080026cf   Data           7  ymodem.o(.constdata)
    SHIFT_TAB_ICxx                           0x080026d6   Data           7  ymodem.o(.constdata)
    SHIFT_TAB_CCxP                           0x080026dd   Data           7  ymodem.o(.constdata)
    SHIFT_TAB_OISx                           0x080026e4   Data           7  ymodem.o(.constdata)
    __func__                                 0x080026eb   Data          23  ymodem.o(.constdata)
    .constdata                               0x08002702   Section      240  bsp_driver.o(.constdata)
    CHANNEL_OFFSET_TAB                       0x08002702   Data           3  bsp_driver.o(.constdata)
    OFFSET_TAB_CCMRx                         0x08002705   Data           7  bsp_driver.o(.constdata)
    SHIFT_TAB_OCxx                           0x0800270c   Data           7  bsp_driver.o(.constdata)
    SHIFT_TAB_ICxx                           0x08002713   Data           7  bsp_driver.o(.constdata)
    SHIFT_TAB_CCxP                           0x0800271a   Data           7  bsp_driver.o(.constdata)
    SHIFT_TAB_OISx                           0x08002721   Data           7  bsp_driver.o(.constdata)
    .constdata                               0x080027f2   Section       62  flash_driver.o(.constdata)
    CHANNEL_OFFSET_TAB                       0x080027f2   Data           3  flash_driver.o(.constdata)
    OFFSET_TAB_CCMRx                         0x080027f5   Data           7  flash_driver.o(.constdata)
    SHIFT_TAB_OCxx                           0x080027fc   Data           7  flash_driver.o(.constdata)
    SHIFT_TAB_ICxx                           0x08002803   Data           7  flash_driver.o(.constdata)
    SHIFT_TAB_CCxP                           0x0800280a   Data           7  flash_driver.o(.constdata)
    SHIFT_TAB_OISx                           0x08002811   Data           7  flash_driver.o(.constdata)
    __func__                                 0x08002818   Data          13  flash_driver.o(.constdata)
    __func__                                 0x08002825   Data          11  flash_driver.o(.constdata)
    .constdata                               0x08002830   Section      512  modbus_crc.o(.constdata)
    .ARM.__at_0x20000000                     0x20000000   Section      192  system_xl32f0xx.o(.ARM.__at_0x20000000)
    .data                                    0x200000c0   Section        4  system_xl32f0xx.o(.data)
    .data                                    0x200000c4   Section       84  app.o(.data)
    Infrared_pt                              0x200000c4   Data           8  app.o(.data)
    uart_pt                                  0x200000cc   Data           8  app.o(.data)
    pt100ms                                  0x200000d4   Data           8  app.o(.data)
    infrared_Cnt                             0x200000dc   Data           1  app.o(.data)
    cnt_100ms                                0x200000e0   Data           4  app.o(.data)
    mbs_err_cnt                              0x200000e4   Data           4  app.o(.data)
    data                                     0x200000e8   Data          40  app.o(.data)
    IAP_Key                                  0x20000110   Data           8  app.o(.data)
    .data                                    0x20000118   Section       16  bsp_driver.o(.data)
    .data                                    0x20000128   Section        1  modbus_core.o(.data)
    .data                                    0x2000012c   Section       24  modbus_user.o(.data)
    .bss                                     0x20000144   Section       60  ymodem.o(.bss)
    .bss                                     0x20000180   Section      548  bsp_driver.o(.bss)
    .bss                                     0x200003a4   Section      132  modbus_core.o(.bss)
    .bss                                     0x20000428   Section      172  modbus_user.o(.bss)
    STACK                                    0x200004d8   Section     1024  startup_xl32f003x6.o(STACK)

    Global Symbols

    Symbol Name                              Value     Ov Type        Size  Object(Section)

    BuildAttributes$$THM_ISAv3M$S$PE$A:L22$X:L11$S22$IEEE1$IW$USESV6$~STKCKD$USESV7$~SHL$OSPACE$ROPI$EBA8$MICROLIB$REQ8$PRES8$EABIv2 0x00000000   Number         0  anon$$obj.o ABSOLUTE
    __ARM_use_no_argv                        0x00000000   Number         0  main.o ABSOLUTE
    __arm_fini_                               - Undefined Weak Reference
    __cpp_initialize__aeabi_                  - Undefined Weak Reference
    __cxa_finalize                            - Undefined Weak Reference
    _clock_init                               - Undefined Weak Reference
    _microlib_exit                            - Undefined Weak Reference
    __Vectors_Size                           0x000000c0   Number         0  startup_xl32f003x6.o ABSOLUTE
    __Vectors                                0x08000000   Data           4  startup_xl32f003x6.o(RESET)
    __Vectors_End                            0x080000c0   Data           0  startup_xl32f003x6.o(RESET)
    __main                                   0x080000c1   Thumb Code     0  entry.o(.ARM.Collect$$$$00000000)
    _main_stk                                0x080000c1   Thumb Code     0  entry2.o(.ARM.Collect$$$$00000001)
    _main_scatterload                        0x080000c5   Thumb Code     0  entry5.o(.ARM.Collect$$$$00000004)
    __main_after_scatterload                 0x080000c9   Thumb Code     0  entry5.o(.ARM.Collect$$$$00000004)
    _main_clock                              0x080000c9   Thumb Code     0  entry7b.o(.ARM.Collect$$$$00000008)
    _main_cpp_init                           0x080000c9   Thumb Code     0  entry8b.o(.ARM.Collect$$$$0000000A)
    _main_init                               0x080000c9   Thumb Code     0  entry9a.o(.ARM.Collect$$$$0000000B)
    __rt_lib_shutdown_fini                   0x080000d1   Thumb Code     0  entry12b.o(.ARM.Collect$$$$0000000E)
    __rt_final_cpp                           0x080000d5   Thumb Code     0  entry10a.o(.ARM.Collect$$$$0000000F)
    __rt_final_exit                          0x080000d5   Thumb Code     0  entry11a.o(.ARM.Collect$$$$00000011)
    Reset_Handler                            0x080000d9   Thumb Code     8  startup_xl32f003x6.o(.text)
    DMA1_Channel1_IRQHandler                 0x080000eb   Thumb Code     0  startup_xl32f003x6.o(.text)
    DMA1_Channel2_3_IRQHandler               0x080000eb   Thumb Code     0  startup_xl32f003x6.o(.text)
    EXTI0_1_IRQHandler                       0x080000eb   Thumb Code     0  startup_xl32f003x6.o(.text)
    EXTI2_3_IRQHandler                       0x080000eb   Thumb Code     0  startup_xl32f003x6.o(.text)
    FLASH_IRQHandler                         0x080000eb   Thumb Code     0  startup_xl32f003x6.o(.text)
    I2C1_IRQHandler                          0x080000eb   Thumb Code     0  startup_xl32f003x6.o(.text)
    LPTIM1_IRQHandler                        0x080000eb   Thumb Code     0  startup_xl32f003x6.o(.text)
    PVD_IRQHandler                           0x080000eb   Thumb Code     0  startup_xl32f003x6.o(.text)
    RCC_IRQHandler                           0x080000eb   Thumb Code     0  startup_xl32f003x6.o(.text)
    RTC_IRQHandler                           0x080000eb   Thumb Code     0  startup_xl32f003x6.o(.text)
    SPI1_IRQHandler                          0x080000eb   Thumb Code     0  startup_xl32f003x6.o(.text)
    TIM14_IRQHandler                         0x080000eb   Thumb Code     0  startup_xl32f003x6.o(.text)
    TIM16_IRQHandler                         0x080000eb   Thumb Code     0  startup_xl32f003x6.o(.text)
    TIM17_IRQHandler                         0x080000eb   Thumb Code     0  startup_xl32f003x6.o(.text)
    TIM1_CC_IRQHandler                       0x080000eb   Thumb Code     0  startup_xl32f003x6.o(.text)
    TIM3_IRQHandler                          0x080000eb   Thumb Code     0  startup_xl32f003x6.o(.text)
    USART1_IRQHandler                        0x080000eb   Thumb Code     0  startup_xl32f003x6.o(.text)
    WWDG_IRQHandler                          0x080000eb   Thumb Code     0  startup_xl32f003x6.o(.text)
    __aeabi_uidiv                            0x080000f5   Thumb Code     0  uidiv.o(.text)
    __aeabi_uidivmod                         0x080000f5   Thumb Code    44  uidiv.o(.text)
    __aeabi_memcpy                           0x08000121   Thumb Code    36  memcpya.o(.text)
    __aeabi_memcpy4                          0x08000121   Thumb Code     0  memcpya.o(.text)
    __aeabi_memcpy8                          0x08000121   Thumb Code     0  memcpya.o(.text)
    __aeabi_memset                           0x08000145   Thumb Code    14  memseta.o(.text)
    __aeabi_memset4                          0x08000145   Thumb Code     0  memseta.o(.text)
    __aeabi_memset8                          0x08000145   Thumb Code     0  memseta.o(.text)
    __aeabi_memclr                           0x08000153   Thumb Code     4  memseta.o(.text)
    __aeabi_memclr4                          0x08000153   Thumb Code     0  memseta.o(.text)
    __aeabi_memclr8                          0x08000153   Thumb Code     0  memseta.o(.text)
    _memset$wrapper                          0x08000157   Thumb Code    18  memseta.o(.text)
    __aeabi_dadd                             0x08000169   Thumb Code   330  dadd.o(.text)
    __aeabi_dsub                             0x080002b3   Thumb Code    12  dadd.o(.text)
    __aeabi_drsub                            0x080002bf   Thumb Code    12  dadd.o(.text)
    __aeabi_dmul                             0x080002d1   Thumb Code   202  dmul.o(.text)
    __aeabi_ddiv                             0x080003a1   Thumb Code   234  ddiv.o(.text)
    __aeabi_i2d                              0x08000491   Thumb Code    34  dflti.o(.text)
    __aeabi_ui2d                             0x080004b9   Thumb Code    24  dfltui.o(.text)
    __aeabi_d2uiz                            0x080004d5   Thumb Code    50  dfixui.o(.text)
    __aeabi_llsl                             0x08000511   Thumb Code    32  llshl.o(.text)
    _ll_shift_l                              0x08000511   Thumb Code     0  llshl.o(.text)
    __aeabi_llsr                             0x08000531   Thumb Code    34  llushr.o(.text)
    _ll_ushift_r                             0x08000531   Thumb Code     0  llushr.o(.text)
    __aeabi_lasr                             0x08000553   Thumb Code    38  llsshr.o(.text)
    _ll_sshift_r                             0x08000553   Thumb Code     0  llsshr.o(.text)
    __I$use$fp                               0x08000579   Thumb Code     0  iusefp.o(.text)
    _double_round                            0x08000579   Thumb Code    26  depilogue.o(.text)
    _double_epilogue                         0x08000593   Thumb Code   164  depilogue.o(.text)
    __scatterload                            0x08000639   Thumb Code    28  init.o(.text)
    __scatterload_rt2                        0x08000639   Thumb Code     0  init.o(.text)
    __decompress                             0x0800065d   Thumb Code     0  __dczerorl.o(.text)
    __decompress0                            0x0800065d   Thumb Code    58  __dczerorl.o(.text)
    main                                     0x08000699   Thumb Code    44  system_xl32f0xx.o(i.$Sub$$main)
    ADC_COMP_IRQHandler                      0x080006cd   Thumb Code    34  bsp_driver.o(i.ADC_COMP_IRQHandler)
    ADC_init                                 0x080006f5   Thumb Code   298  bsp_driver.o(i.ADC_init)
    ADC_start                                0x08000831   Thumb Code   108  bsp_driver.o(i.ADC_start)
    APP_AdcGrpRegularUnitaryConvCompleteCallback 0x080008a5   Thumb Code   172  bsp_driver.o(i.APP_AdcGrpRegularUnitaryConvCompleteCallback)
    EXTI4_15_IRQHandler                      0x08000965   Thumb Code   202  bsp_driver.o(i.EXTI4_15_IRQHandler)
    HardFault_Handler                        0x08000a3d   Thumb Code     4  xl32f0xx_it.o(i.HardFault_Handler)
    LL_EXTI_Init                             0x08000ad9   Thumb Code   186  xl32f0xx_ll_exti.o(i.LL_EXTI_Init)
    LL_GPIO_Init                             0x08000b99   Thumb Code   250  xl32f0xx_ll_gpio.o(i.LL_GPIO_Init)
    LL_Init1msTick                           0x08000cc9   Thumb Code    34  xl32f0xx_ll_utils.o(i.LL_Init1msTick)
    LL_RCC_GetSystemClocksFreq               0x08000d01   Thumb Code    28  xl32f0xx_ll_rcc.o(i.LL_RCC_GetSystemClocksFreq)
    LL_SetSystemCoreClock                    0x08000d1d   Thumb Code     6  xl32f0xx_ll_utils.o(i.LL_SetSystemCoreClock)
    LL_TIM_Init                              0x08000d29   Thumb Code   130  xl32f0xx_ll_tim.o(i.LL_TIM_Init)
    LL_USART_Init                            0x08000dc1   Thumb Code   124  xl32f0xx_ll_usart.o(i.LL_USART_Init)
    LL_mDelay                                0x08000f81   Thumb Code    46  xl32f0xx_ll_utils.o(i.LL_mDelay)
    MBS_CoreAnalyze                          0x08000fb5   Thumb Code    84  modbus_core.o(i.MBS_CoreAnalyze)
    MBS_CorePoll                             0x0800100d   Thumb Code    46  modbus_core.o(i.MBS_CorePoll)
    MBS_Function01H                          0x08001045   Thumb Code   374  modbus_hook.o(i.MBS_Function01H)
    MBS_Function03H                          0x080011c9   Thumb Code   216  modbus_hook.o(i.MBS_Function03H)
    MBS_Function05H                          0x080012a9   Thumb Code   104  modbus_hook.o(i.MBS_Function05H)
    MBS_Function06H                          0x08001319   Thumb Code    76  modbus_hook.o(i.MBS_Function06H)
    MBS_Function0FH                          0x0800136d   Thumb Code   154  modbus_hook.o(i.MBS_Function0FH)
    MBS_Function10H                          0x08001411   Thumb Code   110  modbus_hook.o(i.MBS_Function10H)
    MBS_MappingCoilInit                      0x08001489   Thumb Code     6  modbus_user.o(i.MBS_MappingCoilInit)
    MBS_MappingHoldRegInit                   0x0800148f   Thumb Code     6  modbus_user.o(i.MBS_MappingHoldRegInit)
    MBS_MappingInit                          0x08001495   Thumb Code   130  modbus_user.o(i.MBS_MappingInit)
    MBS_MemReadCoilState                     0x08001535   Thumb Code    52  modbus_user.o(i.MBS_MemReadCoilState)
    MBS_MemReadHoldRegValue                  0x0800156d   Thumb Code    94  modbus_user.o(i.MBS_MemReadHoldRegValue)
    MBS_MemWriteCoilState                    0x080015d1   Thumb Code    62  modbus_user.o(i.MBS_MemWriteCoilState)
    MBS_MemWriteCoilsState                   0x08001615   Thumb Code   100  modbus_user.o(i.MBS_MemWriteCoilsState)
    MBS_MemWriteHoldRegValue                 0x0800167d   Thumb Code   104  modbus_user.o(i.MBS_MemWriteHoldRegValue)
    MBS_PhysicalSendBuff                     0x080016e9   Thumb Code    16  modbus_core.o(i.MBS_PhysicalSendBuff)
    MBS_PortSendAck                          0x080016f9   Thumb Code    86  modbus_core.o(i.MBS_PortSendAck)
    MBS_PortSendWithCRC                      0x08001755   Thumb Code    44  modbus_core.o(i.MBS_PortSendWithCRC)
    NMI_Handler                              0x08001781   Thumb Code     2  xl32f0xx_it.o(i.NMI_Handler)
    PendSV_Handler                           0x08001845   Thumb Code     2  xl32f0xx_it.o(i.PendSV_Handler)
    RCC_GetHCLKClockFreq                     0x08001849   Thumb Code    34  xl32f0xx_ll_rcc.o(i.RCC_GetHCLKClockFreq)
    RCC_GetPCLK1ClockFreq                    0x08001875   Thumb Code    32  xl32f0xx_ll_rcc.o(i.RCC_GetPCLK1ClockFreq)
    RCC_GetSystemClockFreq                   0x0800189d   Thumb Code    96  xl32f0xx_ll_rcc.o(i.RCC_GetSystemClockFreq)
    SVC_Handler                              0x08001909   Thumb Code     2  xl32f0xx_it.o(i.SVC_Handler)
    SysTick_Handler                          0x0800190d   Thumb Code   120  xl32f0xx_it.o(i.SysTick_Handler)
    SystemClock_Config                       0x08001991   Thumb Code   162  main.o(i.SystemClock_Config)
    SystemInit                               0x08001a45   Thumb Code    32  system_xl32f0xx.o(i.SystemInit)
    System_Run                               0x08001a71   Thumb Code    28  app.o(i.System_Run)
    TIM1_BRK_UP_TRG_COM_IRQHandler           0x08001a99   Thumb Code   100  bsp_driver.o(i.TIM1_BRK_UP_TRG_COM_IRQHandler)
    USART2_IRQHandler                        0x08001ce9   Thumb Code    44  bsp_driver.o(i.USART2_IRQHandler)
    __ARM_clz                                0x08001d95   Thumb Code    46  depilogue.o(i.__ARM_clz)
    __ARM_common_switch8                     0x08001dc3   Thumb Code    28  app.o(i.__ARM_common_switch8)
    __scatterload_copy                       0x08001ddf   Thumb Code    14  handlers.o(i.__scatterload_copy)
    __scatterload_null                       0x08001ded   Thumb Code     2  handlers.o(i.__scatterload_null)
    __scatterload_zeroinit                   0x08001def   Thumb Code    14  handlers.o(i.__scatterload_zeroinit)
    buzz_mode_set                            0x08001dfd   Thumb Code    96  bsp_driver.o(i.buzz_mode_set)
    flash_page_erase                         0x08001e65   Thumb Code    18  flash_driver.o(i.flash_page_erase)
    infrared_init                            0x08001ef9   Thumb Code    98  bsp_driver.o(i.infrared_init)
    $Super$$main                             0x08002059   Thumb Code    80  main.o(i.main)
    mb_crc16                                 0x080020b1   Thumb Code    46  modbus_crc.o(i.mb_crc16)
    millis                                   0x080020e9   Thumb Code     6  main.o(i.millis)
    tick_printf                              0x080020f5   Thumb Code     2  main.o(i.tick_printf)
    timer1_init                              0x080020f9   Thumb Code   130  bsp_driver.o(i.timer1_init)
    uart2_init                               0x08002181   Thumb Code   212  bsp_driver.o(i.uart2_init)
    uart_send_data                           0x0800225d   Thumb Code    66  bsp_driver.o(i.uart_send_data)
    ymodem_packet_analysis                   0x08002311   Thumb Code   608  ymodem.o(i.ymodem_packet_analysis)
    AHBPrescTable                            0x080025fc   Data          64  system_xl32f0xx.o(.constdata)
    APBPrescTable                            0x0800263c   Data          32  system_xl32f0xx.o(.constdata)
    HSIFreqTable                             0x0800265c   Data          32  system_xl32f0xx.o(.constdata)
    TAB_WENDU_10K                            0x08002728   Data         202  bsp_driver.o(.constdata)
    TblCRCHi                                 0x08002830   Data         256  modbus_crc.o(.constdata)
    TblCRCLo                                 0x08002930   Data         256  modbus_crc.o(.constdata)
    Region$$Table$$Base                      0x08002a30   Number         0  anon$$obj.o(Region$$Table)
    Region$$Table$$Limit                     0x08002a50   Number         0  anon$$obj.o(Region$$Table)
    VECT_SRAM_TAB                            0x20000000   Data         192  system_xl32f0xx.o(.ARM.__at_0x20000000)
    SystemCoreClock                          0x200000c0   Data           4  system_xl32f0xx.o(.data)
    sys_ms                                   0x20000118   Data           4  bsp_driver.o(.data)
    sys_100us                                0x2000011c   Data           4  bsp_driver.o(.data)
    buzz_index                               0x20000120   Data           2  bsp_driver.o(.data)
    temperature                              0x20000122   Data           2  bsp_driver.o(.data)
    uhADCxConvertedData                      0x20000124   Data           2  bsp_driver.o(.data)
    uhADCxConvertedData_Voltage_mVolt        0x20000126   Data           2  bsp_driver.o(.data)
    mbs_has_data                             0x20000128   Data           1  modbus_core.o(.data)
    mbsCoil                                  0x2000012c   Data          12  modbus_user.o(.data)
    mbsHoldReg                               0x20000138   Data          12  modbus_user.o(.data)
    ymodem_session                           0x20000144   Data          60  ymodem.o(.bss)
    uart_state                               0x20000180   Data         260  bsp_driver.o(.bss)
    buzz_buffer                              0x20000284   Data          20  bsp_driver.o(.bss)
    infrared_state                           0x20000298   Data         268  bsp_driver.o(.bss)
    MBS_Buf                                  0x200003a4   Data         132  modbus_core.o(.bss)
    mbsCoilValue                             0x20000428   Data         124  modbus_user.o(.bss)
    mbsHoldRegValue                          0x200004a4   Data          48  modbus_user.o(.bss)
    __initial_sp                             0x200008d8   Data           0  startup_xl32f003x6.o(STACK)



==============================================================================

Memory Map of the image

  Image Entry point : 0x080000c1

  Load Region LR_IROM1 (Base: 0x08000000, Size: 0x00002b94, Max: 0x00008000, ABSOLUTE, COMPRESSED[0x00002a98])

    Execution Region ER_IROM1 (Exec base: 0x08000000, Load base: 0x08000000, Size: 0x00002a50, Max: 0x00008000, ABSOLUTE)

    Exec Addr    Load Addr    Size         Type   Attr      Idx    E Section Name        Object

    0x08000000   0x08000000   0x000000c0   Data   RO           67    RESET               startup_xl32f003x6.o
    0x080000c0   0x080000c0   0x00000000   Code   RO         1438  * .ARM.Collect$$$$00000000  mc_p.l(entry.o)
    0x080000c0   0x080000c0   0x00000004   Code   RO         1461    .ARM.Collect$$$$00000001  mc_p.l(entry2.o)
    0x080000c4   0x080000c4   0x00000004   Code   RO         1464    .ARM.Collect$$$$00000004  mc_p.l(entry5.o)
    0x080000c8   0x080000c8   0x00000000   Code   RO         1466    .ARM.Collect$$$$00000008  mc_p.l(entry7b.o)
    0x080000c8   0x080000c8   0x00000000   Code   RO         1468    .ARM.Collect$$$$0000000A  mc_p.l(entry8b.o)
    0x080000c8   0x080000c8   0x00000008   Code   RO         1469    .ARM.Collect$$$$0000000B  mc_p.l(entry9a.o)
    0x080000d0   0x080000d0   0x00000004   Code   RO         1476    .ARM.Collect$$$$0000000E  mc_p.l(entry12b.o)
    0x080000d4   0x080000d4   0x00000000   Code   RO         1471    .ARM.Collect$$$$0000000F  mc_p.l(entry10a.o)
    0x080000d4   0x080000d4   0x00000000   Code   RO         1473    .ARM.Collect$$$$00000011  mc_p.l(entry11a.o)
    0x080000d4   0x080000d4   0x00000004   Code   RO         1462    .ARM.Collect$$$$00002712  mc_p.l(entry2.o)
    0x080000d8   0x080000d8   0x0000001c   Code   RO           68    .text               startup_xl32f003x6.o
    0x080000f4   0x080000f4   0x0000002c   Code   RO         1441    .text               mc_p.l(uidiv.o)
    0x08000120   0x08000120   0x00000024   Code   RO         1443    .text               mc_p.l(memcpya.o)
    0x08000144   0x08000144   0x00000024   Code   RO         1445    .text               mc_p.l(memseta.o)
    0x08000168   0x08000168   0x00000168   Code   RO         1449    .text               mf_p.l(dadd.o)
    0x080002d0   0x080002d0   0x000000d0   Code   RO         1451    .text               mf_p.l(dmul.o)
    0x080003a0   0x080003a0   0x000000f0   Code   RO         1453    .text               mf_p.l(ddiv.o)
    0x08000490   0x08000490   0x00000028   Code   RO         1455    .text               mf_p.l(dflti.o)
    0x080004b8   0x080004b8   0x0000001c   Code   RO         1457    .text               mf_p.l(dfltui.o)
    0x080004d4   0x080004d4   0x0000003c   Code   RO         1459    .text               mf_p.l(dfixui.o)
    0x08000510   0x08000510   0x00000020   Code   RO         1477    .text               mc_p.l(llshl.o)
    0x08000530   0x08000530   0x00000022   Code   RO         1479    .text               mc_p.l(llushr.o)
    0x08000552   0x08000552   0x00000026   Code   RO         1481    .text               mc_p.l(llsshr.o)
    0x08000578   0x08000578   0x00000000   Code   RO         1483    .text               mc_p.l(iusefp.o)
    0x08000578   0x08000578   0x000000be   Code   RO         1484    .text               mf_p.l(depilogue.o)
    0x08000636   0x08000636   0x00000002   PAD
    0x08000638   0x08000638   0x00000024   Code   RO         1488    .text               mc_p.l(init.o)
    0x0800065c   0x0800065c   0x0000003a   Code   RO         1498    .text               mc_p.l(__dczerorl.o)
    0x08000696   0x08000696   0x00000002   PAD
    0x08000698   0x08000698   0x00000034   Code   RO            3    i.$Sub$$main        system_xl32f0xx.o
    0x080006cc   0x080006cc   0x00000028   Code   RO         1020    i.ADC_COMP_IRQHandler  bsp_driver.o
    0x080006f4   0x080006f4   0x0000013c   Code   RO         1021    i.ADC_init          bsp_driver.o
    0x08000830   0x08000830   0x00000074   Code   RO         1022    i.ADC_start         bsp_driver.o
    0x080008a4   0x080008a4   0x000000c0   Code   RO         1023    i.APP_AdcGrpRegularUnitaryConvCompleteCallback  bsp_driver.o
    0x08000964   0x08000964   0x000000d8   Code   RO         1024    i.EXTI4_15_IRQHandler  bsp_driver.o
    0x08000a3c   0x08000a3c   0x00000004   Code   RO          218    i.HardFault_Handler  xl32f0xx_it.o
    0x08000a40   0x08000a40   0x00000010   Code   RO         1026    i.LL_ADC_IsEnabled  bsp_driver.o
    0x08000a50   0x08000a50   0x0000000c   Code   RO         1027    i.LL_ADC_SetResolution  bsp_driver.o
    0x08000a5c   0x08000a5c   0x0000001c   Code   RO         1028    i.LL_APB1_GRP2_EnableClock  bsp_driver.o
    0x08000a78   0x08000a78   0x00000010   Code   RO          539    i.LL_EXTI_DisableEvent  xl32f0xx_ll_exti.o
    0x08000a88   0x08000a88   0x00000010   Code   RO          540    i.LL_EXTI_DisableIT  xl32f0xx_ll_exti.o
    0x08000a98   0x08000a98   0x00000010   Code   RO          541    i.LL_EXTI_EnableEvent  xl32f0xx_ll_exti.o
    0x08000aa8   0x08000aa8   0x00000010   Code   RO          542    i.LL_EXTI_EnableFallingTrig  xl32f0xx_ll_exti.o
    0x08000ab8   0x08000ab8   0x00000010   Code   RO          543    i.LL_EXTI_EnableIT  xl32f0xx_ll_exti.o
    0x08000ac8   0x08000ac8   0x00000010   Code   RO          544    i.LL_EXTI_EnableRisingTrig  xl32f0xx_ll_exti.o
    0x08000ad8   0x08000ad8   0x000000c0   Code   RO          545    i.LL_EXTI_Init      xl32f0xx_ll_exti.o
    0x08000b98   0x08000b98   0x000000fa   Code   RO          604    i.LL_GPIO_Init      xl32f0xx_ll_gpio.o
    0x08000c92   0x08000c92   0x0000001a   Code   RO         1029    i.LL_GPIO_SetPinMode  bsp_driver.o
    0x08000cac   0x08000cac   0x0000001c   Code   RO         1030    i.LL_IOP_GRP1_EnableClock  bsp_driver.o
    0x08000cc8   0x08000cc8   0x00000028   Code   RO          976    i.LL_Init1msTick    xl32f0xx_ll_utils.o
    0x08000cf0   0x08000cf0   0x00000010   Code   RO          659    i.LL_RCC_GetSysClkSource  xl32f0xx_ll_rcc.o
    0x08000d00   0x08000d00   0x0000001c   Code   RO          660    i.LL_RCC_GetSystemClocksFreq  xl32f0xx_ll_rcc.o
    0x08000d1c   0x08000d1c   0x0000000c   Code   RO          978    i.LL_SetSystemCoreClock  xl32f0xx_ll_utils.o
    0x08000d28   0x08000d28   0x00000098   Code   RO          771    i.LL_TIM_Init       xl32f0xx_ll_tim.o
    0x08000dc0   0x08000dc0   0x00000080   Code   RO          922    i.LL_USART_Init     xl32f0xx_ll_usart.o
    0x08000e40   0x08000e40   0x0000000e   Code   RO          923    i.LL_USART_IsEnabled  xl32f0xx_ll_usart.o
    0x08000e4e   0x08000e4e   0x00000132   Code   RO          924    i.LL_USART_SetBaudRate  xl32f0xx_ll_usart.o
    0x08000f80   0x08000f80   0x00000034   Code   RO          979    i.LL_mDelay         xl32f0xx_ll_utils.o
    0x08000fb4   0x08000fb4   0x00000058   Code   RO         1241    i.MBS_CoreAnalyze   modbus_core.o
    0x0800100c   0x0800100c   0x00000038   Code   RO         1242    i.MBS_CorePoll      modbus_core.o
    0x08001044   0x08001044   0x00000184   Code   RO         1312    i.MBS_Function01H   modbus_hook.o
    0x080011c8   0x080011c8   0x000000e0   Code   RO         1313    i.MBS_Function03H   modbus_hook.o
    0x080012a8   0x080012a8   0x00000070   Code   RO         1314    i.MBS_Function05H   modbus_hook.o
    0x08001318   0x08001318   0x00000054   Code   RO         1315    i.MBS_Function06H   modbus_hook.o
    0x0800136c   0x0800136c   0x000000a4   Code   RO         1316    i.MBS_Function0FH   modbus_hook.o
    0x08001410   0x08001410   0x00000078   Code   RO         1317    i.MBS_Function10H   modbus_hook.o
    0x08001488   0x08001488   0x00000006   Code   RO         1369    i.MBS_MappingCoilInit  modbus_user.o
    0x0800148e   0x0800148e   0x00000006   Code   RO         1370    i.MBS_MappingHoldRegInit  modbus_user.o
    0x08001494   0x08001494   0x000000a0   Code   RO         1371    i.MBS_MappingInit   modbus_user.o
    0x08001534   0x08001534   0x00000038   Code   RO         1372    i.MBS_MemReadCoilState  modbus_user.o
    0x0800156c   0x0800156c   0x00000064   Code   RO         1373    i.MBS_MemReadHoldRegValue  modbus_user.o
    0x080015d0   0x080015d0   0x00000044   Code   RO         1374    i.MBS_MemWriteCoilState  modbus_user.o
    0x08001614   0x08001614   0x00000068   Code   RO         1375    i.MBS_MemWriteCoilsState  modbus_user.o
    0x0800167c   0x0800167c   0x0000006c   Code   RO         1376    i.MBS_MemWriteHoldRegValue  modbus_user.o
    0x080016e8   0x080016e8   0x00000010   Code   RO         1243    i.MBS_PhysicalSendBuff  modbus_core.o
    0x080016f8   0x080016f8   0x0000005c   Code   RO         1244    i.MBS_PortSendAck   modbus_core.o
    0x08001754   0x08001754   0x0000002c   Code   RO         1245    i.MBS_PortSendWithCRC  modbus_core.o
    0x08001780   0x08001780   0x00000002   Code   RO          219    i.NMI_Handler       xl32f0xx_it.o
    0x08001782   0x08001782   0x00000002   PAD
    0x08001784   0x08001784   0x00000014   Code   RO         1031    i.NVIC_EnableIRQ    bsp_driver.o
    0x08001798   0x08001798   0x00000078   Code   RO         1032    i.NVIC_SetPriority  bsp_driver.o
    0x08001810   0x08001810   0x00000034   Code   RO          274    i.NVIC_SystemReset  app.o
    0x08001844   0x08001844   0x00000002   Code   RO          220    i.PendSV_Handler    xl32f0xx_it.o
    0x08001846   0x08001846   0x00000002   PAD
    0x08001848   0x08001848   0x0000002c   Code   RO          663    i.RCC_GetHCLKClockFreq  xl32f0xx_ll_rcc.o
    0x08001874   0x08001874   0x00000028   Code   RO          664    i.RCC_GetPCLK1ClockFreq  xl32f0xx_ll_rcc.o
    0x0800189c   0x0800189c   0x0000006c   Code   RO          665    i.RCC_GetSystemClockFreq  xl32f0xx_ll_rcc.o
    0x08001908   0x08001908   0x00000002   Code   RO          221    i.SVC_Handler       xl32f0xx_it.o
    0x0800190a   0x0800190a   0x00000002   PAD
    0x0800190c   0x0800190c   0x00000084   Code   RO          222    i.SysTick_Handler   xl32f0xx_it.o
    0x08001990   0x08001990   0x000000b4   Code   RO           75    i.SystemClock_Config  main.o
    0x08001a44   0x08001a44   0x0000002c   Code   RO            5    i.SystemInit        system_xl32f0xx.o
    0x08001a70   0x08001a70   0x00000028   Code   RO          275    i.System_Run        app.o
    0x08001a98   0x08001a98   0x00000070   Code   RO         1033    i.TIM1_BRK_UP_TRG_COM_IRQHandler  bsp_driver.o
    0x08001b08   0x08001b08   0x00000040   Code   RO          276    i.Task1_infrared_process  app.o
    0x08001b48   0x08001b48   0x0000007c   Code   RO          277    i.Task2_uart_process  app.o
    0x08001bc4   0x08001bc4   0x00000124   Code   RO          278    i.Task3_100ms_process  app.o
    0x08001ce8   0x08001ce8   0x00000038   Code   RO         1034    i.USART2_IRQHandler  bsp_driver.o
    0x08001d20   0x08001d20   0x00000040   Code   RO          341    i.UpdateCRC16       ymodem.o
    0x08001d60   0x08001d60   0x00000034   Code   RO          342    i.YmodemCRC         ymodem.o
    0x08001d94   0x08001d94   0x0000002e   Code   RO         1486    i.__ARM_clz         mf_p.l(depilogue.o)
    0x08001dc2   0x08001dc2   0x0000001c   Code   RO          327    i.__ARM_common_switch8  app.o
    0x08001dde   0x08001dde   0x0000000e   Code   RO         1492    i.__scatterload_copy  mc_p.l(handlers.o)
    0x08001dec   0x08001dec   0x00000002   Code   RO         1493    i.__scatterload_null  mc_p.l(handlers.o)
    0x08001dee   0x08001dee   0x0000000e   Code   RO         1494    i.__scatterload_zeroinit  mc_p.l(handlers.o)
    0x08001dfc   0x08001dfc   0x00000068   Code   RO         1035    i.buzz_mode_set     bsp_driver.o
    0x08001e64   0x08001e64   0x00000012   Code   RO         1186    i.flash_page_erase  flash_driver.o
    0x08001e76   0x08001e76   0x00000002   PAD
    0x08001e78   0x08001e78   0x00000080   Code   RO         1188    i.flash_unlock      flash_driver.o
    0x08001ef8   0x08001ef8   0x00000062   Code   RO         1036    i.infrared_init     bsp_driver.o
    0x08001f5a   0x08001f5a   0x00000002   PAD
    0x08001f5c   0x08001f5c   0x000000fc   Code   RO          279    i.infrared_match    app.o
    0x08002058   0x08002058   0x00000058   Code   RO           76    i.main              main.o
    0x080020b0   0x080020b0   0x00000038   Code   RO         1295    i.mb_crc16          modbus_crc.o
    0x080020e8   0x080020e8   0x0000000c   Code   RO           77    i.millis            main.o
    0x080020f4   0x080020f4   0x00000002   Code   RO           78    i.tick_printf       main.o
    0x080020f6   0x080020f6   0x00000002   PAD
    0x080020f8   0x080020f8   0x00000088   Code   RO         1037    i.timer1_init       bsp_driver.o
    0x08002180   0x08002180   0x000000dc   Code   RO         1038    i.uart2_init        bsp_driver.o
    0x0800225c   0x0800225c   0x00000048   Code   RO         1039    i.uart_send_data    bsp_driver.o
    0x080022a4   0x080022a4   0x0000006c   Code   RO          280    i.ymodem_data_process  app.o
    0x08002310   0x08002310   0x00000290   Code   RO          344    i.ymodem_packet_analysis  ymodem.o
    0x080025a0   0x080025a0   0x0000005c   Code   RO          281    i.ymodem_timeout_process  app.o
    0x080025fc   0x080025fc   0x00000080   Data   RO            7    .constdata          system_xl32f0xx.o
    0x0800267c   0x0800267c   0x00000049   Data   RO          282    .constdata          app.o
    0x080026c5   0x080026c5   0x0000003d   Data   RO          346    .constdata          ymodem.o
    0x08002702   0x08002702   0x000000f0   Data   RO         1041    .constdata          bsp_driver.o
    0x080027f2   0x080027f2   0x0000003e   Data   RO         1190    .constdata          flash_driver.o
    0x08002830   0x08002830   0x00000200   Data   RO         1296    .constdata          modbus_crc.o
    0x08002a30   0x08002a30   0x00000020   Data   RO         1490    Region$$Table       anon$$obj.o


    Execution Region RW_IRAM1 (Exec base: 0x20000000, Load base: 0x08002a50, Size: 0x000008d8, Max: 0x00002000, ABSOLUTE, COMPRESSED[0x00000048])

    Exec Addr    Load Addr    Size         Type   Attr      Idx    E Section Name        Object

    0x20000000   COMPRESSED   0x000000c0   Data   RW            6    .ARM.__at_0x20000000  system_xl32f0xx.o
    0x200000c0   COMPRESSED   0x00000004   Data   RW            8    .data               system_xl32f0xx.o
    0x200000c4   COMPRESSED   0x00000054   Data   RW          283    .data               app.o
    0x20000118   COMPRESSED   0x00000010   Data   RW         1042    .data               bsp_driver.o
    0x20000128   COMPRESSED   0x00000001   Data   RW         1248    .data               modbus_core.o
    0x20000129   COMPRESSED   0x00000003   PAD
    0x2000012c   COMPRESSED   0x00000018   Data   RW         1379    .data               modbus_user.o
    0x20000144        -       0x0000003c   Zero   RW          345    .bss                ymodem.o
    0x20000180        -       0x00000224   Zero   RW         1040    .bss                bsp_driver.o
    0x200003a4        -       0x00000084   Zero   RW         1246    .bss                modbus_core.o
    0x20000428        -       0x000000ac   Zero   RW         1377    .bss                modbus_user.o
    0x200004d4   COMPRESSED   0x00000004   PAD
    0x200004d8        -       0x00000400   Zero   RW           65    STACK               startup_xl32f003x6.o


==============================================================================

Image component sizes


      Code (inc. data)   RO Data    RW Data    ZI Data      Debug   Object Name

      1052        182         73         84          0       6960   app.o
      1928        142        240         16        548      88719   bsp_driver.o
       146         68         62          0          0       2225   flash_driver.o
       282         32          0          0          0      46755   main.o
       296         20          0          1        132       4990   modbus_core.o
        56         10        512          0          0       1239   modbus_crc.o
      1092         58          0          0          0       4136   modbus_hook.o
       608         54          0         24        172       7670   modbus_user.o
        28          8        192          0       1024        672   startup_xl32f003x6.o
        96         20        128        196          0     162223   system_xl32f0xx.o
       142         12          0          0          0      17935   xl32f0xx_it.o
       288         30          0          0          0       8855   xl32f0xx_ll_exti.o
       250          0          0          0          0       8871   xl32f0xx_ll_gpio.o
       236         36          0          0          0      13753   xl32f0xx_ll_rcc.o
       152         22          0          0          0      29266   xl32f0xx_ll_tim.o
       448          4          0          0          0      14376   xl32f0xx_ll_usart.o
       104         18          0          0          0       4465   xl32f0xx_ll_utils.o
       772         64         61          0         60       3830   ymodem.o

    ----------------------------------------------------------------------
      7988        780       1300        324       1940     426940   Object Totals
         0          0         32          0          0          0   (incl. Generated)
        12          0          0          3          4          0   (incl. Padding)

    ----------------------------------------------------------------------

      Code (inc. data)   RO Data    RW Data    ZI Data      Debug   Library Member Name

        58          0          0          0          0          0   __dczerorl.o
         0          0          0          0          0          0   entry.o
         0          0          0          0          0          0   entry10a.o
         0          0          0          0          0          0   entry11a.o
         4          0          0          0          0          0   entry12b.o
         8          4          0          0          0          0   entry2.o
         4          0          0          0          0          0   entry5.o
         0          0          0          0          0          0   entry7b.o
         0          0          0          0          0          0   entry8b.o
         8          4          0          0          0          0   entry9a.o
        30          0          0          0          0          0   handlers.o
        36          8          0          0          0         68   init.o
         0          0          0          0          0          0   iusefp.o
        32          0          0          0          0         68   llshl.o
        38          0          0          0          0         68   llsshr.o
        34          0          0          0          0         68   llushr.o
        36          0          0          0          0         60   memcpya.o
        36          0          0          0          0        100   memseta.o
        44          0          0          0          0         72   uidiv.o
       360          6          0          0          0        140   dadd.o
       240          6          0          0          0         84   ddiv.o
       236          0          0          0          0        216   depilogue.o
        60         10          0          0          0         68   dfixui.o
        40          6          0          0          0         68   dflti.o
        28          4          0          0          0         68   dfltui.o
       208          6          0          0          0         88   dmul.o

    ----------------------------------------------------------------------
      1544         54          0          0          0       1236   Library Totals
         4          0          0          0          0          0   (incl. Padding)

    ----------------------------------------------------------------------

      Code (inc. data)   RO Data    RW Data    ZI Data      Debug   Library Name

       368         16          0          0          0        504   mc_p.l
      1172         38          0          0          0        732   mf_p.l

    ----------------------------------------------------------------------
      1544         54          0          0          0       1236   Library Totals

    ----------------------------------------------------------------------

==============================================================================


      Code (inc. data)   RO Data    RW Data    ZI Data      Debug   

      9532        834       1300        324       1940     424308   Grand Totals
      9532        834       1300         72       1940     424308   ELF Image Totals (compressed)
      9532        834       1300         72          0          0   ROM Totals

==============================================================================

    Total RO  Size (Code + RO Data)                10832 (  10.58kB)
    Total RW  Size (RW Data + ZI Data)              2264 (   2.21kB)
    Total ROM Size (Code + RO Data + RW Data)      10904 (  10.65kB)

==============================================================================

