Component: ARM Compiler 5.06 update 7 (build 960) Tool: armlink [4d3601]

==============================================================================

Section Cross References

    system_xl32f0xx.o(i.$Sub$$main) refers to main.o(i.main) for $Super$$main
    system_xl32f0xx.o(i.$Sub$$main) refers to system_xl32f0xx.o(.ARM.__at_0x20000000) for VECT_SRAM_TAB
    system_xl32f0xx.o(i.SystemCoreClockUpdate) refers to uidiv.o(.text) for __aeabi_uidivmod
    system_xl32f0xx.o(i.SystemCoreClockUpdate) refers to system_xl32f0xx.o(.data) for SystemCoreClock
    system_xl32f0xx.o(i.SystemCoreClockUpdate) refers to system_xl32f0xx.o(.constdata) for HSIFreqTable
    startup_xl32f003x6.o(RESET) refers to startup_xl32f003x6.o(STACK) for __initial_sp
    startup_xl32f003x6.o(RESET) refers to startup_xl32f003x6.o(.text) for Reset_Handler
    startup_xl32f003x6.o(RESET) refers to xl32f0xx_it.o(i.NMI_Handler) for NMI_Handler
    startup_xl32f003x6.o(RESET) refers to xl32f0xx_it.o(i.HardFault_Handler) for HardFault_Handler
    startup_xl32f003x6.o(RESET) refers to xl32f0xx_it.o(i.SVC_Handler) for SVC_Handler
    startup_xl32f003x6.o(RESET) refers to xl32f0xx_it.o(i.PendSV_Handler) for PendSV_Handler
    startup_xl32f003x6.o(RESET) refers to xl32f0xx_it.o(i.SysTick_Handler) for SysTick_Handler
    startup_xl32f003x6.o(RESET) refers to bsp_driver.o(i.EXTI4_15_IRQHandler) for EXTI4_15_IRQHandler
    startup_xl32f003x6.o(RESET) refers to bsp_driver.o(i.ADC_COMP_IRQHandler) for ADC_COMP_IRQHandler
    startup_xl32f003x6.o(RESET) refers to bsp_driver.o(i.TIM1_BRK_UP_TRG_COM_IRQHandler) for TIM1_BRK_UP_TRG_COM_IRQHandler
    startup_xl32f003x6.o(RESET) refers to bsp_driver.o(i.USART2_IRQHandler) for USART2_IRQHandler
    startup_xl32f003x6.o(.text) refers to system_xl32f0xx.o(i.SystemInit) for SystemInit
    startup_xl32f003x6.o(.text) refers to entry.o(.ARM.Collect$$$$00000000) for __main
    main.o(i.SystemClock_Config) refers to xl32f0xx_ll_utils.o(i.LL_Init1msTick) for LL_Init1msTick
    main.o(i.SystemClock_Config) refers to xl32f0xx_ll_utils.o(i.LL_SetSystemCoreClock) for LL_SetSystemCoreClock
    main.o(i.main) refers to main.o(i.SystemClock_Config) for SystemClock_Config
    main.o(i.main) refers to bsp_driver.o(i.IWDG_Config) for IWDG_Config
    main.o(i.main) refers to bsp_driver.o(i.uart2_init) for uart2_init
    main.o(i.main) refers to bsp_driver.o(i.timer1_init) for timer1_init
    main.o(i.main) refers to bsp_driver.o(i.ADC_init) for ADC_init
    main.o(i.main) refers to bsp_driver.o(i.infrared_init) for infrared_init
    main.o(i.main) refers to modbus_user.o(i.MBS_MappingInit) for MBS_MappingInit
    main.o(i.main) refers to printfb.o(i.__0printf$bare) for __2printf
    main.o(i.main) refers to bsp_driver.o(i.uart_send_data) for uart_send_data
    main.o(i.main) refers to bsp_driver.o(i.buzz_mode_set) for buzz_mode_set
    main.o(i.main) refers to app.o(i.System_Run) for System_Run
    main.o(i.millis) refers to bsp_driver.o(.data) for sys_ms
    xl32f0xx_it.o(i.SysTick_Handler) refers to bsp_driver.o(.data) for sys_ms
    xl32f0xx_it.o(i.SysTick_Handler) refers to bsp_driver.o(.bss) for buzz_buffer
    app.o(i.System_Run) refers to app.o(i.Task1_infrared_process) for Task1_infrared_process
    app.o(i.System_Run) refers to app.o(i.Task2_uart_process) for Task2_uart_process
    app.o(i.System_Run) refers to app.o(i.Task3_100ms_process) for Task3_100ms_process
    app.o(i.System_Run) refers to app.o(.data) for Infrared_pt
    app.o(i.Task1_infrared_process) refers to app.o(i.infrared_match) for infrared_match
    app.o(i.Task1_infrared_process) refers to bsp_driver.o(.bss) for infrared_state
    app.o(i.Task2_uart_process) refers to app.o(i.ymodem_data_process) for ymodem_data_process
    app.o(i.Task2_uart_process) refers to memcpya.o(.text) for __aeabi_memcpy
    app.o(i.Task2_uart_process) refers to modbus_core.o(i.MBS_CorePoll) for MBS_CorePoll
    app.o(i.Task2_uart_process) refers to main.o(i.millis) for millis
    app.o(i.Task2_uart_process) refers to bsp_driver.o(.bss) for uart_state
    app.o(i.Task2_uart_process) refers to ymodem.o(.bss) for ymodem_session
    app.o(i.Task2_uart_process) refers to modbus_core.o(.bss) for MBS_Buf
    app.o(i.Task3_100ms_process) refers to app.o(i.NVIC_SystemReset) for NVIC_SystemReset
    app.o(i.Task3_100ms_process) refers to bsp_driver.o(i.buzz_mode_set) for buzz_mode_set
    app.o(i.Task3_100ms_process) refers to bsp_driver.o(i.uart_send_data) for uart_send_data
    app.o(i.Task3_100ms_process) refers to uidiv.o(.text) for __aeabi_uidivmod
    app.o(i.Task3_100ms_process) refers to app.o(i.ymodem_timeout_process) for ymodem_timeout_process
    app.o(i.Task3_100ms_process) refers to bsp_driver.o(i.ADC_start) for ADC_start
    app.o(i.Task3_100ms_process) refers to main.o(i.tick_printf) for tick_printf
    app.o(i.Task3_100ms_process) refers to xl32f0xx_ll_utils.o(i.LL_mDelay) for LL_mDelay
    app.o(i.Task3_100ms_process) refers to main.o(i.millis) for millis
[...]
    printf1.o(i.__0vprintf$1) refers to printf1.o(i._printf_core) for _printf_core
    printf1.o(i.__0vprintf$1) refers to xl32f003xx_ll_start_kit.o(i.fputc) for fputc
    printf1.o(i.__0vprintf$1) refers to stdout.o(.data) for __stdout
    printf1.o(i.__0vsnprintf$1) refers to printf1.o(i._printf_core) for _printf_core
    printf1.o(i.__0vsnprintf$1) refers to printf1.o(i._snputc) for _snputc
    printf1.o(i.__0vsprintf$1) refers to printf1.o(i._printf_core) for _printf_core
    printf1.o(i.__0vsprintf$1) refers to printf1.o(i._sputc) for _sputc
    printf1.o(i._printf_core) refers to uidiv.o(.text) for __aeabi_uidivmod
    printf2.o(i.__0fprintf$2) refers to printf2.o(i._printf_core) for _printf_core
    printf2.o(i.__0fprintf$2) refers to xl32f003xx_ll_start_kit.o(i.fputc) for fputc
    printf2.o(i.__0printf$2) refers to printf2.o(i._printf_core) for _printf_core
    printf2.o(i.__0printf$2) refers to xl32f003xx_ll_start_kit.o(i.fputc) for fputc
    printf2.o(i.__0printf$2) refers to stdout.o(.data) for __stdout
    printf2.o(i.__0snprintf$2) refers to printf2.o(i._printf_core) for _printf_core
    printf2.o(i.__0snprintf$2) refers to printf2.o(i._snputc) for _snputc
    printf2.o(i.__0sprintf$2) refers to printf2.o(i._printf_core) for _printf_core
    printf2.o(i.__0sprintf$2) refers to printf2.o(i._sputc) for _sputc
    printf2.o(i.__0vfprintf$2) refers to printf2.o(i._printf_core) for _printf_core
    printf2.o(i.__0vfprintf$2) refers to xl32f003xx_ll_start_kit.o(i.fputc) for fputc
    printf2.o(i.__0vprintf$2) refers to printf2.o(i._printf_core) for _printf_core
    printf2.o(i.__0vprintf$2) refers to xl32f003xx_ll_start_kit.o(i.fputc) for fputc
    printf2.o(i.__0vprintf$2) refers to stdout.o(.data) for __stdout
    printf2.o(i.__0vsnprintf$2) refers to printf2.o(i._printf_core) for _printf_core
    printf2.o(i.__0vsnprintf$2) refers to printf2.o(i._snputc) for _snputc
    printf2.o(i.__0vsprintf$2) refers to printf2.o(i._printf_core) for _printf_core
    printf2.o(i.__0vsprintf$2) refers to printf2.o(i._sputc) for _sputc
    printf3.o(i.__0fprintf$3) refers to printf3.o(i._printf_core) for _printf_core
    printf3.o(i.__0fprintf$3) refers to xl32f003xx_ll_start_kit.o(i.fputc) for fputc
    printf3.o(i.__0printf$3) refers to printf3.o(i._printf_core) for _printf_core
    printf3.o(i.__0printf$3) refers to xl32f003xx_ll_start_kit.o(i.fputc) for fputc
    printf3.o(i.__0printf$3) refers to stdout.o(.data) for __stdout
    printf3.o(i.__0snprintf$3) refers to printf3.o(i._printf_core) for _printf_core
    printf3.o(i.__0snprintf$3) refers to printf3.o(i._snputc) for _snputc
    printf3.o(i.__0sprintf$3) refers to printf3.o(i._printf_core) for _printf_core
    printf3.o(i.__0sprintf$3) refers to printf3.o(i._sputc) for _sputc
    printf3.o(i.__0vfprintf$3) refers to printf3.o(i._printf_core) for _printf_core
    printf3.o(i.__0vfprintf$3) refers to xl32f003xx_ll_start_kit.o(i.fputc) for fputc
    printf3.o(i.__0vprintf$3) refers to printf3.o(i._printf_core) for _printf_core
    printf3.o(i.__0vprintf$3) refers to xl32f003xx_ll_start_kit.o(i.fputc) for fputc
    printf3.o(i.__0vprintf$3) refers to stdout.o(.data) for __stdout
    printf3.o(i.__0vsnprintf$3) refers to printf3.o(i._printf_core) for _printf_core
    printf3.o(i.__0vsnprintf$3) refers to printf3.o(i._snputc) for _snputc
    printf3.o(i.__0vsprintf$3) refers to printf3.o(i._printf_core) for _printf_core
    printf3.o(i.__0vsprintf$3) refers to printf3.o(i._sputc) for _sputc
    printf3.o(i._printf_core) refers to uidiv.o(.text) for __aeabi_uidivmod
    printf4.o(i.__0fprintf$4) refers to printf4.o(i._printf_core) for _printf_core
    printf4.o(i.__0fprintf$4) refers to xl32f003xx_ll_start_kit.o(i.fputc) for fputc
    printf4.o(i.__0printf$4) refers to printf4.o(i._printf_core) for _printf_core
    printf4.o(i.__0printf$4) refers to xl32f003xx_ll_start_kit.o(i.fputc) for fputc
    printf4.o(i.__0printf$4) refers to stdout.o(.data) for __stdout
    printf4.o(i.__0snprintf$4) refers to printf4.o(i._printf_core) for _printf_core
    printf4.o(i.__0snprintf$4) refers to printf4.o(i._snputc) for _snputc
    printf4.o(i.__0sprintf$4) refers to printf4.o(i._printf_core) for _printf_core
    printf4.o(i.__0sprintf$4) refers to printf4.o(i._sputc) for _sputc
    printf4.o(i.__0vfprintf$4) refers to printf4.o(i._printf_core) for _printf_core
    printf4.o(i.__0vfprintf$4) refers to xl32f003xx_ll_start_kit.o(i.fputc) for fputc
    printf4.o(i.__0vprintf$4) refers to printf4.o(i._printf_core) for _printf_core
    printf4.o(i.__0vprintf$4) refers to xl32f003xx_ll_start_kit.o(i.fputc) for fputc
    printf4.o(i.__0vprintf$4) refers to stdout.o(.data) for __stdout
    printf4.o(i.__0vsnprintf$4) refers to printf4.o(i._printf_core) for _printf_core
    printf4.o(i.__0vsnprintf$4) refers to printf4.o(i._snputc) for _snputc
    printf4.o(i.__0vsprintf$4) refers to printf4.o(i._printf_core) for _printf_core
    printf4.o(i.__0vsprintf$4) refers to printf4.o(i._sputc) for _sputc
    printf4.o(i._printf_core) refers to uldiv.o(.text) for __aeabi_uldivmod
    printf5.o(i.__0fprintf$5) refers to printf5.o(i._printf_core) for _printf_core
    printf5.o(i.__0fprintf$5) refers to xl32f003xx_ll_start_kit.o(i.fputc) for fputc
    printf5.o(i.__0printf$5) refers to printf5.o(i._printf_core) for _printf_core
    printf5.o(i.__0printf$5) refers to xl32f003xx_ll_start_kit.o(i.fputc) for fputc
    printf5.o(i.__0printf$5) refers to stdout.o(.data) for __stdout
    printf5.o(i.__0snprintf$5) refers to printf5.o(i._printf_core) for _printf_core
    printf5.o(i.__0snprintf$5) refers to printf5.o(i._snputc) for _snputc
    printf5.o(i.__0sprintf$5) refers to printf5.o(i._printf_core) for _printf_core
    printf5.o(i.__0sprintf$5) refers to printf5.o(i._sputc) for _sputc
    printf5.o(i.__0vfprintf$5) refers to printf5.o(i._printf_core) for _printf_core
    printf5.o(i.__0vfprintf$5) refers to xl32f003xx_ll_start_kit.o(i.fputc) for fputc
    printf5.o(i.__0vprintf$5) refers to printf5.o(i._printf_core) for _printf_core
    printf5.o(i.__0vprintf$5) refers to xl32f003xx_ll_start_kit.o(i.fputc) for fputc
    printf5.o(i.__0vprintf$5) refers to stdout.o(.data) for __stdout
    printf5.o(i.__0vsnprintf$5) refers to printf5.o(i._printf_core) for _printf_core
    printf5.o(i.__0vsnprintf$5) refers to printf5.o(i._snputc) for _snputc
    printf5.o(i.__0vsprintf$5) refers to printf5.o(i._printf_core) for _printf_core
    printf5.o(i.__0vsprintf$5) refers to printf5.o(i._sputc) for _sputc
    printf5.o(i._printf_core) refers to uldiv.o(.text) for __aeabi_uldivmod
    printf6.o(i.__0fprintf$6) refers to printf6.o(i._printf_core) for _printf_core
    printf6.o(i.__0fprintf$6) refers to xl32f003xx_ll_start_kit.o(i.fputc) for fputc
    printf6.o(i.__0printf$6) refers to printf6.o(i._printf_core) for _printf_core
    printf6.o(i.__0printf$6) refers to xl32f003xx_ll_start_kit.o(i.fputc) for fputc
    printf6.o(i.__0printf$6) refers to stdout.o(.data) for __stdout
    printf6.o(i.__0snprintf$6) refers to printf6.o(i._printf_core) for _printf_core
    printf6.o(i.__0snprintf$6) refers to printf6.o(i._snputc) for _snputc
    printf6.o(i.__0sprintf$6) refers to printf6.o(i._printf_core) for _printf_core
    printf6.o(i.__0sprintf$6) refers to printf6.o(i._sputc) for _sputc
    printf6.o(i.__0vfprintf$6) refers to printf6.o(i._printf_core) for _printf_core
    printf6.o(i.__0vfprintf$6) refers to xl32f003xx_ll_start_kit.o(i.fputc) for fputc
    printf6.o(i.__0vprintf$6) refers to printf6.o(i._printf_core) for _printf_core
    printf6.o(i.__0vprintf$6) refers to xl32f003xx_ll_start_kit.o(i.fputc) for fputc
    printf6.o(i.__0vprintf$6) refers to stdout.o(.data) for __stdout
    printf6.o(i.__0vsnprintf$6) refers to printf6.o(i._printf_core) for _printf_core
    printf6.o(i.__0vsnprintf$6) refers to printf6.o(i._snputc) for _snputc
    printf6.o(i.__0vsprintf$6) refers to printf6.o(i._printf_core) for _printf_core
    printf6.o(i.__0vsprintf$6) refers to printf6.o(i._sputc) for _sputc
    printf6.o(i._printf_core) refers to printf6.o(i._printf_pre_padding) for _printf_pre_padding
    printf6.o(i._printf_core) refers to printf6.o(i._printf_post_padding) for _printf_post_padding
    printf6.o(i._printf_core) refers to uidiv.o(.text) for __aeabi_uidivmod
    printf7.o(i.__0fprintf$7) refers to printf7.o(i._printf_core) for _printf_core
    printf7.o(i.__0fprintf$7) refers to xl32f003xx_ll_start_kit.o(i.fputc) for fputc
    printf7.o(i.__0printf$7) refers to printf7.o(i._printf_core) for _printf_core
    printf7.o(i.__0printf$7) refers to xl32f003xx_ll_start_kit.o(i.fputc) for fputc
    printf7.o(i.__0printf$7) refers to stdout.o(.data) for __stdout
    printf7.o(i.__0snprintf$7) refers to printf7.o(i._printf_core) for _printf_core
    printf7.o(i.__0snprintf$7) refers to printf7.o(i._snputc) for _snputc
    printf7.o(i.__0sprintf$7) refers to printf7.o(i._printf_core) for _printf_core
    printf7.o(i.__0sprintf$7) refers to printf7.o(i._sputc) for _sputc
    printf7.o(i.__0vfprintf$7) refers to printf7.o(i._printf_core) for _printf_core
    printf7.o(i.__0vfprintf$7) refers to xl32f003xx_ll_start_kit.o(i.fputc) for fputc
    printf7.o(i.__0vprintf$7) refers to printf7.o(i._printf_core) for _printf_core
    printf7.o(i.__0vprintf$7) refers to xl32f003xx_ll_start_kit.o(i.fputc) for fputc
    printf7.o(i.__0vprintf$7) refers to stdout.o(.data) for __stdout
    printf7.o(i.__0vsnprintf$7) refers to printf7.o(i._printf_core) for _printf_core
    printf7.o(i.__0vsnprintf$7) refers to printf7.o(i._snputc) for _snputc
    printf7.o(i.__0vsprintf$7) refers to printf7.o(i._printf_core) for _printf_core
    printf7.o(i.__0vsprintf$7) refers to printf7.o(i._sputc) for _sputc
    printf7.o(i._printf_core) refers to printf7.o(i._printf_pre_padding) for _printf_pre_padding
    printf7.o(i._printf_core) refers to printf7.o(i._printf_post_padding) for _printf_post_padding
    printf7.o(i._printf_core) refers to uldiv.o(.text) for __aeabi_uldivmod
    printf8.o(i.__0fprintf$8) refers to printf8.o(i._printf_core) for _printf_core
    printf8.o(i.__0fprintf$8) refers to xl32f003xx_ll_start_kit.o(i.fputc) for fputc
    printf8.o(i.__0printf$8) refers to printf8.o(i._printf_core) for _printf_core
    printf8.o(i.__0printf$8) refers to xl32f003xx_ll_start_kit.o(i.fputc) for fputc
    printf8.o(i.__0printf$8) refers to stdout.o(.data) for __stdout
    printf8.o(i.__0snprintf$8) refers to printf8.o(i._printf_core) for _printf_core
    printf8.o(i.__0snprintf$8) refers to printf8.o(i._snputc) for _snputc
    printf8.o(i.__0sprintf$8) refers to printf8.o(i._printf_core) for _printf_core
    printf8.o(i.__0sprintf$8) refers to printf8.o(i._sputc) for _sputc
    printf8.o(i.__0vfprintf$8) refers to printf8.o(i._printf_core) for _printf_core
    printf8.o(i.__0vfprintf$8) refers to xl32f003xx_ll_start_kit.o(i.fputc) for fputc
    printf8.o(i.__0vprintf$8) refers to printf8.o(i._printf_core) for _printf_core
    printf8.o(i.__0vprintf$8) refers to xl32f003xx_ll_start_kit.o(i.fputc) for fputc
    printf8.o(i.__0vprintf$8) refers to stdout.o(.data) for __stdout
    printf8.o(i.__0vsnprintf$8) refers to printf8.o(i._printf_core) for _printf_core
    printf8.o(i.__0vsnprintf$8) refers to printf8.o(i._snputc) for _snputc
    printf8.o(i.__0vsprintf$8) refers to printf8.o(i._printf_core) for _printf_core
    printf8.o(i.__0vsprintf$8) refers to printf8.o(i._sputc) for _sputc
    printf8.o(i._printf_core) refers to printf8.o(i._printf_pre_padding) for _printf_pre_padding
    printf8.o(i._printf_core) refers to printf8.o(i._printf_post_padding) for _printf_post_padding
    printf8.o(i._printf_core) refers to uldiv.o(.text) for __aeabi_uldivmod
    printfa.o(i.__0fprintf) refers (Special) to iusefp.o(.text) for __I$use$fp
    printfa.o(i.__0fprintf) refers to printfa.o(i._printf_core) for _printf_core
    printfa.o(i.__0fprintf) refers to xl32f003xx_ll_start_kit.o(i.fputc) for fputc
    printfa.o(i.__0printf) refers (Special) to iusefp.o(.text) for __I$use$fp
    printfa.o(i.__0printf) refers to printfa.o(i._printf_core) for _printf_core
    printfa.o(i.__0printf) refers to xl32f003xx_ll_start_kit.o(i.fputc) for fputc
    printfa.o(i.__0printf) refers to stdout.o(.data) for __stdout
    printfa.o(i.__0snprintf) refers (Special) to iusefp.o(.text) for __I$use$fp
    printfa.o(i.__0snprintf) refers to printfa.o(i._printf_core) for _printf_core
    printfa.o(i.__0snprintf) refers to printfa.o(i._snputc) for _snputc
    printfa.o(i.__0sprintf) refers (Special) to iusefp.o(.text) for __I$use$fp
    printfa.o(i.__0sprintf) refers to printfa.o(i._printf_core) for _printf_core
    printfa.o(i.__0sprintf) refers to printfa.o(i._sputc) for _sputc
    printfa.o(i.__0vfprintf) refers (Special) to iusefp.o(.text) for __I$use$fp
    printfa.o(i.__0vfprintf) refers to printfa.o(i._printf_core) for _printf_core
    printfa.o(i.__0vfprintf) refers to xl32f003xx_ll_start_kit.o(i.fputc) for fputc
    printfa.o(i.__0vprintf) refers (Special) to iusefp.o(.text) for __I$use$fp
    printfa.o(i.__0vprintf) refers to printfa.o(i._printf_core) for _printf_core
    printfa.o(i.__0vprintf) refers to xl32f003xx_ll_start_kit.o(i.fputc) for fputc
    printfa.o(i.__0vprintf) refers to stdout.o(.data) for __stdout
    printfa.o(i.__0vsnprintf) refers (Special) to iusefp.o(.text) for __I$use$fp
    printfa.o(i.__0vsnprintf) refers to printfa.o(i._printf_core) for _printf_core
    printfa.o(i.__0vsnprintf) refers to printfa.o(i._snputc) for _snputc
    printfa.o(i.__0vsprintf) refers (Special) to iusefp.o(.text) for __I$use$fp
    printfa.o(i.__0vsprintf) refers to printfa.o(i._printf_core) for _printf_core
    printfa.o(i.__0vsprintf) refers to printfa.o(i._sputc) for _sputc
    printfa.o(i._fp_digits) refers (Special) to iusefp.o(.text) for __I$use$fp
    printfa.o(i._fp_digits) refers to dmul.o(.text) for __aeabi_dmul
    printfa.o(i._fp_digits) refers to ddiv.o(.text) for __aeabi_ddiv
    printfa.o(i._fp_digits) refers to cdrcmple.o(.text) for __aeabi_cdrcmple
    printfa.o(i._fp_digits) refers to dadd.o(.text) for __aeabi_dadd
    printfa.o(i._fp_digits) refers to dfixul.o(.text) for __aeabi_d2ulz
    printfa.o(i._fp_digits) refers to uldiv.o(.text) for __aeabi_uldivmod
    printfa.o(i._printf_core) refers (Special) to iusefp.o(.text) for __I$use$fp
    printfa.o(i._printf_core) refers to printfa.o(i._printf_pre_padding) for _printf_pre_padding
    printfa.o(i._printf_core) refers to uldiv.o(.text) for __aeabi_uldivmod
    printfa.o(i._printf_core) refers to printfa.o(i._printf_post_padding) for _printf_post_padding
    printfa.o(i._printf_core) refers to printfa.o(i._fp_digits) for _fp_digits
    printfa.o(i._printf_core) refers to uidiv.o(.text) for __aeabi_uidivmod
    printfa.o(i._printf_post_padding) refers (Special) to iusefp.o(.text) for __I$use$fp
    printfa.o(i._printf_pre_padding) refers (Special) to iusefp.o(.text) for __I$use$fp
    printfa.o(i._snputc) refers (Special) to iusefp.o(.text) for __I$use$fp
    printfa.o(i._sputc) refers (Special) to iusefp.o(.text) for __I$use$fp
    dadd.o(.text) refers (Special) to iusefp.o(.text) for __I$use$fp
    dadd.o(.text) refers to llshl.o(.text) for __aeabi_llsl
    dadd.o(.text) refers to llsshr.o(.text) for __aeabi_lasr
    dadd.o(.text) refers to depilogue.o(.text) for _double_epilogue
    dmul.o(.text) refers (Special) to iusefp.o(.text) for __I$use$fp
    dmul.o(.text) refers to depilogue.o(.text) for _double_epilogue
    ddiv.o(.text) refers (Special) to iusefp.o(.text) for __I$use$fp
    ddiv.o(.text) refers to depilogue.o(.text) for _double_round
    dflti.o(.text) refers (Special) to iusefp.o(.text) for __I$use$fp
    dflti.o(.text) refers to depilogue.o(.text) for _double_epilogue
    dfltui.o(.text) refers (Special) to iusefp.o(.text) for __I$use$fp
    dfltui.o(.text) refers to depilogue.o(.text) for _double_epilogue
    dfixui.o(.text) refers (Special) to iusefp.o(.text) for __I$use$fp
    dfixui.o(.text) refers to llushr.o(.text) for __aeabi_llsr
    entry2.o(.ARM.Collect$$$$00000001) refers to entry2.o(.ARM.Collect$$$$00002712) for __lit__00000000
    entry2.o(.ARM.Collect$$$$00002712) refers to startup_xl32f003x6.o(STACK) for __initial_sp
    entry2.o(__vectab_stack_and_reset_area) refers to startup_xl32f003x6.o(STACK) for __initial_sp
    entry2.o(__vectab_stack_and_reset_area) refers to entry.o(.ARM.Collect$$$$00000000) for __main
    entry5.o(.ARM.Collect$$$$00000004) refers to init.o(.text) for __scatterload
    entry9a.o(.ARM.Collect$$$$0000000B) refers to system_xl32f0xx.o(i.$Sub$$main) for main
    entry9b.o(.ARM.Collect$$$$0000000C) refers to system_xl32f0xx.o(i.$Sub$$main) for main
    uldiv.o(.text) refers to llushr.o(.text) for __aeabi_llsr
    uldiv.o(.text) refers to llshl.o(.text) for __aeabi_llsl
    depilogue.o(.text) refers to depilogue.o(i.__ARM_clz) for __ARM_clz
    depilogue.o(.text) refers to llshl.o(.text) for __aeabi_llsl
    depilogue.o(.text) refers to llushr.o(.text) for __aeabi_llsr
    dfixul.o(.text) refers to llushr.o(.text) for __aeabi_llsr
    dfixul.o(.text) refers to llshl.o(.text) for __aeabi_llsl
    init.o(.text) refers to entry5.o(.ARM.Collect$$$$00000004) for __main_after_scatterload


==============================================================================

Removing Unused input sections from the image.

    Removing system_xl32f0xx.o(.rev16_text), (4 bytes).
    Removing system_xl32f0xx.o(.revsh_text), (4 bytes).
    Removing system_xl32f0xx.o(i.SystemCoreClockUpdate), (140 bytes).
    Removing startup_xl32f003x6.o(HEAP), (0 bytes).
    Removing main.o(.rev16_text), (4 bytes).
    Removing main.o(.revsh_text), (4 bytes).
    Removing main.o(i.Error_Handler), (4 bytes).
    Removing main.o(.constdata), (38 bytes).
    Removing xl32f0xx_it.o(.rev16_text), (4 bytes).
    Removing xl32f0xx_it.o(.revsh_text), (4 bytes).
    Removing xl32f0xx_it.o(.constdata), (38 bytes).
    Removing app.o(.rev16_text), (4 bytes).
    Removing app.o(.revsh_text), (4 bytes).
    Removing ymodem.o(.rev16_text), (4 bytes).
    Removing ymodem.o(.revsh_text), (4 bytes).
    Removing ymodem.o(i.ymodem_init), (24 bytes).
    Removing xl32f003xx_ll_start_kit.o(.rev16_text), (4 bytes).
    Removing xl32f003xx_ll_start_kit.o(.revsh_text), (4 bytes).
    Removing xl32f003xx_ll_start_kit.o(i.BSP_GetVersion), (6 bytes).
    Removing xl32f003xx_ll_start_kit.o(i.BSP_LED_DeInit), (48 bytes).
    Removing xl32f003xx_ll_start_kit.o(i.BSP_LED_Init), (60 bytes).
    Removing xl32f003xx_ll_start_kit.o(i.BSP_LED_Off), (32 bytes).
    Removing xl32f003xx_ll_start_kit.o(i.BSP_LED_On), (32 bytes).
    Removing xl32f003xx_ll_start_kit.o(i.BSP_LED_Toggle), (32 bytes).
    Removing xl32f003xx_ll_start_kit.o(i.BSP_PB_DeInit), (60 bytes).
    Removing xl32f003xx_ll_start_kit.o(i.BSP_PB_GetState), (44 bytes).
    Removing xl32f003xx_ll_start_kit.o(i.BSP_PB_Init), (160 bytes).
    Removing xl32f003xx_ll_start_kit.o(i.BSP_USART_Config), (288 bytes).
    Removing xl32f003xx_ll_start_kit.o(i.LL_GPIO_ResetOutputPin), (4 bytes).
    Removing xl32f003xx_ll_start_kit.o(i.LL_GPIO_SetAFPin_0_7), (36 bytes).
    Removing xl32f003xx_ll_start_kit.o(i.LL_GPIO_SetOutputPin), (4 bytes).
    Removing xl32f003xx_ll_start_kit.o(i.LL_GPIO_SetPinMode), (26 bytes).
    Removing xl32f003xx_ll_start_kit.o(i.LL_GPIO_SetPinPull), (26 bytes).
    Removing xl32f003xx_ll_start_kit.o(i.LL_GPIO_SetPinSpeed), (26 bytes).
    Removing xl32f003xx_ll_start_kit.o(i.LL_IOP_GRP1_EnableClock), (28 bytes).
    Removing xl32f003xx_ll_start_kit.o(i.LL_USART_SetBaudRate), (306 bytes).
    Removing xl32f003xx_ll_start_kit.o(i.NVIC_SetPriority), (120 bytes).
    Removing xl32f003xx_ll_start_kit.o(i.fgetc), (36 bytes).
    Removing xl32f003xx_ll_start_kit.o(.constdata), (16 bytes).
    Removing xl32f003xx_ll_start_kit.o(.data), (8 bytes).
    Removing xl32f0xx_ll_exti.o(.rev16_text), (4 bytes).
    Removing xl32f0xx_ll_exti.o(.revsh_text), (4 bytes).
    Removing xl32f0xx_ll_exti.o(i.LL_EXTI_DeInit), (40 bytes).
    Removing xl32f0xx_ll_exti.o(i.LL_EXTI_StructInit), (14 bytes).
    Removing xl32f0xx_ll_gpio.o(.rev16_text), (4 bytes).
    Removing xl32f0xx_ll_gpio.o(.revsh_text), (4 bytes).
    Removing xl32f0xx_ll_gpio.o(i.LL_GPIO_DeInit), (84 bytes).
    Removing xl32f0xx_ll_gpio.o(i.LL_GPIO_StructInit), (24 bytes).
    Removing xl32f0xx_ll_gpio.o(i.LL_IOP_GRP1_ForceReset), (16 bytes).
    Removing xl32f0xx_ll_gpio.o(i.LL_IOP_GRP1_ReleaseReset), (16 bytes).
    Removing xl32f0xx_ll_rcc.o(.rev16_text), (4 bytes).
    Removing xl32f0xx_ll_rcc.o(.revsh_text), (4 bytes).
    Removing xl32f0xx_ll_rcc.o(i.LL_RCC_DeInit), (132 bytes).
    Removing xl32f0xx_ll_rcc.o(i.LL_RCC_GetCOMPClockFreq), (118 bytes).
    Removing xl32f0xx_ll_rcc.o(i.LL_RCC_GetCOMPClockSource), (20 bytes).
    Removing xl32f0xx_ll_rcc.o(i.LL_RCC_GetLPTIMClockFreq), (92 bytes).
    Removing xl32f0xx_ll_rcc.o(i.LL_RCC_GetLSCClockFreq), (6 bytes).
    Removing xl32f0xx_ll_rcc.o(i.LL_RCC_GetMCOClockFreq), (180 bytes).
    Removing xl32f0xx_ll_rcc.o(i.LL_RCC_GetPVDClockFreq), (64 bytes).
    Removing xl32f0xx_ll_rcc.o(i.LL_RCC_GetRTCClockFreq), (88 bytes).
    Removing xl32f0xx_ll_rcc.o(i.LL_RCC_HSE_IsReady), (20 bytes).
    Removing xl32f0xx_ll_rcc.o(i.LL_RCC_LSI_IsReady), (16 bytes).
    Removing xl32f0xx_ll_tim.o(.rev16_text), (4 bytes).
    Removing xl32f0xx_ll_tim.o(.revsh_text), (4 bytes).
    Removing xl32f0xx_ll_tim.o(i.IC1Config), (54 bytes).
    Removing xl32f0xx_ll_tim.o(i.IC2Config), (58 bytes).
    Removing xl32f0xx_ll_tim.o(i.IC3Config), (62 bytes).
    Removing xl32f0xx_ll_tim.o(i.IC4Config), (64 bytes).
    Removing xl32f0xx_ll_tim.o(i.LL_APB1_GRP1_ForceReset), (16 bytes).
    Removing xl32f0xx_ll_tim.o(i.LL_APB1_GRP1_ReleaseReset), (16 bytes).
    Removing xl32f0xx_ll_tim.o(i.LL_APB1_GRP2_ForceReset), (16 bytes).
    Removing xl32f0xx_ll_tim.o(i.LL_APB1_GRP2_ReleaseReset), (16 bytes).
    Removing xl32f0xx_ll_tim.o(i.LL_TIM_BDTR_Init), (114 bytes).
    Removing xl32f0xx_ll_tim.o(i.LL_TIM_BDTR_StructInit), (18 bytes).
    Removing xl32f0xx_ll_tim.o(i.LL_TIM_DeInit), (140 bytes).
    Removing xl32f0xx_ll_tim.o(i.LL_TIM_ENCODER_Init), (110 bytes).
    Removing xl32f0xx_ll_tim.o(i.LL_TIM_ENCODER_StructInit), (36 bytes).
    Removing xl32f0xx_ll_tim.o(i.LL_TIM_HALLSENSOR_Init), (142 bytes).
    Removing xl32f0xx_ll_tim.o(i.LL_TIM_HALLSENSOR_StructInit), (12 bytes).
    Removing xl32f0xx_ll_tim.o(i.LL_TIM_IC_Init), (92 bytes).
    Removing xl32f0xx_ll_tim.o(i.LL_TIM_IC_StructInit), (18 bytes).
    Removing xl32f0xx_ll_tim.o(i.LL_TIM_OC_Init), (92 bytes).
    Removing xl32f0xx_ll_tim.o(i.LL_TIM_OC_SetCompareCH2), (4 bytes).
    Removing xl32f0xx_ll_tim.o(i.LL_TIM_OC_StructInit), (20 bytes).
    Removing xl32f0xx_ll_tim.o(i.LL_TIM_StructInit), (18 bytes).
    Removing xl32f0xx_ll_tim.o(i.OC1Config), (160 bytes).
    Removing xl32f0xx_ll_tim.o(i.OC2Config), (188 bytes).
    Removing xl32f0xx_ll_tim.o(i.OC3Config), (180 bytes).
    Removing xl32f0xx_ll_tim.o(i.OC4Config), (140 bytes).
    Removing xl32f0xx_ll_tim.o(.constdata), (35 bytes).
    Removing xl32f0xx_ll_usart.o(.rev16_text), (4 bytes).
    Removing xl32f0xx_ll_usart.o(.revsh_text), (4 bytes).
    Removing xl32f0xx_ll_usart.o(i.LL_USART_ClockInit), (74 bytes).
    Removing xl32f0xx_ll_usart.o(i.LL_USART_ClockStructInit), (12 bytes).
    Removing xl32f0xx_ll_usart.o(i.LL_USART_DeInit), (96 bytes).
    Removing xl32f0xx_ll_usart.o(i.LL_USART_StructInit), (26 bytes).
    Removing xl32f0xx_ll_utils.o(.rev16_text), (4 bytes).
    Removing xl32f0xx_ll_utils.o(.revsh_text), (4 bytes).
    Removing xl32f0xx_ll_utils.o(i.LL_SetFlashLatency), (100 bytes).
    Removing bsp_driver.o(.rev16_text), (4 bytes).
    Removing bsp_driver.o(.revsh_text), (4 bytes).
    Removing flash_driver.o(.rev16_text), (4 bytes).
    Removing flash_driver.o(.revsh_text), (4 bytes).
    Removing flash_driver.o(i.JumpToApp), (36 bytes).
    Removing flash_driver.o(i.flash_check_busy), (2 bytes).
    Removing flash_driver.o(i.flash_page_erase), (152 bytes).
    Removing modbus_core.o(.rev16_text), (4 bytes).
    Removing modbus_core.o(.revsh_text), (4 bytes).
    Removing modbus_core.o(.constdata), (38 bytes).
    Removing modbus_hook.o(.rev16_text), (4 bytes).
    Removing modbus_hook.o(.revsh_text), (4 bytes).
    Removing modbus_hook.o(.constdata), (38 bytes).
    Removing modbus_user.o(.rev16_text), (4 bytes).
    Removing modbus_user.o(.revsh_text), (4 bytes).
    Removing modbus_user.o(.constdata), (38 bytes).
    Removing dfixul.o(.text), (64 bytes).
    Removing cdrcmple.o(.text), (40 bytes).

117 unused section(s) (total 5245 bytes) removed from the image.

==============================================================================

Image Symbol Table

    Local Symbols

    Symbol Name                              Value     Ov Type        Size  Object(Section)

    ../clib/../cmprslib/zerorunl.c           0x00000000   Number         0  __dczerorl.o ABSOLUTE
    ../clib/microlib/division.c              0x00000000   Number         0  uidiv.o ABSOLUTE
    ../clib/microlib/division.c              0x00000000   Number         0  uldiv.o ABSOLUTE
    ../clib/microlib/init/entry.s            0x00000000   Number         0  entry8b.o ABSOLUTE
    ../clib/microlib/init/entry.s            0x00000000   Number         0  entry8a.o ABSOLUTE
    ../clib/microlib/init/entry.s            0x00000000   Number         0  entry9a.o ABSOLUTE
    ../clib/microlib/init/entry.s            0x00000000   Number         0  entry7b.o ABSOLUTE
    ../clib/microlib/init/entry.s            0x00000000   Number         0  entry7a.o ABSOLUTE
    ../clib/microlib/init/entry.s            0x00000000   Number         0  entry.o ABSOLUTE
    ../clib/microlib/init/entry.s            0x00000000   Number         0  entry12a.o ABSOLUTE
    ../clib/microlib/init/entry.s            0x00000000   Number         0  entry9b.o ABSOLUTE
    ../clib/microlib/init/entry.s            0x00000000   Number         0  entry2.o ABSOLUTE
    ../clib/microlib/init/entry.s            0x00000000   Number         0  entry10a.o ABSOLUTE
    ../clib/microlib/init/entry.s            0x00000000   Number         0  entry10b.o ABSOLUTE
    ../clib/microlib/init/entry.s            0x00000000   Number         0  entry11a.o ABSOLUTE
    ../clib/microlib/init/entry.s            0x00000000   Number         0  entry12b.o ABSOLUTE
    ../clib/microlib/init/entry.s            0x00000000   Number         0  entry11b.o ABSOLUTE
    ../clib/microlib/init/entry.s            0x00000000   Number         0  entry5.o ABSOLUTE
    ../clib/microlib/longlong.c              0x00000000   Number         0  llsshr.o ABSOLUTE
    ../clib/microlib/longlong.c              0x00000000   Number         0  llushr.o ABSOLUTE
    ../clib/microlib/longlong.c              0x00000000   Number         0  llshl.o ABSOLUTE
    ../clib/microlib/printf/printf.c         0x00000000   Number         0  printfb.o ABSOLUTE
    ../clib/microlib/printf/printf.c         0x00000000   Number         0  printf2.o ABSOLUTE
    ../clib/microlib/printf/printf.c         0x00000000   Number         0  printf3.o ABSOLUTE
    ../clib/microlib/printf/printf.c         0x00000000   Number         0  printf4.o ABSOLUTE
    ../clib/microlib/printf/printf.c         0x00000000   Number         0  printf5.o ABSOLUTE
    ../clib/microlib/printf/printf.c         0x00000000   Number         0  printf6.o ABSOLUTE
    ../clib/microlib/printf/printf.c         0x00000000   Number         0  printf7.o ABSOLUTE
    ../clib/microlib/printf/printf.c         0x00000000   Number         0  printf8.o ABSOLUTE
    ../clib/microlib/printf/printf.c         0x00000000   Number         0  printfa.o ABSOLUTE
    ../clib/microlib/printf/printf.c         0x00000000   Number         0  printf1.o ABSOLUTE
    ../clib/microlib/printf/printf.c         0x00000000   Number         0  printf0.o ABSOLUTE
    ../clib/microlib/stdio/streams.c         0x00000000   Number         0  stdout.o ABSOLUTE
    ../clib/microlib/string/memcpy.c         0x00000000   Number         0  memcpyb.o ABSOLUTE
    ../clib/microlib/string/memcpy.c         0x00000000   Number         0  memcpya.o ABSOLUTE
    ../clib/microlib/string/memset.c         0x00000000   Number         0  memseta.o ABSOLUTE
    ../clib/microlib/stubs.s                 0x00000000   Number         0  iusefp.o ABSOLUTE
    ../fplib/microlib/fpadd.c                0x00000000   Number         0  dadd.o ABSOLUTE
    ../fplib/microlib/fpdiv.c                0x00000000   Number         0  ddiv.o ABSOLUTE
    ../fplib/microlib/fpepilogue.c           0x00000000   Number         0  depilogue.o ABSOLUTE
    ../fplib/microlib/fpfix.c                0x00000000   Number         0  dfixui.o ABSOLUTE
    ../fplib/microlib/fpfix.c                0x00000000   Number         0  dfixul.o ABSOLUTE
    ../fplib/microlib/fpflt.c                0x00000000   Number         0  dflti.o ABSOLUTE
    ../fplib/microlib/fpflt.c                0x00000000   Number         0  dfltui.o ABSOLUTE
    ../fplib/microlib/fpmul.c                0x00000000   Number         0  dmul.o ABSOLUTE
    ..\APP\app.c                             0x00000000   Number         0  app.o ABSOLUTE
    ..\APP\bsp_driver.c                      0x00000000   Number         0  bsp_driver.o ABSOLUTE
    ..\APP\flash_driver.c                    0x00000000   Number         0  flash_driver.o ABSOLUTE
    ..\Drivers\BSP\XL32F003xx_Start_Kit\xl32f003xx_ll_Start_Kit.c 0x00000000   Number         0  xl32f003xx_ll_start_kit.o ABSOLUTE
    ..\Drivers\CMSIS\Device\XL32F0xx\Source\arm\startup_xl32f003x6.s 0x00000000   Number         0  startup_xl32f003x6.o ABSOLUTE
    ..\Drivers\CMSIS\Device\XL32F0xx\Source\system_xl32f0xx.c 0x00000000   Number         0  system_xl32f0xx.o ABSOLUTE
    ..\Drivers\XL32F0xx_HAL_Driver\Src\xl32f0xx_ll_exti.c 0x00000000   Number         0  xl32f0xx_ll_exti.o ABSOLUTE
    ..\Drivers\XL32F0xx_HAL_Driver\Src\xl32f0xx_ll_gpio.c 0x00000000   Number         0  xl32f0xx_ll_gpio.o ABSOLUTE
    ..\Drivers\XL32F0xx_HAL_Driver\Src\xl32f0xx_ll_rcc.c 0x00000000   Number         0  xl32f0xx_ll_rcc.o ABSOLUTE
    ..\Drivers\XL32F0xx_HAL_Driver\Src\xl32f0xx_ll_tim.c 0x00000000   Number         0  xl32f0xx_ll_tim.o ABSOLUTE
    ..\Drivers\XL32F0xx_HAL_Driver\Src\xl32f0xx_ll_usart.c 0x00000000   Number         0  xl32f0xx_ll_usart.o ABSOLUTE
    ..\Drivers\XL32F0xx_HAL_Driver\Src\xl32f0xx_ll_utils.c 0x00000000   Number         0  xl32f0xx_ll_utils.o ABSOLUTE
    ..\Src\main.c                            0x00000000   Number         0  main.o ABSOLUTE
    ..\Src\xl32f0xx_it.c                     0x00000000   Number         0  xl32f0xx_it.o ABSOLUTE
    ..\\APP\\app.c                           0x00000000   Number         0  app.o ABSOLUTE
    ..\\APP\\bsp_driver.c                    0x00000000   Number         0  bsp_driver.o ABSOLUTE
    ..\\APP\\flash_driver.c                  0x00000000   Number         0  flash_driver.o ABSOLUTE
    ..\\Drivers\\BSP\\XL32F003xx_Start_Kit\\xl32f003xx_ll_Start_Kit.c 0x00000000   Number         0  xl32f003xx_ll_start_kit.o ABSOLUTE
    ..\\Drivers\\CMSIS\\Device\\XL32F0xx\\Source\\system_xl32f0xx.c 0x00000000   Number         0  system_xl32f0xx.o ABSOLUTE
    ..\\Drivers\\XL32F0xx_HAL_Driver\\Src\\xl32f0xx_ll_exti.c 0x00000000   Number         0  xl32f0xx_ll_exti.o ABSOLUTE
    ..\\Drivers\\XL32F0xx_HAL_Driver\\Src\\xl32f0xx_ll_gpio.c 0x00000000   Number         0  xl32f0xx_ll_gpio.o ABSOLUTE
    ..\\Drivers\\XL32F0xx_HAL_Driver\\Src\\xl32f0xx_ll_rcc.c 0x00000000   Number         0  xl32f0xx_ll_rcc.o ABSOLUTE
    ..\\Drivers\\XL32F0xx_HAL_Driver\\Src\\xl32f0xx_ll_tim.c 0x00000000   Number         0  xl32f0xx_ll_tim.o ABSOLUTE
    ..\\Drivers\\XL32F0xx_HAL_Driver\\Src\\xl32f0xx_ll_usart.c 0x00000000   Number         0  xl32f0xx_ll_usart.o ABSOLUTE
    ..\\Drivers\\XL32F0xx_HAL_Driver\\Src\\xl32f0xx_ll_utils.c 0x00000000   Number         0  xl32f0xx_ll_utils.o ABSOLUTE
    ..\\Src\\main.c                          0x00000000   Number         0  main.o ABSOLUTE
    ..\\Src\\xl32f0xx_it.c                   0x00000000   Number         0  xl32f0xx_it.o ABSOLUTE
    ..\\modbus\\Modbus_Core.c                0x00000000   Number         0  modbus_core.o ABSOLUTE
    ..\\modbus\\Modbus_User.c                0x00000000   Number         0  modbus_user.o ABSOLUTE
    ..\\modbus\\Modbus_hook.c                0x00000000   Number         0  modbus_hook.o ABSOLUTE
    ..\\ymodem\\ymodem.c                     0x00000000   Number         0  ymodem.o ABSOLUTE
    ..\modbus\Modbus_CRC.c                   0x00000000   Number         0  modbus_crc.o ABSOLUTE
    ..\modbus\Modbus_Core.c                  0x00000000   Number         0  modbus_core.o ABSOLUTE
    ..\modbus\Modbus_User.c                  0x00000000   Number         0  modbus_user.o ABSOLUTE
    ..\modbus\Modbus_hook.c                  0x00000000   Number         0  modbus_hook.o ABSOLUTE
    ..\ymodem\ymodem.c                       0x00000000   Number         0  ymodem.o ABSOLUTE
    cdrcmple.s                               0x00000000   Number         0  cdrcmple.o ABSOLUTE
    dc.s                                     0x00000000   Number         0  dc.o ABSOLUTE
    handlers.s                               0x00000000   Number         0  handlers.o ABSOLUTE
    init.s                                   0x00000000   Number         0  init.o ABSOLUTE
    RESET                                    0x08000000   Section      192  startup_xl32f003x6.o(RESET)
    .ARM.Collect$$$$00000000                 0x080000c0   Section        0  entry.o(.ARM.Collect$$$$00000000)
    .ARM.Collect$$$$00000001                 0x080000c0   Section        4  entry2.o(.ARM.Collect$$$$00000001)
    .ARM.Collect$$$$00000004                 0x080000c4   Section        4  entry5.o(.ARM.Collect$$$$00000004)
    .ARM.Collect$$$$00000008                 0x080000c8   Section        0  entry7b.o(.ARM.Collect$$$$00000008)
    .ARM.Collect$$$$0000000A                 0x080000c8   Section        0  entry8b.o(.ARM.Collect$$$$0000000A)
    .ARM.Collect$$$$0000000B                 0x080000c8   Section        8  entry9a.o(.ARM.Collect$$$$0000000B)
    .ARM.Collect$$$$0000000E                 0x080000d0   Section        4  entry12b.o(.ARM.Collect$$$$0000000E)
    .ARM.Collect$$$$0000000F                 0x080000d4   Section        0  entry10a.o(.ARM.Collect$$$$0000000F)
    .ARM.Collect$$$$00000011                 0x080000d4   Section        0  entry11a.o(.ARM.Collect$$$$00000011)
    .ARM.Collect$$$$00002712                 0x080000d4   Section        4  entry2.o(.ARM.Collect$$$$00002712)
    __lit__00000000                          0x080000d4   Data           4  entry2.o(.ARM.Collect$$$$00002712)
    .RamFunc                                 0x080000d8   Section        0  flash_driver.o(.RamFunc)
    FLASH_Program_Page                       0x080000d9   Thumb Code   108  flash_driver.o(.RamFunc)
    .text                                    0x08000148   Section       28  startup_xl32f003x6.o(.text)
    .text                                    0x08000164   Section        0  uidiv.o(.text)
    .text                                    0x08000190   Section        0  memcpya.o(.text)
    .text                                    0x080001b4   Section        0  memseta.o(.text)
    .text                                    0x080001d8   Section        0  dadd.o(.text)
    .text                                    0x08000340   Section        0  dmul.o(.text)
    .text                                    0x08000410   Section        0  ddiv.o(.text)
    .text                                    0x08000500   Section        0  dflti.o(.text)
    .text                                    0x08000528   Section        0  dfltui.o(.text)
    .text                                    0x08000544   Section        0  dfixui.o(.text)
    .text                                    0x08000580   Section        0  llshl.o(.text)
    .text                                    0x080005a0   Section        0  llushr.o(.text)
    .text                                    0x080005c2   Section        0  llsshr.o(.text)
    .text                                    0x080005e8   Section        0  depilogue.o(.text)
    .text                                    0x080005e8   Section        0  iusefp.o(.text)
    .text                                    0x080006a8   Section       36  init.o(.text)
    .text                                    0x080006cc   Section        0  __dczerorl.o(.text)
    i.$Sub$$main                             0x08000708   Section        0  system_xl32f0xx.o(i.$Sub$$main)
    i.ADC_COMP_IRQHandler                    0x0800073c   Section        0  bsp_driver.o(i.ADC_COMP_IRQHandler)
    i.ADC_init                               0x08000764   Section        0  bsp_driver.o(i.ADC_init)
    i.ADC_start                              0x080008a0   Section        0  bsp_driver.o(i.ADC_start)
    i.APP_AdcGrpRegularUnitaryConvCompleteCallback 0x08000914   Section        0  bsp_driver.o(i.APP_AdcGrpRegularUnitaryConvCompleteCallback)
    i.EXTI4_15_IRQHandler                    0x080009d4   Section        0  bsp_driver.o(i.EXTI4_15_IRQHandler)
    i.HardFault_Handler                      0x08000aac   Section        0  xl32f0xx_it.o(i.HardFault_Handler)
    i.IWDG_Config                            0x08000ab0   Section        0  bsp_driver.o(i.IWDG_Config)
    i.LL_ADC_IsEnabled                       0x08000b30   Section        0  bsp_driver.o(i.LL_ADC_IsEnabled)
    LL_ADC_IsEnabled                         0x08000b31   Thumb Code    16  bsp_driver.o(i.LL_ADC_IsEnabled)
    i.LL_ADC_SetResolution                   0x08000b40   Section        0  bsp_driver.o(i.LL_ADC_SetResolution)
    LL_ADC_SetResolution                     0x08000b41   Thumb Code    12  bsp_driver.o(i.LL_ADC_SetResolution)
    i.LL_APB1_GRP2_EnableClock               0x08000b4c   Section        0  bsp_driver.o(i.LL_APB1_GRP2_EnableClock)
    LL_APB1_GRP2_EnableClock                 0x08000b4d   Thumb Code    24  bsp_driver.o(i.LL_APB1_GRP2_EnableClock)
    i.LL_EXTI_DisableEvent                   0x08000b68   Section        0  xl32f0xx_ll_exti.o(i.LL_EXTI_DisableEvent)
    LL_EXTI_DisableEvent                     0x08000b69   Thumb Code    12  xl32f0xx_ll_exti.o(i.LL_EXTI_DisableEvent)
    i.LL_EXTI_DisableIT                      0x08000b78   Section        0  xl32f0xx_ll_exti.o(i.LL_EXTI_DisableIT)
    LL_EXTI_DisableIT                        0x08000b79   Thumb Code    12  xl32f0xx_ll_exti.o(i.LL_EXTI_DisableIT)
    i.LL_EXTI_EnableEvent                    0x08000b88   Section        0  xl32f0xx_ll_exti.o(i.LL_EXTI_EnableEvent)
    LL_EXTI_EnableEvent                      0x08000b89   Thumb Code    12  xl32f0xx_ll_exti.o(i.LL_EXTI_EnableEvent)
    i.LL_EXTI_EnableFallingTrig              0x08000b98   Section        0  xl32f0xx_ll_exti.o(i.LL_EXTI_EnableFallingTrig)
    LL_EXTI_EnableFallingTrig                0x08000b99   Thumb Code    12  xl32f0xx_ll_exti.o(i.LL_EXTI_EnableFallingTrig)
    i.LL_EXTI_EnableIT                       0x08000ba8   Section        0  xl32f0xx_ll_exti.o(i.LL_EXTI_EnableIT)
    LL_EXTI_EnableIT                         0x08000ba9   Thumb Code    12  xl32f0xx_ll_exti.o(i.LL_EXTI_EnableIT)
    i.LL_EXTI_EnableRisingTrig               0x08000bb8   Section        0  xl32f0xx_ll_exti.o(i.LL_EXTI_EnableRisingTrig)
    LL_EXTI_EnableRisingTrig                 0x08000bb9   Thumb Code    12  xl32f0xx_ll_exti.o(i.LL_EXTI_EnableRisingTrig)
    i.LL_EXTI_Init                           0x08000bc8   Section        0  xl32f0xx_ll_exti.o(i.LL_EXTI_Init)
    i.LL_GPIO_Init                           0x08000c88   Section        0  xl32f0xx_ll_gpio.o(i.LL_GPIO_Init)
    i.LL_GPIO_SetPinMode                     0x08000d82   Section        0  bsp_driver.o(i.LL_GPIO_SetPinMode)
    LL_GPIO_SetPinMode                       0x08000d83   Thumb Code    26  bsp_driver.o(i.LL_GPIO_SetPinMode)
    i.LL_IOP_GRP1_EnableClock                0x08000d9c   Section        0  bsp_driver.o(i.LL_IOP_GRP1_EnableClock)
    LL_IOP_GRP1_EnableClock                  0x08000d9d   Thumb Code    24  bsp_driver.o(i.LL_IOP_GRP1_EnableClock)
    i.LL_Init1msTick                         0x08000db8   Section        0  xl32f0xx_ll_utils.o(i.LL_Init1msTick)
    i.LL_RCC_GetSysClkSource                 0x08000de0   Section        0  xl32f0xx_ll_rcc.o(i.LL_RCC_GetSysClkSource)
    LL_RCC_GetSysClkSource                   0x08000de1   Thumb Code    10  xl32f0xx_ll_rcc.o(i.LL_RCC_GetSysClkSource)
    i.LL_RCC_GetSystemClocksFreq             0x08000df0   Section        0  xl32f0xx_ll_rcc.o(i.LL_RCC_GetSystemClocksFreq)
    i.LL_SetSystemCoreClock                  0x08000e0c   Section        0  xl32f0xx_ll_utils.o(i.LL_SetSystemCoreClock)
    i.LL_TIM_Init                            0x08000e18   Section        0  xl32f0xx_ll_tim.o(i.LL_TIM_Init)
    i.LL_USART_Init                          0x08000eb0   Section        0  xl32f0xx_ll_usart.o(i.LL_USART_Init)
    i.LL_USART_IsEnabled                     0x08000f30   Section        0  xl32f0xx_ll_usart.o(i.LL_USART_IsEnabled)
    LL_USART_IsEnabled                       0x08000f31   Thumb Code    14  xl32f0xx_ll_usart.o(i.LL_USART_IsEnabled)
    i.LL_USART_SetBaudRate                   0x08000f3e   Section        0  xl32f0xx_ll_usart.o(i.LL_USART_SetBaudRate)
    LL_USART_SetBaudRate                     0x08000f3f   Thumb Code   306  xl32f0xx_ll_usart.o(i.LL_USART_SetBaudRate)
    i.LL_mDelay                              0x08001070   Section        0  xl32f0xx_ll_utils.o(i.LL_mDelay)
    i.MBS_CoreAnalyze                        0x080010a4   Section        0  modbus_core.o(i.MBS_CoreAnalyze)
    i.MBS_CorePoll                           0x080010fc   Section        0  modbus_core.o(i.MBS_CorePoll)
    i.MBS_Function01H                        0x08001134   Section        0  modbus_hook.o(i.MBS_Function01H)
    i.MBS_Function03H                        0x080012b8   Section        0  modbus_hook.o(i.MBS_Function03H)
    i.MBS_Function05H                        0x08001398   Section        0  modbus_hook.o(i.MBS_Function05H)
    i.MBS_Function06H                        0x08001408   Section        0  modbus_hook.o(i.MBS_Function06H)
    i.MBS_Function0FH                        0x0800145c   Section        0  modbus_hook.o(i.MBS_Function0FH)
    i.MBS_Function10H                        0x08001500   Section        0  modbus_hook.o(i.MBS_Function10H)
    i.MBS_MappingCoilInit                    0x08001578   Section        0  modbus_user.o(i.MBS_MappingCoilInit)
    i.MBS_MappingHoldRegInit                 0x0800157e   Section        0  modbus_user.o(i.MBS_MappingHoldRegInit)
    i.MBS_MappingInit                        0x08001584   Section        0  modbus_user.o(i.MBS_MappingInit)
    i.MBS_MemReadCoilState                   0x08001624   Section        0  modbus_user.o(i.MBS_MemReadCoilState)
    i.MBS_MemReadHoldRegValue                0x0800165c   Section        0  modbus_user.o(i.MBS_MemReadHoldRegValue)
    i.MBS_MemWriteCoilState                  0x080016c0   Section        0  modbus_user.o(i.MBS_MemWriteCoilState)
    i.MBS_MemWriteCoilsState                 0x08001704   Section        0  modbus_user.o(i.MBS_MemWriteCoilsState)
    i.MBS_MemWriteHoldRegValue               0x0800176c   Section        0  modbus_user.o(i.MBS_MemWriteHoldRegValue)
    i.MBS_PhysicalSendBuff                   0x080017d8   Section        0  modbus_core.o(i.MBS_PhysicalSendBuff)
    i.MBS_PortSendAck                        0x080017e8   Section        0  modbus_core.o(i.MBS_PortSendAck)
    i.MBS_PortSendWithCRC                    0x08001844   Section        0  modbus_core.o(i.MBS_PortSendWithCRC)
    i.NMI_Handler                            0x08001870   Section        0  xl32f0xx_it.o(i.NMI_Handler)
    i.NVIC_EnableIRQ                         0x08001874   Section        0  bsp_driver.o(i.NVIC_EnableIRQ)
    NVIC_EnableIRQ                           0x08001875   Thumb Code    14  bsp_driver.o(i.NVIC_EnableIRQ)
    i.NVIC_SetPriority                       0x08001888   Section        0  bsp_driver.o(i.NVIC_SetPriority)
    NVIC_SetPriority                         0x08001889   Thumb Code   110  bsp_driver.o(i.NVIC_SetPriority)
    i.NVIC_SystemReset                       0x08001900   Section        0  app.o(i.NVIC_SystemReset)
    NVIC_SystemReset                         0x08001901   Thumb Code    44  app.o(i.NVIC_SystemReset)
    i.PendSV_Handler                         0x08001934   Section        0  xl32f0xx_it.o(i.PendSV_Handler)
    i.RCC_GetHCLKClockFreq                   0x08001938   Section        0  xl32f0xx_ll_rcc.o(i.RCC_GetHCLKClockFreq)
    i.RCC_GetPCLK1ClockFreq                  0x08001964   Section        0  xl32f0xx_ll_rcc.o(i.RCC_GetPCLK1ClockFreq)
    i.RCC_GetSystemClockFreq                 0x0800198c   Section        0  xl32f0xx_ll_rcc.o(i.RCC_GetSystemClockFreq)
    i.SVC_Handler                            0x080019f8   Section        0  xl32f0xx_it.o(i.SVC_Handler)
    i.SysTick_Handler                        0x080019fc   Section        0  xl32f0xx_it.o(i.SysTick_Handler)
    i.SystemClock_Config                     0x08001a80   Section        0  main.o(i.SystemClock_Config)
    SystemClock_Config                       0x08001a81   Thumb Code   162  main.o(i.SystemClock_Config)
    i.SystemInit                             0x08001b34   Section        0  system_xl32f0xx.o(i.SystemInit)
    i.System_Run                             0x08001b60   Section        0  app.o(i.System_Run)
    i.TIM1_BRK_UP_TRG_COM_IRQHandler         0x08001b88   Section        0  bsp_driver.o(i.TIM1_BRK_UP_TRG_COM_IRQHandler)
    i.Task1_infrared_process                 0x08001bf8   Section        0  app.o(i.Task1_infrared_process)
    Task1_infrared_process                   0x08001bf9   Thumb Code    60  app.o(i.Task1_infrared_process)
    i.Task2_uart_process                     0x08001c38   Section        0  app.o(i.Task2_uart_process)
    Task2_uart_process                       0x08001c39   Thumb Code   124  app.o(i.Task2_uart_process)
    i.Task3_100ms_process                    0x08001cc4   Section        0  app.o(i.Task3_100ms_process)
    Task3_100ms_process                      0x08001cc5   Thumb Code   242  app.o(i.Task3_100ms_process)
    i.USART2_IRQHandler                      0x08001df0   Section        0  bsp_driver.o(i.USART2_IRQHandler)
    i.UpdateCRC16                            0x08001e28   Section        0  ymodem.o(i.UpdateCRC16)
    UpdateCRC16                              0x08001e29   Thumb Code    58  ymodem.o(i.UpdateCRC16)
    i.YmodemCRC                              0x08001e68   Section        0  ymodem.o(i.YmodemCRC)
    YmodemCRC                                0x08001e69   Thumb Code    52  ymodem.o(i.YmodemCRC)
    i.__0printf$bare                         0x08001e9c   Section        0  printfb.o(i.__0printf$bare)
    i.__ARM_clz                              0x08001eb0   Section        0  depilogue.o(i.__ARM_clz)
    i.__ARM_common_switch8                   0x08001ede   Section        0  app.o(i.__ARM_common_switch8)
    i.__scatterload_copy                     0x08001efa   Section       14  handlers.o(i.__scatterload_copy)
    i.__scatterload_null                     0x08001f08   Section        2  handlers.o(i.__scatterload_null)
    i.__scatterload_zeroinit                 0x08001f0a   Section       14  handlers.o(i.__scatterload_zeroinit)
    i._printf_core                           0x08001f18   Section        0  printfb.o(i._printf_core)
    _printf_core                             0x08001f19   Thumb Code    30  printfb.o(i._printf_core)
    i.buzz_mode_set                          0x08001f38   Section        0  bsp_driver.o(i.buzz_mode_set)
    i.flash_lock                             0x08001fa0   Section        0  flash_driver.o(i.flash_lock)
    flash_lock                               0x08001fa1   Thumb Code    44  flash_driver.o(i.flash_lock)
    i.flash_program_bytes                    0x08001fec   Section        0  flash_driver.o(i.flash_program_bytes)
    i.flash_unlock                           0x08002068   Section        0  flash_driver.o(i.flash_unlock)
    flash_unlock                             0x08002069   Thumb Code    52  flash_driver.o(i.flash_unlock)
    i.fputc                                  0x080020c8   Section        0  xl32f003xx_ll_start_kit.o(i.fputc)
    i.infrared_init                          0x080020f4   Section        0  bsp_driver.o(i.infrared_init)
    i.infrared_match                         0x08002158   Section        0  app.o(i.infrared_match)
    infrared_match                           0x08002159   Thumb Code   194  app.o(i.infrared_match)
    i.main                                   0x08002254   Section        0  main.o(i.main)
    i.mb_crc16                               0x080022bc   Section        0  modbus_crc.o(i.mb_crc16)
    i.millis                                 0x080022f4   Section        0  main.o(i.millis)
    i.tick_printf                            0x08002300   Section        0  main.o(i.tick_printf)
    i.timer1_init                            0x08002304   Section        0  bsp_driver.o(i.timer1_init)
    i.uart2_init                             0x0800238c   Section        0  bsp_driver.o(i.uart2_init)
    i.uart_send_data                         0x08002468   Section        0  bsp_driver.o(i.uart_send_data)
    i.ymodem_data_process                    0x080024bc   Section        0  app.o(i.ymodem_data_process)
    ymodem_data_process                      0x080024bd   Thumb Code    96  app.o(i.ymodem_data_process)
    i.ymodem_packet_analysis                 0x08002528   Section        0  ymodem.o(i.ymodem_packet_analysis)
    i.ymodem_timeout_process                 0x080027d0   Section        0  app.o(i.ymodem_timeout_process)
    ymodem_timeout_process                   0x080027d1   Thumb Code    88  app.o(i.ymodem_timeout_process)
    .constdata                               0x0800282c   Section      128  system_xl32f0xx.o(.constdata)
    .constdata                               0x080028ac   Section       73  app.o(.constdata)
    CHANNEL_OFFSET_TAB                       0x080028ac   Data           3  app.o(.constdata)
    OFFSET_TAB_CCMRx                         0x080028af   Data           7  app.o(.constdata)
    SHIFT_TAB_OCxx                           0x080028b6   Data           7  app.o(.constdata)
    SHIFT_TAB_ICxx                           0x080028bd   Data           7  app.o(.constdata)
    SHIFT_TAB_CCxP                           0x080028c4   Data           7  app.o(.constdata)
    SHIFT_TAB_OISx                           0x080028cb   Data           7  app.o(.constdata)
    __func__                                 0x080028d2   Data          20  app.o(.constdata)
    __func__                                 0x080028e6   Data          15  app.o(.constdata)
    .constdata                               0x080028f5   Section       61  ymodem.o(.constdata)
    CHANNEL_OFFSET_TAB                       0x080028f5   Data           3  ymodem.o(.constdata)
    OFFSET_TAB_CCMRx                         0x080028f8   Data           7  ymodem.o(.constdata)
    SHIFT_TAB_OCxx                           0x080028ff   Data           7  ymodem.o(.constdata)
    SHIFT_TAB_ICxx                           0x08002906   Data           7  ymodem.o(.constdata)
    SHIFT_TAB_CCxP                           0x0800290d   Data           7  ymodem.o(.constdata)
    SHIFT_TAB_OISx                           0x08002914   Data           7  ymodem.o(.constdata)
    __func__                                 0x0800291b   Data          23  ymodem.o(.constdata)
    .constdata                               0x08002932   Section      240  bsp_driver.o(.constdata)
    CHANNEL_OFFSET_TAB                       0x08002932   Data           3  bsp_driver.o(.constdata)
    OFFSET_TAB_CCMRx                         0x08002935   Data           7  bsp_driver.o(.constdata)
    SHIFT_TAB_OCxx                           0x0800293c   Data           7  bsp_driver.o(.constdata)
    SHIFT_TAB_ICxx                           0x08002943   Data           7  bsp_driver.o(.constdata)
    SHIFT_TAB_CCxP                           0x0800294a   Data           7  bsp_driver.o(.constdata)
    SHIFT_TAB_OISx                           0x08002951   Data           7  bsp_driver.o(.constdata)
    .constdata                               0x08002a22   Section       62  flash_driver.o(.constdata)
    CHANNEL_OFFSET_TAB                       0x08002a22   Data           3  flash_driver.o(.constdata)
    OFFSET_TAB_CCMRx                         0x08002a25   Data           7  flash_driver.o(.constdata)
    SHIFT_TAB_OCxx                           0x08002a2c   Data           7  flash_driver.o(.constdata)
    SHIFT_TAB_ICxx                           0x08002a33   Data           7  flash_driver.o(.constdata)
    SHIFT_TAB_CCxP                           0x08002a3a   Data           7  flash_driver.o(.constdata)
    SHIFT_TAB_OISx                           0x08002a41   Data           7  flash_driver.o(.constdata)
    __func__                                 0x08002a48   Data          13  flash_driver.o(.constdata)
    __func__                                 0x08002a55   Data          11  flash_driver.o(.constdata)
    .constdata                               0x08002a60   Section      512  modbus_crc.o(.constdata)
    .ARM.__at_0x20000000                     0x20000000   Section      192  system_xl32f0xx.o(.ARM.__at_0x20000000)
    .data                                    0x200000c0   Section        4  system_xl32f0xx.o(.data)
    .data                                    0x200000c4   Section       84  app.o(.data)
    Infrared_pt                              0x200000c4   Data           8  app.o(.data)
    uart_pt                                  0x200000cc   Data           8  app.o(.data)
    pt100ms                                  0x200000d4   Data           8  app.o(.data)
    infrared_Cnt                             0x200000dc   Data           1  app.o(.data)
    cnt_100ms                                0x200000e0   Data           4  app.o(.data)
    mbs_err_cnt                              0x200000e4   Data           4  app.o(.data)
    data                                     0x200000e8   Data          40  app.o(.data)
    IAP_Key                                  0x20000110   Data           8  app.o(.data)
    .data                                    0x20000118   Section       16  bsp_driver.o(.data)
    .data                                    0x20000128   Section        1  modbus_core.o(.data)
    .data                                    0x2000012c   Section       24  modbus_user.o(.data)
    .data                                    0x20000144   Section        4  stdout.o(.data)
    .bss                                     0x20000148   Section       60  ymodem.o(.bss)
    .bss                                     0x20000184   Section      548  bsp_driver.o(.bss)
    .bss                                     0x200003a8   Section      128  flash_driver.o(.bss)
    .bss                                     0x20000428   Section      132  modbus_core.o(.bss)
    .bss                                     0x200004ac   Section      172  modbus_user.o(.bss)
    STACK                                    0x20000558   Section     1024  startup_xl32f003x6.o(STACK)

    Global Symbols

    Symbol Name                              Value     Ov Type        Size  Object(Section)

    BuildAttributes$$THM_ISAv3M$S$PE$A:L22$X:L11$S22$IEEE1$IW$USESV6$~STKCKD$USESV7$~SHL$OSPACE$ROPI$EBA8$MICROLIB$REQ8$PRES8$EABIv2 0x00000000   Number         0  anon$$obj.o ABSOLUTE
    __ARM_use_no_argv                        0x00000000   Number         0  main.o ABSOLUTE
    __arm_fini_                               - Undefined Weak Reference
    __cpp_initialize__aeabi_                  - Undefined Weak Reference
    __cxa_finalize                            - Undefined Weak Reference
    _clock_init                               - Undefined Weak Reference
    _microlib_exit                            - Undefined Weak Reference
    __Vectors_Size                           0x000000c0   Number         0  startup_xl32f003x6.o ABSOLUTE
    __Vectors                                0x08000000   Data           4  startup_xl32f003x6.o(RESET)
    __Vectors_End                            0x080000c0   Data           0  startup_xl32f003x6.o(RESET)
    __main                                   0x080000c1   Thumb Code     0  entry.o(.ARM.Collect$$$$00000000)
    _main_stk                                0x080000c1   Thumb Code     0  entry2.o(.ARM.Collect$$$$00000001)
    _main_scatterload                        0x080000c5   Thumb Code     0  entry5.o(.ARM.Collect$$$$00000004)
    __main_after_scatterload                 0x080000c9   Thumb Code     0  entry5.o(.ARM.Collect$$$$00000004)
    _main_clock                              0x080000c9   Thumb Code     0  entry7b.o(.ARM.Collect$$$$00000008)
    _main_cpp_init                           0x080000c9   Thumb Code     0  entry8b.o(.ARM.Collect$$$$0000000A)
    _main_init                               0x080000c9   Thumb Code     0  entry9a.o(.ARM.Collect$$$$0000000B)
    __rt_lib_shutdown_fini                   0x080000d1   Thumb Code     0  entry12b.o(.ARM.Collect$$$$0000000E)
    __rt_final_cpp                           0x080000d5   Thumb Code     0  entry10a.o(.ARM.Collect$$$$0000000F)
    __rt_final_exit                          0x080000d5   Thumb Code     0  entry11a.o(.ARM.Collect$$$$00000011)
    Reset_Handler                            0x08000149   Thumb Code     8  startup_xl32f003x6.o(.text)
    DMA1_Channel1_IRQHandler                 0x0800015b   Thumb Code     0  startup_xl32f003x6.o(.text)
    DMA1_Channel2_3_IRQHandler               0x0800015b   Thumb Code     0  startup_xl32f003x6.o(.text)
    EXTI0_1_IRQHandler                       0x0800015b   Thumb Code     0  startup_xl32f003x6.o(.text)
    EXTI2_3_IRQHandler                       0x0800015b   Thumb Code     0  startup_xl32f003x6.o(.text)
    FLASH_IRQHandler                         0x0800015b   Thumb Code     0  startup_xl32f003x6.o(.text)
    I2C1_IRQHandler                          0x0800015b   Thumb Code     0  startup_xl32f003x6.o(.text)
    LPTIM1_IRQHandler                        0x0800015b   Thumb Code     0  startup_xl32f003x6.o(.text)
    PVD_IRQHandler                           0x0800015b   Thumb Code     0  startup_xl32f003x6.o(.text)
    RCC_IRQHandler                           0x0800015b   Thumb Code     0  startup_xl32f003x6.o(.text)
    RTC_IRQHandler                           0x0800015b   Thumb Code     0  startup_xl32f003x6.o(.text)
    SPI1_IRQHandler                          0x0800015b   Thumb Code     0  startup_xl32f003x6.o(.text)
    TIM14_IRQHandler                         0x0800015b   Thumb Code     0  startup_xl32f003x6.o(.text)
    TIM16_IRQHandler                         0x0800015b   Thumb Code     0  startup_xl32f003x6.o(.text)
    TIM17_IRQHandler                         0x0800015b   Thumb Code     0  startup_xl32f003x6.o(.text)
    TIM1_CC_IRQHandler                       0x0800015b   Thumb Code     0  startup_xl32f003x6.o(.text)
    TIM3_IRQHandler                          0x0800015b   Thumb Code     0  startup_xl32f003x6.o(.text)
    USART1_IRQHandler                        0x0800015b   Thumb Code     0  startup_xl32f003x6.o(.text)
    WWDG_IRQHandler                          0x0800015b   Thumb Code     0  startup_xl32f003x6.o(.text)
    __aeabi_uidiv                            0x08000165   Thumb Code     0  uidiv.o(.text)
    __aeabi_uidivmod                         0x08000165   Thumb Code    44  uidiv.o(.text)
    __aeabi_memcpy                           0x08000191   Thumb Code    36  memcpya.o(.text)
    __aeabi_memcpy4                          0x08000191   Thumb Code     0  memcpya.o(.text)
    __aeabi_memcpy8                          0x08000191   Thumb Code     0  memcpya.o(.text)
    __aeabi_memset                           0x080001b5   Thumb Code    14  memseta.o(.text)
    __aeabi_memset4                          0x080001b5   Thumb Code     0  memseta.o(.text)
    __aeabi_memset8                          0x080001b5   Thumb Code     0  memseta.o(.text)
    __aeabi_memclr                           0x080001c3   Thumb Code     4  memseta.o(.text)
    __aeabi_memclr4                          0x080001c3   Thumb Code     0  memseta.o(.text)
    __aeabi_memclr8                          0x080001c3   Thumb Code     0  memseta.o(.text)
    _memset$wrapper                          0x080001c7   Thumb Code    18  memseta.o(.text)
    __aeabi_dadd                             0x080001d9   Thumb Code   330  dadd.o(.text)
    __aeabi_dsub                             0x08000323   Thumb Code    12  dadd.o(.text)
    __aeabi_drsub                            0x0800032f   Thumb Code    12  dadd.o(.text)
    __aeabi_dmul                             0x08000341   Thumb Code   202  dmul.o(.text)
    __aeabi_ddiv                             0x08000411   Thumb Code   234  ddiv.o(.text)
    __aeabi_i2d                              0x08000501   Thumb Code    34  dflti.o(.text)
    __aeabi_ui2d                             0x08000529   Thumb Code    24  dfltui.o(.text)
    __aeabi_d2uiz                            0x08000545   Thumb Code    50  dfixui.o(.text)
    __aeabi_llsl                             0x08000581   Thumb Code    32  llshl.o(.text)
    _ll_shift_l                              0x08000581   Thumb Code     0  llshl.o(.text)
    __aeabi_llsr                             0x080005a1   Thumb Code    34  llushr.o(.text)
    _ll_ushift_r                             0x080005a1   Thumb Code     0  llushr.o(.text)
    __aeabi_lasr                             0x080005c3   Thumb Code    38  llsshr.o(.text)
    _ll_sshift_r                             0x080005c3   Thumb Code     0  llsshr.o(.text)
    __I$use$fp                               0x080005e9   Thumb Code     0  iusefp.o(.text)
    _double_round                            0x080005e9   Thumb Code    26  depilogue.o(.text)
    _double_epilogue                         0x08000603   Thumb Code   164  depilogue.o(.text)
    __scatterload                            0x080006a9   Thumb Code    28  init.o(.text)
    __scatterload_rt2                        0x080006a9   Thumb Code     0  init.o(.text)
    __decompress                             0x080006cd   Thumb Code     0  __dczerorl.o(.text)
    __decompress0                            0x080006cd   Thumb Code    58  __dczerorl.o(.text)
    main                                     0x08000709   Thumb Code    44  system_xl32f0xx.o(i.$Sub$$main)
    ADC_COMP_IRQHandler                      0x0800073d   Thumb Code    34  bsp_driver.o(i.ADC_COMP_IRQHandler)
    ADC_init                                 0x08000765   Thumb Code   298  bsp_driver.o(i.ADC_init)
    ADC_start                                0x080008a1   Thumb Code   108  bsp_driver.o(i.ADC_start)
    APP_AdcGrpRegularUnitaryConvCompleteCallback 0x08000915   Thumb Code   172  bsp_driver.o(i.APP_AdcGrpRegularUnitaryConvCompleteCallback)
    EXTI4_15_IRQHandler                      0x080009d5   Thumb Code   202  bsp_driver.o(i.EXTI4_15_IRQHandler)
    HardFault_Handler                        0x08000aad   Thumb Code     4  xl32f0xx_it.o(i.HardFault_Handler)
    IWDG_Config                              0x08000ab1   Thumb Code   102  bsp_driver.o(i.IWDG_Config)
    LL_EXTI_Init                             0x08000bc9   Thumb Code   186  xl32f0xx_ll_exti.o(i.LL_EXTI_Init)
    LL_GPIO_Init                             0x08000c89   Thumb Code   250  xl32f0xx_ll_gpio.o(i.LL_GPIO_Init)
    LL_Init1msTick                           0x08000db9   Thumb Code    34  xl32f0xx_ll_utils.o(i.LL_Init1msTick)
    LL_RCC_GetSystemClocksFreq               0x08000df1   Thumb Code    28  xl32f0xx_ll_rcc.o(i.LL_RCC_GetSystemClocksFreq)
    LL_SetSystemCoreClock                    0x08000e0d   Thumb Code     6  xl32f0xx_ll_utils.o(i.LL_SetSystemCoreClock)
    LL_TIM_Init                              0x08000e19   Thumb Code   130  xl32f0xx_ll_tim.o(i.LL_TIM_Init)
    LL_USART_Init                            0x08000eb1   Thumb Code   124  xl32f0xx_ll_usart.o(i.LL_USART_Init)
    LL_mDelay                                0x08001071   Thumb Code    46  xl32f0xx_ll_utils.o(i.LL_mDelay)
    MBS_CoreAnalyze                          0x080010a5   Thumb Code    84  modbus_core.o(i.MBS_CoreAnalyze)
    MBS_CorePoll                             0x080010fd   Thumb Code    46  modbus_core.o(i.MBS_CorePoll)
    MBS_Function01H                          0x08001135   Thumb Code   374  modbus_hook.o(i.MBS_Function01H)
    MBS_Function03H                          0x080012b9   Thumb Code   216  modbus_hook.o(i.MBS_Function03H)
    MBS_Function05H                          0x08001399   Thumb Code   104  modbus_hook.o(i.MBS_Function05H)
    MBS_Function06H                          0x08001409   Thumb Code    76  modbus_hook.o(i.MBS_Function06H)
    MBS_Function0FH                          0x0800145d   Thumb Code   154  modbus_hook.o(i.MBS_Function0FH)
    MBS_Function10H                          0x08001501   Thumb Code   110  modbus_hook.o(i.MBS_Function10H)
    MBS_MappingCoilInit                      0x08001579   Thumb Code     6  modbus_user.o(i.MBS_MappingCoilInit)
    MBS_MappingHoldRegInit                   0x0800157f   Thumb Code     6  modbus_user.o(i.MBS_MappingHoldRegInit)
    MBS_MappingInit                          0x08001585   Thumb Code   130  modbus_user.o(i.MBS_MappingInit)
    MBS_MemReadCoilState                     0x08001625   Thumb Code    52  modbus_user.o(i.MBS_MemReadCoilState)
    MBS_MemReadHoldRegValue                  0x0800165d   Thumb Code    94  modbus_user.o(i.MBS_MemReadHoldRegValue)
    MBS_MemWriteCoilState                    0x080016c1   Thumb Code    62  modbus_user.o(i.MBS_MemWriteCoilState)
    MBS_MemWriteCoilsState                   0x08001705   Thumb Code   100  modbus_user.o(i.MBS_MemWriteCoilsState)
    MBS_MemWriteHoldRegValue                 0x0800176d   Thumb Code   104  modbus_user.o(i.MBS_MemWriteHoldRegValue)
    MBS_PhysicalSendBuff                     0x080017d9   Thumb Code    16  modbus_core.o(i.MBS_PhysicalSendBuff)
    MBS_PortSendAck                          0x080017e9   Thumb Code    86  modbus_core.o(i.MBS_PortSendAck)
    MBS_PortSendWithCRC                      0x08001845   Thumb Code    44  modbus_core.o(i.MBS_PortSendWithCRC)
    NMI_Handler                              0x08001871   Thumb Code     2  xl32f0xx_it.o(i.NMI_Handler)
    PendSV_Handler                           0x08001935   Thumb Code     2  xl32f0xx_it.o(i.PendSV_Handler)
    RCC_GetHCLKClockFreq                     0x08001939   Thumb Code    34  xl32f0xx_ll_rcc.o(i.RCC_GetHCLKClockFreq)
    RCC_GetPCLK1ClockFreq                    0x08001965   Thumb Code    32  xl32f0xx_ll_rcc.o(i.RCC_GetPCLK1ClockFreq)
    RCC_GetSystemClockFreq                   0x0800198d   Thumb Code    96  xl32f0xx_ll_rcc.o(i.RCC_GetSystemClockFreq)
    SVC_Handler                              0x080019f9   Thumb Code     2  xl32f0xx_it.o(i.SVC_Handler)
    SysTick_Handler                          0x080019fd   Thumb Code   120  xl32f0xx_it.o(i.SysTick_Handler)
    SystemInit                               0x08001b35   Thumb Code    32  system_xl32f0xx.o(i.SystemInit)
    System_Run                               0x08001b61   Thumb Code    28  app.o(i.System_Run)
    TIM1_BRK_UP_TRG_COM_IRQHandler           0x08001b89   Thumb Code   100  bsp_driver.o(i.TIM1_BRK_UP_TRG_COM_IRQHandler)
    USART2_IRQHandler                        0x08001df1   Thumb Code    44  bsp_driver.o(i.USART2_IRQHandler)
    __0printf$bare                           0x08001e9d   Thumb Code    12  printfb.o(i.__0printf$bare)
    __1printf$bare                           0x08001e9d   Thumb Code     0  printfb.o(i.__0printf$bare)
    __2printf                                0x08001e9d   Thumb Code     0  printfb.o(i.__0printf$bare)
    __ARM_clz                                0x08001eb1   Thumb Code    46  depilogue.o(i.__ARM_clz)
    __ARM_common_switch8                     0x08001edf   Thumb Code    28  app.o(i.__ARM_common_switch8)
    __scatterload_copy                       0x08001efb   Thumb Code    14  handlers.o(i.__scatterload_copy)
    __scatterload_null                       0x08001f09   Thumb Code     2  handlers.o(i.__scatterload_null)
    __scatterload_zeroinit                   0x08001f0b   Thumb Code    14  handlers.o(i.__scatterload_zeroinit)
    buzz_mode_set                            0x08001f39   Thumb Code    96  bsp_driver.o(i.buzz_mode_set)
    flash_program_bytes                      0x08001fed   Thumb Code   112  flash_driver.o(i.flash_program_bytes)
    fputc                                    0x080020c9   Thumb Code    40  xl32f003xx_ll_start_kit.o(i.fputc)
    infrared_init                            0x080020f5   Thumb Code    98  bsp_driver.o(i.infrared_init)
    $Super$$main                             0x08002255   Thumb Code    84  main.o(i.main)
    mb_crc16                                 0x080022bd   Thumb Code    46  modbus_crc.o(i.mb_crc16)
    millis                                   0x080022f5   Thumb Code     6  main.o(i.millis)
    tick_printf                              0x08002301   Thumb Code     2  main.o(i.tick_printf)
    timer1_init                              0x08002305   Thumb Code   130  bsp_driver.o(i.timer1_init)
    uart2_init                               0x0800238d   Thumb Code   212  bsp_driver.o(i.uart2_init)
    uart_send_data                           0x08002469   Thumb Code    80  bsp_driver.o(i.uart_send_data)
    ymodem_packet_analysis                   0x08002529   Thumb Code   626  ymodem.o(i.ymodem_packet_analysis)
    AHBPrescTable                            0x0800282c   Data          64  system_xl32f0xx.o(.constdata)
    APBPrescTable                            0x0800286c   Data          32  system_xl32f0xx.o(.constdata)
    HSIFreqTable                             0x0800288c   Data          32  system_xl32f0xx.o(.constdata)
    TAB_WENDU_10K                            0x08002958   Data         202  bsp_driver.o(.constdata)
    TblCRCHi                                 0x08002a60   Data         256  modbus_crc.o(.constdata)
    TblCRCLo                                 0x08002b60   Data         256  modbus_crc.o(.constdata)
    Region$$Table$$Base                      0x08002c60   Number         0  anon$$obj.o(Region$$Table)
    Region$$Table$$Limit                     0x08002c80   Number         0  anon$$obj.o(Region$$Table)
    VECT_SRAM_TAB                            0x20000000   Data         192  system_xl32f0xx.o(.ARM.__at_0x20000000)
    SystemCoreClock                          0x200000c0   Data           4  system_xl32f0xx.o(.data)
    sys_ms                                   0x20000118   Data           4  bsp_driver.o(.data)
    sys_100us                                0x2000011c   Data           4  bsp_driver.o(.data)
    buzz_index                               0x20000120   Data           2  bsp_driver.o(.data)
    temperature                              0x20000122   Data           2  bsp_driver.o(.data)
    uhADCxConvertedData                      0x20000124   Data           2  bsp_driver.o(.data)
    uhADCxConvertedData_Voltage_mVolt        0x20000126   Data           2  bsp_driver.o(.data)
    mbs_has_data                             0x20000128   Data           1  modbus_core.o(.data)
    mbsCoil                                  0x2000012c   Data          12  modbus_user.o(.data)
    mbsHoldReg                               0x20000138   Data          12  modbus_user.o(.data)
    __stdout                                 0x20000144   Data           4  stdout.o(.data)
    ymodem_session                           0x20000148   Data          60  ymodem.o(.bss)
    uart_state                               0x20000184   Data         260  bsp_driver.o(.bss)
    buzz_buffer                              0x20000288   Data          20  bsp_driver.o(.bss)
    infrared_state                           0x2000029c   Data         268  bsp_driver.o(.bss)
    flash_write_buf                          0x200003a8   Data         128  flash_driver.o(.bss)
    MBS_Buf                                  0x20000428   Data         132  modbus_core.o(.bss)
    mbsCoilValue                             0x200004ac   Data         124  modbus_user.o(.bss)
    mbsHoldRegValue                          0x20000528   Data          48  modbus_user.o(.bss)
    __initial_sp                             0x20000958   Data           0  startup_xl32f003x6.o(STACK)



==============================================================================

Memory Map of the image

  Image Entry point : 0x080000c1

  Load Region LR_IROM1 (Base: 0x08000000, Size: 0x00002dc8, Max: 0x00008000, ABSOLUTE, COMPRESSED[0x00002cc8])

    Execution Region ER_IROM1 (Exec base: 0x08000000, Load base: 0x08000000, Size: 0x00002c80, Max: 0x00008000, ABSOLUTE)

    Exec Addr    Load Addr    Size         Type   Attr      Idx    E Section Name        Object

    0x08000000   0x08000000   0x000000c0   Data   RO           67    RESET               startup_xl32f003x6.o
    0x080000c0   0x080000c0   0x00000000   Code   RO         1440  * .ARM.Collect$$$$00000000  mc_p.l(entry.o)
    0x080000c0   0x080000c0   0x00000004   Code   RO         1723    .ARM.Collect$$$$00000001  mc_p.l(entry2.o)
    0x080000c4   0x080000c4   0x00000004   Code   RO         1726    .ARM.Collect$$$$00000004  mc_p.l(entry5.o)
    0x080000c8   0x080000c8   0x00000000   Code   RO         1728    .ARM.Collect$$$$00000008  mc_p.l(entry7b.o)
    0x080000c8   0x080000c8   0x00000000   Code   RO         1730    .ARM.Collect$$$$0000000A  mc_p.l(entry8b.o)
    0x080000c8   0x080000c8   0x00000008   Code   RO         1731    .ARM.Collect$$$$0000000B  mc_p.l(entry9a.o)
    0x080000d0   0x080000d0   0x00000004   Code   RO         1738    .ARM.Collect$$$$0000000E  mc_p.l(entry12b.o)
    0x080000d4   0x080000d4   0x00000000   Code   RO         1733    .ARM.Collect$$$$0000000F  mc_p.l(entry10a.o)
    0x080000d4   0x080000d4   0x00000000   Code   RO         1735    .ARM.Collect$$$$00000011  mc_p.l(entry11a.o)
    0x080000d4   0x080000d4   0x00000004   Code   RO         1724    .ARM.Collect$$$$00002712  mc_p.l(entry2.o)
    0x080000d8   0x080000d8   0x00000070   Code   RO         1184    .RamFunc            flash_driver.o
    0x08000148   0x08000148   0x0000001c   Code   RO           68    .text               startup_xl32f003x6.o
    0x08000164   0x08000164   0x0000002c   Code   RO         1443    .text               mc_p.l(uidiv.o)
    0x08000190   0x08000190   0x00000024   Code   RO         1445    .text               mc_p.l(memcpya.o)
    0x080001b4   0x080001b4   0x00000024   Code   RO         1447    .text               mc_p.l(memseta.o)
    0x080001d8   0x080001d8   0x00000168   Code   RO         1711    .text               mf_p.l(dadd.o)
    0x08000340   0x08000340   0x000000d0   Code   RO         1713    .text               mf_p.l(dmul.o)
    0x08000410   0x08000410   0x000000f0   Code   RO         1715    .text               mf_p.l(ddiv.o)
    0x08000500   0x08000500   0x00000028   Code   RO         1717    .text               mf_p.l(dflti.o)
    0x08000528   0x08000528   0x0000001c   Code   RO         1719    .text               mf_p.l(dfltui.o)
    0x08000544   0x08000544   0x0000003c   Code   RO         1721    .text               mf_p.l(dfixui.o)
    0x08000580   0x08000580   0x00000020   Code   RO         1742    .text               mc_p.l(llshl.o)
    0x080005a0   0x080005a0   0x00000022   Code   RO         1744    .text               mc_p.l(llushr.o)
    0x080005c2   0x080005c2   0x00000026   Code   RO         1746    .text               mc_p.l(llsshr.o)
    0x080005e8   0x080005e8   0x00000000   Code   RO         1748    .text               mc_p.l(iusefp.o)
    0x080005e8   0x080005e8   0x000000be   Code   RO         1749    .text               mf_p.l(depilogue.o)
    0x080006a6   0x080006a6   0x00000002   PAD
    0x080006a8   0x080006a8   0x00000024   Code   RO         1757    .text               mc_p.l(init.o)
    0x080006cc   0x080006cc   0x0000003a   Code   RO         1767    .text               mc_p.l(__dczerorl.o)
    0x08000706   0x08000706   0x00000002   PAD
    0x08000708   0x08000708   0x00000034   Code   RO            3    i.$Sub$$main        system_xl32f0xx.o
    0x0800073c   0x0800073c   0x00000028   Code   RO         1022    i.ADC_COMP_IRQHandler  bsp_driver.o
    0x08000764   0x08000764   0x0000013c   Code   RO         1023    i.ADC_init          bsp_driver.o
    0x080008a0   0x080008a0   0x00000074   Code   RO         1024    i.ADC_start         bsp_driver.o
    0x08000914   0x08000914   0x000000c0   Code   RO         1025    i.APP_AdcGrpRegularUnitaryConvCompleteCallback  bsp_driver.o
    0x080009d4   0x080009d4   0x000000d8   Code   RO         1026    i.EXTI4_15_IRQHandler  bsp_driver.o
    0x08000aac   0x08000aac   0x00000004   Code   RO          217    i.HardFault_Handler  xl32f0xx_it.o
    0x08000ab0   0x08000ab0   0x00000080   Code   RO         1027    i.IWDG_Config       bsp_driver.o
    0x08000b30   0x08000b30   0x00000010   Code   RO         1028    i.LL_ADC_IsEnabled  bsp_driver.o
    0x08000b40   0x08000b40   0x0000000c   Code   RO         1029    i.LL_ADC_SetResolution  bsp_driver.o
    0x08000b4c   0x08000b4c   0x0000001c   Code   RO         1030    i.LL_APB1_GRP2_EnableClock  bsp_driver.o
    0x08000b68   0x08000b68   0x00000010   Code   RO          541    i.LL_EXTI_DisableEvent  xl32f0xx_ll_exti.o
    0x08000b78   0x08000b78   0x00000010   Code   RO          542    i.LL_EXTI_DisableIT  xl32f0xx_ll_exti.o
    0x08000b88   0x08000b88   0x00000010   Code   RO          543    i.LL_EXTI_EnableEvent  xl32f0xx_ll_exti.o
    0x08000b98   0x08000b98   0x00000010   Code   RO          544    i.LL_EXTI_EnableFallingTrig  xl32f0xx_ll_exti.o
    0x08000ba8   0x08000ba8   0x00000010   Code   RO          545    i.LL_EXTI_EnableIT  xl32f0xx_ll_exti.o
    0x08000bb8   0x08000bb8   0x00000010   Code   RO          546    i.LL_EXTI_EnableRisingTrig  xl32f0xx_ll_exti.o
    0x08000bc8   0x08000bc8   0x000000c0   Code   RO          547    i.LL_EXTI_Init      xl32f0xx_ll_exti.o
    0x08000c88   0x08000c88   0x000000fa   Code   RO          606    i.LL_GPIO_Init      xl32f0xx_ll_gpio.o
    0x08000d82   0x08000d82   0x0000001a   Code   RO         1031    i.LL_GPIO_SetPinMode  bsp_driver.o
    0x08000d9c   0x08000d9c   0x0000001c   Code   RO         1032    i.LL_IOP_GRP1_EnableClock  bsp_driver.o
    0x08000db8   0x08000db8   0x00000028   Code   RO          978    i.LL_Init1msTick    xl32f0xx_ll_utils.o
    0x08000de0   0x08000de0   0x00000010   Code   RO          661    i.LL_RCC_GetSysClkSource  xl32f0xx_ll_rcc.o
    0x08000df0   0x08000df0   0x0000001c   Code   RO          662    i.LL_RCC_GetSystemClocksFreq  xl32f0xx_ll_rcc.o
    0x08000e0c   0x08000e0c   0x0000000c   Code   RO          980    i.LL_SetSystemCoreClock  xl32f0xx_ll_utils.o
    0x08000e18   0x08000e18   0x00000098   Code   RO          773    i.LL_TIM_Init       xl32f0xx_ll_tim.o
    0x08000eb0   0x08000eb0   0x00000080   Code   RO          924    i.LL_USART_Init     xl32f0xx_ll_usart.o
    0x08000f30   0x08000f30   0x0000000e   Code   RO          925    i.LL_USART_IsEnabled  xl32f0xx_ll_usart.o
    0x08000f3e   0x08000f3e   0x00000132   Code   RO          926    i.LL_USART_SetBaudRate  xl32f0xx_ll_usart.o
    0x08001070   0x08001070   0x00000034   Code   RO          981    i.LL_mDelay         xl32f0xx_ll_utils.o
    0x080010a4   0x080010a4   0x00000058   Code   RO         1243    i.MBS_CoreAnalyze   modbus_core.o
    0x080010fc   0x080010fc   0x00000038   Code   RO         1244    i.MBS_CorePoll      modbus_core.o
    0x08001134   0x08001134   0x00000184   Code   RO         1314    i.MBS_Function01H   modbus_hook.o
    0x080012b8   0x080012b8   0x000000e0   Code   RO         1315    i.MBS_Function03H   modbus_hook.o
    0x08001398   0x08001398   0x00000070   Code   RO         1316    i.MBS_Function05H   modbus_hook.o
    0x08001408   0x08001408   0x00000054   Code   RO         1317    i.MBS_Function06H   modbus_hook.o
    0x0800145c   0x0800145c   0x000000a4   Code   RO         1318    i.MBS_Function0FH   modbus_hook.o
    0x08001500   0x08001500   0x00000078   Code   RO         1319    i.MBS_Function10H   modbus_hook.o
    0x08001578   0x08001578   0x00000006   Code   RO         1371    i.MBS_MappingCoilInit  modbus_user.o
    0x0800157e   0x0800157e   0x00000006   Code   RO         1372    i.MBS_MappingHoldRegInit  modbus_user.o
    0x08001584   0x08001584   0x000000a0   Code   RO         1373    i.MBS_MappingInit   modbus_user.o
    0x08001624   0x08001624   0x00000038   Code   RO         1374    i.MBS_MemReadCoilState  modbus_user.o
    0x0800165c   0x0800165c   0x00000064   Code   RO         1375    i.MBS_MemReadHoldRegValue  modbus_user.o
    0x080016c0   0x080016c0   0x00000044   Code   RO         1376    i.MBS_MemWriteCoilState  modbus_user.o
    0x08001704   0x08001704   0x00000068   Code   RO         1377    i.MBS_MemWriteCoilsState  modbus_user.o
    0x0800176c   0x0800176c   0x0000006c   Code   RO         1378    i.MBS_MemWriteHoldRegValue  modbus_user.o
    0x080017d8   0x080017d8   0x00000010   Code   RO         1245    i.MBS_PhysicalSendBuff  modbus_core.o
    0x080017e8   0x080017e8   0x0000005c   Code   RO         1246    i.MBS_PortSendAck   modbus_core.o
    0x08001844   0x08001844   0x0000002c   Code   RO         1247    i.MBS_PortSendWithCRC  modbus_core.o
    0x08001870   0x08001870   0x00000002   Code   RO          218    i.NMI_Handler       xl32f0xx_it.o
    0x08001872   0x08001872   0x00000002   PAD
    0x08001874   0x08001874   0x00000014   Code   RO         1033    i.NVIC_EnableIRQ    bsp_driver.o
    0x08001888   0x08001888   0x00000078   Code   RO         1034    i.NVIC_SetPriority  bsp_driver.o
    0x08001900   0x08001900   0x00000034   Code   RO          273    i.NVIC_SystemReset  app.o
    0x08001934   0x08001934   0x00000002   Code   RO          219    i.PendSV_Handler    xl32f0xx_it.o
    0x08001936   0x08001936   0x00000002   PAD
    0x08001938   0x08001938   0x0000002c   Code   RO          665    i.RCC_GetHCLKClockFreq  xl32f0xx_ll_rcc.o
    0x08001964   0x08001964   0x00000028   Code   RO          666    i.RCC_GetPCLK1ClockFreq  xl32f0xx_ll_rcc.o
    0x0800198c   0x0800198c   0x0000006c   Code   RO          667    i.RCC_GetSystemClockFreq  xl32f0xx_ll_rcc.o
    0x080019f8   0x080019f8   0x00000002   Code   RO          220    i.SVC_Handler       xl32f0xx_it.o
    0x080019fa   0x080019fa   0x00000002   PAD
    0x080019fc   0x080019fc   0x00000084   Code   RO          221    i.SysTick_Handler   xl32f0xx_it.o
    0x08001a80   0x08001a80   0x000000b4   Code   RO           75    i.SystemClock_Config  main.o
    0x08001b34   0x08001b34   0x0000002c   Code   RO            5    i.SystemInit        system_xl32f0xx.o
    0x08001b60   0x08001b60   0x00000028   Code   RO          274    i.System_Run        app.o
    0x08001b88   0x08001b88   0x00000070   Code   RO         1035    i.TIM1_BRK_UP_TRG_COM_IRQHandler  bsp_driver.o
    0x08001bf8   0x08001bf8   0x00000040   Code   RO          275    i.Task1_infrared_process  app.o
    0x08001c38   0x08001c38   0x0000008c   Code   RO          276    i.Task2_uart_process  app.o
    0x08001cc4   0x08001cc4   0x0000012c   Code   RO          277    i.Task3_100ms_process  app.o
    0x08001df0   0x08001df0   0x00000038   Code   RO         1036    i.USART2_IRQHandler  bsp_driver.o
    0x08001e28   0x08001e28   0x00000040   Code   RO          343    i.UpdateCRC16       ymodem.o
    0x08001e68   0x08001e68   0x00000034   Code   RO          344    i.YmodemCRC         ymodem.o
    0x08001e9c   0x08001e9c   0x00000014   Code   RO         1452    i.__0printf$bare    mc_p.l(printfb.o)
    0x08001eb0   0x08001eb0   0x0000002e   Code   RO         1751    i.__ARM_clz         mf_p.l(depilogue.o)
    0x08001ede   0x08001ede   0x0000001c   Code   RO          326    i.__ARM_common_switch8  app.o
    0x08001efa   0x08001efa   0x0000000e   Code   RO         1761    i.__scatterload_copy  mc_p.l(handlers.o)
    0x08001f08   0x08001f08   0x00000002   Code   RO         1762    i.__scatterload_null  mc_p.l(handlers.o)
    0x08001f0a   0x08001f0a   0x0000000e   Code   RO         1763    i.__scatterload_zeroinit  mc_p.l(handlers.o)
    0x08001f18   0x08001f18   0x0000001e   Code   RO         1459    i._printf_core      mc_p.l(printfb.o)
    0x08001f36   0x08001f36   0x00000002   PAD
    0x08001f38   0x08001f38   0x00000068   Code   RO         1037    i.buzz_mode_set     bsp_driver.o
    0x08001fa0   0x08001fa0   0x0000004c   Code   RO         1187    i.flash_lock        flash_driver.o
    0x08001fec   0x08001fec   0x0000007c   Code   RO         1189    i.flash_program_bytes  flash_driver.o
    0x08002068   0x08002068   0x00000060   Code   RO         1190    i.flash_unlock      flash_driver.o
    0x080020c8   0x080020c8   0x0000002c   Code   RO          406    i.fputc             xl32f003xx_ll_start_kit.o
    0x080020f4   0x080020f4   0x00000062   Code   RO         1038    i.infrared_init     bsp_driver.o
    0x08002156   0x08002156   0x00000002   PAD
    0x08002158   0x08002158   0x000000fc   Code   RO          278    i.infrared_match    app.o
    0x08002254   0x08002254   0x00000068   Code   RO           76    i.main              main.o
    0x080022bc   0x080022bc   0x00000038   Code   RO         1297    i.mb_crc16          modbus_crc.o
    0x080022f4   0x080022f4   0x0000000c   Code   RO           77    i.millis            main.o
    0x08002300   0x08002300   0x00000002   Code   RO           78    i.tick_printf       main.o
    0x08002302   0x08002302   0x00000002   PAD
    0x08002304   0x08002304   0x00000088   Code   RO         1039    i.timer1_init       bsp_driver.o
    0x0800238c   0x0800238c   0x000000dc   Code   RO         1040    i.uart2_init        bsp_driver.o
    0x08002468   0x08002468   0x00000054   Code   RO         1041    i.uart_send_data    bsp_driver.o
    0x080024bc   0x080024bc   0x0000006c   Code   RO          279    i.ymodem_data_process  app.o
    0x08002528   0x08002528   0x000002a8   Code   RO          346    i.ymodem_packet_analysis  ymodem.o
    0x080027d0   0x080027d0   0x0000005c   Code   RO          280    i.ymodem_timeout_process  app.o
    0x0800282c   0x0800282c   0x00000080   Data   RO            7    .constdata          system_xl32f0xx.o
    0x080028ac   0x080028ac   0x00000049   Data   RO          281    .constdata          app.o
    0x080028f5   0x080028f5   0x0000003d   Data   RO          348    .constdata          ymodem.o
    0x08002932   0x08002932   0x000000f0   Data   RO         1043    .constdata          bsp_driver.o
    0x08002a22   0x08002a22   0x0000003e   Data   RO         1192    .constdata          flash_driver.o
    0x08002a60   0x08002a60   0x00000200   Data   RO         1298    .constdata          modbus_crc.o
    0x08002c60   0x08002c60   0x00000020   Data   RO         1759    Region$$Table       anon$$obj.o


    Execution Region RW_IRAM1 (Exec base: 0x20000000, Load base: 0x08002c80, Size: 0x00000958, Max: 0x00002000, ABSOLUTE, COMPRESSED[0x00000048])

    Exec Addr    Load Addr    Size         Type   Attr      Idx    E Section Name        Object

    0x20000000   COMPRESSED   0x000000c0   Data   RW            6    .ARM.__at_0x20000000  system_xl32f0xx.o
    0x200000c0   COMPRESSED   0x00000004   Data   RW            8    .data               system_xl32f0xx.o
    0x200000c4   COMPRESSED   0x00000054   Data   RW          282    .data               app.o
    0x20000118   COMPRESSED   0x00000010   Data   RW         1044    .data               bsp_driver.o
    0x20000128   COMPRESSED   0x00000001   Data   RW         1250    .data               modbus_core.o
    0x20000129   COMPRESSED   0x00000003   PAD
    0x2000012c   COMPRESSED   0x00000018   Data   RW         1381    .data               modbus_user.o
    0x20000144   COMPRESSED   0x00000004   Data   RW         1739    .data               mc_p.l(stdout.o)
    0x20000148        -       0x0000003c   Zero   RW          347    .bss                ymodem.o
    0x20000184        -       0x00000224   Zero   RW         1042    .bss                bsp_driver.o
    0x200003a8        -       0x00000080   Zero   RW         1191    .bss                flash_driver.o
    0x20000428        -       0x00000084   Zero   RW         1248    .bss                modbus_core.o
    0x200004ac        -       0x000000ac   Zero   RW         1379    .bss                modbus_user.o
    0x20000558        -       0x00000400   Zero   RW           65    STACK               startup_xl32f003x6.o


==============================================================================

Image component sizes


      Code (inc. data)   RO Data    RW Data    ZI Data      Debug   Object Name

      1076        184         73         84          0       6972   app.o
      2068        166        240         16        548     101361   bsp_driver.o
       408         92         62          0        128       4748   flash_driver.o
       298         44          0          0          0      52446   main.o
       296         20          0          1        132       4990   modbus_core.o
        56         10        512          0          0       1239   modbus_crc.o
      1092         58          0          0          0       4132   modbus_hook.o
       608         54          0         24        172       7670   modbus_user.o
        28          8        192          0       1024        672   startup_xl32f003x6.o
        96         20        128        196          0     162223   system_xl32f0xx.o
        44          4          0          0          0      12204   xl32f003xx_ll_start_kit.o
       142         12          0          0          0      17935   xl32f0xx_it.o
       288         30          0          0          0       8855   xl32f0xx_ll_exti.o
       250          0          0          0          0       8871   xl32f0xx_ll_gpio.o
       236         36          0          0          0      13753   xl32f0xx_ll_rcc.o
       152         22          0          0          0      29266   xl32f0xx_ll_tim.o
       448          4          0          0          0      14376   xl32f0xx_ll_usart.o
       104         18          0          0          0       4465   xl32f0xx_ll_utils.o
       796         70         61          0         60       3842   ymodem.o

    ----------------------------------------------------------------------
      8496        852       1300        324       2064     460020   Object Totals
         0          0         32          0          0          0   (incl. Generated)
        10          0          0          3          0          0   (incl. Padding)

    ----------------------------------------------------------------------

      Code (inc. data)   RO Data    RW Data    ZI Data      Debug   Library Member Name

        58          0          0          0          0          0   __dczerorl.o
         0          0          0          0          0          0   entry.o
         0          0          0          0          0          0   entry10a.o
         0          0          0          0          0          0   entry11a.o
         4          0          0          0          0          0   entry12b.o
         8          4          0          0          0          0   entry2.o
         4          0          0          0          0          0   entry5.o
         0          0          0          0          0          0   entry7b.o
         0          0          0          0          0          0   entry8b.o
         8          4          0          0          0          0   entry9a.o
        30          0          0          0          0          0   handlers.o
        36          8          0          0          0         68   init.o
         0          0          0          0          0          0   iusefp.o
        32          0          0          0          0         68   llshl.o
        38          0          0          0          0         68   llsshr.o
        34          0          0          0          0         68   llushr.o
        36          0          0          0          0         60   memcpya.o
        36          0          0          0          0        100   memseta.o
        50          8          0          0          0        144   printfb.o
         0          0          0          4          0          0   stdout.o
        44          0          0          0          0         72   uidiv.o
       360          6          0          0          0        140   dadd.o
       240          6          0          0          0         84   ddiv.o
       236          0          0          0          0        216   depilogue.o
        60         10          0          0          0         68   dfixui.o
        40          6          0          0          0         68   dflti.o
        28          4          0          0          0         68   dfltui.o
       208          6          0          0          0         88   dmul.o

    ----------------------------------------------------------------------
      1596         62          0          4          0       1380   Library Totals
         6          0          0          0          0          0   (incl. Padding)

    ----------------------------------------------------------------------

      Code (inc. data)   RO Data    RW Data    ZI Data      Debug   Library Name

       418         24          0          4          0        648   mc_p.l
      1172         38          0          0          0        732   mf_p.l

    ----------------------------------------------------------------------
      1596         62          0          4          0       1380   Library Totals

    ----------------------------------------------------------------------

==============================================================================


      Code (inc. data)   RO Data    RW Data    ZI Data      Debug   

     10092        914       1300        328       2064     457268   Grand Totals
     10092        914       1300         72       2064     457268   ELF Image Totals (compressed)
     10092        914       1300         72          0          0   ROM Totals

==============================================================================

    Total RO  Size (Code + RO Data)                11392 (  11.13kB)
    Total RW  Size (RW Data + ZI Data)              2392 (   2.34kB)
    Total ROM Size (Code + RO Data + RW Data)      11464 (  11.20kB)

==============================================================================

