<html>
<body>
<pre>
<h1>µVision Build Log</h1>
<h2>Tool Versions:</h2>
IDE-Version: ¦ÌVision V5.36.0.0
Copyright (C) 2021 ARM Ltd and ARM Germany GmbH. All rights reserved.
License Information: 123 ºÎÇ¬ºÀ, 123123, LIC=ZB4EI-T291H-9U94U-S9BEL-0IQFX-SE5UR
 
Tool Versions:
Toolchain:       MDK-ARM Plus  Version: 5.36.0.0
Toolchain Path:  E:\Software\MDK5.27\ARM\ARMCC\Bin
C Compiler:      Armcc.exe V5.06 update 7 (build 960)
Assembler:       Armasm.exe V5.06 update 7 (build 960)
Linker/Locator:  ArmLink.exe V5.06 update 7 (build 960)
Library Manager: ArmAr.exe V5.06 update 7 (build 960)
Hex Converter:   FromElf.exe V5.06 update 7 (build 960)
CPU DLL:         SARMCM3.DLL V5.36.0.0
Dialog DLL:      DARMCM1.DLL V1.19.4.0
Target DLL:      STLink\ST-LINKIII-KEIL_SWO.dll V3.0.9.0
Dialog DLL:      TARMCM1.DLL V1.14.4.0
 
<h2>Project:</h2>
E:\work\Z9 Module\RoomCtrl_IR\RoomCtrl_IR\MDK-ARM\Project.uvprojx
Project File Date:  12/28/2023

<h2>Output:</h2>
*** Using Compiler 'V5.06 update 7 (build 960)', folder: 'E:\Software\MDK5.27\ARM\ARMCC\Bin'
Build target 'Target'
compiling flash_driver.c...
..\APP\flash_driver.c(6): warning:  #1295-D: Deprecated declaration WaitForLastOperation - give arg types
  static FlashStatus WaitForLastOperation();
..\APP\flash_driver.c(154): warning:  #1-D: last line of file ends without a newline
  }
..\APP\flash_driver.c(139): warning:  #177-D: function "WaitForLastOperation"  was declared but never referenced
  static FlashStatus WaitForLastOperation()
..\APP\flash_driver.c: 3 warnings, 0 errors
linking...
Program Size: Code=9532 RO-data=1300 RW-data=324 ZI-data=1940  
FromELF: creating hex file...
".\Objects\Target.axf" - 0 Error(s), 3 Warning(s).

<h2>Software Packages used:</h2>

Package Vendor: ARMM0
                http://www.keil.com/pack/ARMM0.ARM32F0xx_DFP.0.0.6.pack
                ARMM0.ARM32F0xx_DFP.0.0.6
                ARMM0 ARM32F0 Series Device Support

<h2>Collection of Component include folders:</h2>
  E:\Software\Document\MDK\ARMM0\ARM32F0xx_DFP\0.0.6\Device\Include

<h2>Collection of Component Files used:</h2>
Build Time Elapsed:  00:00:00
</pre>
</body>
</html>
